[2026-02-04T17:49:04.040+0000] {local_task_job_runner.py:120} INFO - ::group::Pre task execution logs
[2026-02-04T17:49:04.077+0000] {taskinstance.py:2076} INFO - Dependencies all met for dep_context=non-requeueable deps ti=<TaskInstance: minio_to_snowflake.download_minio scheduled__2026-02-04T17:48:00+00:00 [queued]>
[2026-02-04T17:49:04.089+0000] {taskinstance.py:2076} INFO - Dependencies all met for dep_context=requeueable deps ti=<TaskInstance: minio_to_snowflake.download_minio scheduled__2026-02-04T17:48:00+00:00 [queued]>
[2026-02-04T17:49:04.091+0000] {taskinstance.py:2306} INFO - Starting attempt 1 of 2
[2026-02-04T17:49:04.107+0000] {taskinstance.py:2330} INFO - Executing <Task(PythonOperator): download_minio> on 2026-02-04 17:48:00+00:00
[2026-02-04T17:49:04.120+0000] {standard_task_runner.py:90} INFO - Running: ['***', 'tasks', 'run', 'minio_to_snowflake', 'download_minio', 'scheduled__2026-02-04T17:48:00+00:00', '--job-id', '553', '--raw', '--subdir', 'DAGS_FOLDER/minio-snowflake.py', '--cfg-path', '/tmp/tmpn_89zk5a']
[2026-02-04T17:49:04.127+0000] {standard_task_runner.py:91} INFO - Job 553: Subtask download_minio
[2026-02-04T17:49:04.127+0000] {logging_mixin.py:188} WARNING - /home/***/.local/lib/python3.12/site-packages/***/task/task_runner/standard_task_runner.py:62 DeprecationWarning: This process (pid=13740) is multi-threaded, use of fork() may lead to deadlocks in the child.
[2026-02-04T17:49:04.129+0000] {standard_task_runner.py:64} INFO - Started process 13762 to run task
[2026-02-04T17:49:04.198+0000] {task_command.py:426} INFO - Running <TaskInstance: minio_to_snowflake.download_minio scheduled__2026-02-04T17:48:00+00:00 [running]> on host 41904ffa35ec
[2026-02-04T17:49:04.297+0000] {taskinstance.py:2648} INFO - Exporting env vars: AIRFLOW_CTX_DAG_OWNER='***' AIRFLOW_CTX_DAG_ID='minio_to_snowflake' AIRFLOW_CTX_TASK_ID='download_minio' AIRFLOW_CTX_EXECUTION_DATE='2026-02-04T17:48:00+00:00' AIRFLOW_CTX_TRY_NUMBER='1' AIRFLOW_CTX_DAG_RUN_ID='scheduled__2026-02-04T17:48:00+00:00'
[2026-02-04T17:49:04.299+0000] {taskinstance.py:430} INFO - ::endgroup::
[2026-02-04T17:49:04.649+0000] {logging_mixin.py:188} INFO - Downloaded AAPL/1770141223.json -> /tmp/minio_downloads/1770141223.json
[2026-02-04T17:49:04.659+0000] {logging_mixin.py:188} INFO - Downloaded AAPL/1770141232.json -> /tmp/minio_downloads/1770141232.json
[2026-02-04T17:49:04.673+0000] {logging_mixin.py:188} INFO - Downloaded AAPL/1770141241.json -> /tmp/minio_downloads/1770141241.json
[2026-02-04T17:49:04.691+0000] {logging_mixin.py:188} INFO - Downloaded AAPL/1770141249.json -> /tmp/minio_downloads/1770141249.json
[2026-02-04T17:49:04.699+0000] {logging_mixin.py:188} INFO - Downloaded AAPL/1770141259.json -> /tmp/minio_downloads/1770141259.json
[2026-02-04T17:49:04.709+0000] {logging_mixin.py:188} INFO - Downloaded AAPL/1770141269.json -> /tmp/minio_downloads/1770141269.json
[2026-02-04T17:49:04.718+0000] {logging_mixin.py:188} INFO - Downloaded AAPL/1770141280.json -> /tmp/minio_downloads/1770141280.json
[2026-02-04T17:49:04.726+0000] {logging_mixin.py:188} INFO - Downloaded AAPL/1770141290.json -> /tmp/minio_downloads/1770141290.json
[2026-02-04T17:49:04.735+0000] {logging_mixin.py:188} INFO - Downloaded AAPL/1770141302.json -> /tmp/minio_downloads/1770141302.json
[2026-02-04T17:49:04.743+0000] {logging_mixin.py:188} INFO - Downloaded AAPL/1770141312.json -> /tmp/minio_downloads/1770141312.json
[2026-02-04T17:49:04.751+0000] {logging_mixin.py:188} INFO - Downloaded AAPL/1770141322.json -> /tmp/minio_downloads/1770141322.json
[2026-02-04T17:49:04.759+0000] {logging_mixin.py:188} INFO - Downloaded AAPL/1770141332.json -> /tmp/minio_downloads/1770141332.json
[2026-02-04T17:49:04.768+0000] {logging_mixin.py:188} INFO - Downloaded AAPL/1770141342.json -> /tmp/minio_downloads/1770141342.json
[2026-02-04T17:49:04.776+0000] {logging_mixin.py:188} INFO - Downloaded AAPL/1770141351.json -> /tmp/minio_downloads/1770141351.json
[2026-02-04T17:49:04.784+0000] {logging_mixin.py:188} INFO - Downloaded AAPL/1770141360.json -> /tmp/minio_downloads/1770141360.json
[2026-02-04T17:49:04.792+0000] {logging_mixin.py:188} INFO - Downloaded AAPL/1770141370.json -> /tmp/minio_downloads/1770141370.json
[2026-02-04T17:49:04.799+0000] {logging_mixin.py:188} INFO - Downloaded AAPL/1770141379.json -> /tmp/minio_downloads/1770141379.json
[2026-02-04T17:49:04.807+0000] {logging_mixin.py:188} INFO - Downloaded AAPL/1770141388.json -> /tmp/minio_downloads/1770141388.json
[2026-02-04T17:49:04.815+0000] {logging_mixin.py:188} INFO - Downloaded AAPL/1770141398.json -> /tmp/minio_downloads/1770141398.json
[2026-02-04T17:49:04.823+0000] {logging_mixin.py:188} INFO - Downloaded AAPL/1770141406.json -> /tmp/minio_downloads/1770141406.json
[2026-02-04T17:49:04.831+0000] {logging_mixin.py:188} INFO - Downloaded AAPL/1770141416.json -> /tmp/minio_downloads/1770141416.json
[2026-02-04T17:49:04.838+0000] {logging_mixin.py:188} INFO - Downloaded AAPL/1770141428.json -> /tmp/minio_downloads/1770141428.json
[2026-02-04T17:49:04.846+0000] {logging_mixin.py:188} INFO - Downloaded AAPL/1770141439.json -> /tmp/minio_downloads/1770141439.json
[2026-02-04T17:49:04.853+0000] {logging_mixin.py:188} INFO - Downloaded AAPL/1770141450.json -> /tmp/minio_downloads/1770141450.json
[2026-02-04T17:49:05.498+0000] {logging_mixin.py:188} INFO - Downloaded AAPL/1770141461.json -> /tmp/minio_downloads/1770141461.json
[2026-02-04T17:49:05.507+0000] {logging_mixin.py:188} INFO - Downloaded AAPL/1770141473.json -> /tmp/minio_downloads/1770141473.json
[2026-02-04T17:49:05.515+0000] {logging_mixin.py:188} INFO - Downloaded AAPL/1770141484.json -> /tmp/minio_downloads/1770141484.json
[2026-02-04T17:49:05.523+0000] {logging_mixin.py:188} INFO - Downloaded AAPL/1770141495.json -> /tmp/minio_downloads/1770141495.json
[2026-02-04T17:49:05.532+0000] {logging_mixin.py:188} INFO - Downloaded AAPL/1770141507.json -> /tmp/minio_downloads/1770141507.json
[2026-02-04T17:49:05.541+0000] {logging_mixin.py:188} INFO - Downloaded AAPL/1770141518.json -> /tmp/minio_downloads/1770141518.json
[2026-02-04T17:49:05.550+0000] {logging_mixin.py:188} INFO - Downloaded AAPL/1770141529.json -> /tmp/minio_downloads/1770141529.json
[2026-02-04T17:49:05.558+0000] {logging_mixin.py:188} INFO - Downloaded AAPL/1770141540.json -> /tmp/minio_downloads/1770141540.json
[2026-02-04T17:49:05.565+0000] {logging_mixin.py:188} INFO - Downloaded AAPL/1770141552.json -> /tmp/minio_downloads/1770141552.json
[2026-02-04T17:49:06.474+0000] {logging_mixin.py:188} INFO - Downloaded AAPL/1770141563.json -> /tmp/minio_downloads/1770141563.json
[2026-02-04T17:49:06.483+0000] {logging_mixin.py:188} INFO - Downloaded AAPL/1770141574.json -> /tmp/minio_downloads/1770141574.json
[2026-02-04T17:49:06.491+0000] {logging_mixin.py:188} INFO - Downloaded AAPL/1770141585.json -> /tmp/minio_downloads/1770141585.json
[2026-02-04T17:49:06.499+0000] {logging_mixin.py:188} INFO - Downloaded AAPL/1770141596.json -> /tmp/minio_downloads/1770141596.json
[2026-02-04T17:49:06.507+0000] {logging_mixin.py:188} INFO - Downloaded AAPL/1770141607.json -> /tmp/minio_downloads/1770141607.json
[2026-02-04T17:49:06.514+0000] {logging_mixin.py:188} INFO - Downloaded AAPL/1770141619.json -> /tmp/minio_downloads/1770141619.json
[2026-02-04T17:49:06.521+0000] {logging_mixin.py:188} INFO - Downloaded AAPL/1770141631.json -> /tmp/minio_downloads/1770141631.json
[2026-02-04T17:49:06.529+0000] {logging_mixin.py:188} INFO - Downloaded AAPL/1770141642.json -> /tmp/minio_downloads/1770141642.json
[2026-02-04T17:49:06.536+0000] {logging_mixin.py:188} INFO - Downloaded AAPL/1770141654.json -> /tmp/minio_downloads/1770141654.json
[2026-02-04T17:49:06.545+0000] {logging_mixin.py:188} INFO - Downloaded AAPL/1770141665.json -> /tmp/minio_downloads/1770141665.json
[2026-02-04T17:49:06.554+0000] {logging_mixin.py:188} INFO - Downloaded AAPL/1770141677.json -> /tmp/minio_downloads/1770141677.json
[2026-02-04T17:49:06.562+0000] {logging_mixin.py:188} INFO - Downloaded AAPL/1770141688.json -> /tmp/minio_downloads/1770141688.json
[2026-02-04T17:49:06.569+0000] {logging_mixin.py:188} INFO - Downloaded AAPL/1770141699.json -> /tmp/minio_downloads/1770141699.json
[2026-02-04T17:49:06.578+0000] {logging_mixin.py:188} INFO - Downloaded AAPL/1770141711.json -> /tmp/minio_downloads/1770141711.json
[2026-02-04T17:49:06.587+0000] {logging_mixin.py:188} INFO - Downloaded AAPL/1770141719.json -> /tmp/minio_downloads/1770141719.json
[2026-02-04T17:49:06.595+0000] {logging_mixin.py:188} INFO - Downloaded AAPL/1770141728.json -> /tmp/minio_downloads/1770141728.json
[2026-02-04T17:49:06.604+0000] {logging_mixin.py:188} INFO - Downloaded AAPL/1770141737.json -> /tmp/minio_downloads/1770141737.json
[2026-02-04T17:49:06.612+0000] {logging_mixin.py:188} INFO - Downloaded AMZN/1770141224.json -> /tmp/minio_downloads/1770141224.json
[2026-02-04T17:49:06.620+0000] {logging_mixin.py:188} INFO - Downloaded AMZN/1770141233.json -> /tmp/minio_downloads/1770141233.json
[2026-02-04T17:49:06.628+0000] {logging_mixin.py:188} INFO - Downloaded AMZN/1770141242.json -> /tmp/minio_downloads/1770141242.json
[2026-02-04T17:49:06.635+0000] {logging_mixin.py:188} INFO - Downloaded AMZN/1770141251.json -> /tmp/minio_downloads/1770141251.json
[2026-02-04T17:49:06.645+0000] {logging_mixin.py:188} INFO - Downloaded AMZN/1770141260.json -> /tmp/minio_downloads/1770141260.json
[2026-02-04T17:49:06.654+0000] {logging_mixin.py:188} INFO - Downloaded AMZN/1770141273.json -> /tmp/minio_downloads/1770141273.json
[2026-02-04T17:49:06.664+0000] {logging_mixin.py:188} INFO - Downloaded AMZN/1770141282.json -> /tmp/minio_downloads/1770141282.json
[2026-02-04T17:49:06.672+0000] {logging_mixin.py:188} INFO - Downloaded AMZN/1770141294.json -> /tmp/minio_downloads/1770141294.json
[2026-02-04T17:49:06.681+0000] {logging_mixin.py:188} INFO - Downloaded AMZN/1770141305.json -> /tmp/minio_downloads/1770141305.json
[2026-02-04T17:49:06.689+0000] {logging_mixin.py:188} INFO - Downloaded AMZN/1770141315.json -> /tmp/minio_downloads/1770141315.json
[2026-02-04T17:49:06.697+0000] {logging_mixin.py:188} INFO - Downloaded AMZN/1770141324.json -> /tmp/minio_downloads/1770141324.json
[2026-02-04T17:49:06.705+0000] {logging_mixin.py:188} INFO - Downloaded AMZN/1770141335.json -> /tmp/minio_downloads/1770141335.json
[2026-02-04T17:49:06.712+0000] {logging_mixin.py:188} INFO - Downloaded AMZN/1770141344.json -> /tmp/minio_downloads/1770141344.json
[2026-02-04T17:49:06.720+0000] {logging_mixin.py:188} INFO - Downloaded AMZN/1770141353.json -> /tmp/minio_downloads/1770141353.json
[2026-02-04T17:49:06.728+0000] {logging_mixin.py:188} INFO - Downloaded AMZN/1770141362.json -> /tmp/minio_downloads/1770141362.json
[2026-02-04T17:49:06.740+0000] {logging_mixin.py:188} INFO - Downloaded AMZN/1770141372.json -> /tmp/minio_downloads/1770141372.json
[2026-02-04T17:49:06.748+0000] {logging_mixin.py:188} INFO - Downloaded AMZN/1770141380.json -> /tmp/minio_downloads/1770141380.json
[2026-02-04T17:49:06.757+0000] {logging_mixin.py:188} INFO - Downloaded AMZN/1770141391.json -> /tmp/minio_downloads/1770141391.json
[2026-02-04T17:49:06.764+0000] {logging_mixin.py:188} INFO - Downloaded AMZN/1770141399.json -> /tmp/minio_downloads/1770141399.json
[2026-02-04T17:49:06.772+0000] {logging_mixin.py:188} INFO - Downloaded AMZN/1770141409.json -> /tmp/minio_downloads/1770141409.json
[2026-02-04T17:49:06.780+0000] {logging_mixin.py:188} INFO - Downloaded AMZN/1770141420.json -> /tmp/minio_downloads/1770141420.json
[2026-02-04T17:49:06.788+0000] {logging_mixin.py:188} INFO - Downloaded AMZN/1770141431.json -> /tmp/minio_downloads/1770141431.json
[2026-02-04T17:49:06.796+0000] {logging_mixin.py:188} INFO - Downloaded AMZN/1770141442.json -> /tmp/minio_downloads/1770141442.json
[2026-02-04T17:49:06.805+0000] {logging_mixin.py:188} INFO - Downloaded AMZN/1770141453.json -> /tmp/minio_downloads/1770141453.json
[2026-02-04T17:49:06.813+0000] {logging_mixin.py:188} INFO - Downloaded AMZN/1770141465.json -> /tmp/minio_downloads/1770141465.json
[2026-02-04T17:49:06.821+0000] {logging_mixin.py:188} INFO - Downloaded AMZN/1770141476.json -> /tmp/minio_downloads/1770141476.json
[2026-02-04T17:49:06.829+0000] {logging_mixin.py:188} INFO - Downloaded AMZN/1770141487.json -> /tmp/minio_downloads/1770141487.json
[2026-02-04T17:49:06.837+0000] {logging_mixin.py:188} INFO - Downloaded AMZN/1770141498.json -> /tmp/minio_downloads/1770141498.json
[2026-02-04T17:49:06.844+0000] {logging_mixin.py:188} INFO - Downloaded AMZN/1770141510.json -> /tmp/minio_downloads/1770141510.json
[2026-02-04T17:49:06.852+0000] {logging_mixin.py:188} INFO - Downloaded AMZN/1770141521.json -> /tmp/minio_downloads/1770141521.json
[2026-02-04T17:49:06.860+0000] {logging_mixin.py:188} INFO - Downloaded AMZN/1770141532.json -> /tmp/minio_downloads/1770141532.json
[2026-02-04T17:49:06.868+0000] {logging_mixin.py:188} INFO - Downloaded AMZN/1770141543.json -> /tmp/minio_downloads/1770141543.json
[2026-02-04T17:49:06.876+0000] {logging_mixin.py:188} INFO - Downloaded AMZN/1770141555.json -> /tmp/minio_downloads/1770141555.json
[2026-02-04T17:49:06.884+0000] {logging_mixin.py:188} INFO - Downloaded AMZN/1770141566.json -> /tmp/minio_downloads/1770141566.json
[2026-02-04T17:49:06.891+0000] {logging_mixin.py:188} INFO - Downloaded AMZN/1770141577.json -> /tmp/minio_downloads/1770141577.json
[2026-02-04T17:49:06.899+0000] {logging_mixin.py:188} INFO - Downloaded AMZN/1770141588.json -> /tmp/minio_downloads/1770141588.json
[2026-02-04T17:49:06.907+0000] {logging_mixin.py:188} INFO - Downloaded AMZN/1770141599.json -> /tmp/minio_downloads/1770141599.json
[2026-02-04T17:49:06.917+0000] {logging_mixin.py:188} INFO - Downloaded AMZN/1770141611.json -> /tmp/minio_downloads/1770141611.json
[2026-02-04T17:49:06.926+0000] {logging_mixin.py:188} INFO - Downloaded AMZN/1770141623.json -> /tmp/minio_downloads/1770141623.json
[2026-02-04T17:49:06.935+0000] {logging_mixin.py:188} INFO - Downloaded AMZN/1770141634.json -> /tmp/minio_downloads/1770141634.json
[2026-02-04T17:49:06.943+0000] {logging_mixin.py:188} INFO - Downloaded AMZN/1770141646.json -> /tmp/minio_downloads/1770141646.json
[2026-02-04T17:49:06.951+0000] {logging_mixin.py:188} INFO - Downloaded AMZN/1770141657.json -> /tmp/minio_downloads/1770141657.json
[2026-02-04T17:49:06.959+0000] {logging_mixin.py:188} INFO - Downloaded AMZN/1770141669.json -> /tmp/minio_downloads/1770141669.json
[2026-02-04T17:49:06.967+0000] {logging_mixin.py:188} INFO - Downloaded AMZN/1770141680.json -> /tmp/minio_downloads/1770141680.json
[2026-02-04T17:49:06.976+0000] {logging_mixin.py:188} INFO - Downloaded AMZN/1770141691.json -> /tmp/minio_downloads/1770141691.json
[2026-02-04T17:49:06.985+0000] {logging_mixin.py:188} INFO - Downloaded AMZN/1770141703.json -> /tmp/minio_downloads/1770141703.json
[2026-02-04T17:49:06.992+0000] {logging_mixin.py:188} INFO - Downloaded AMZN/1770141712.json -> /tmp/minio_downloads/1770141712.json
[2026-02-04T17:49:07.000+0000] {logging_mixin.py:188} INFO - Downloaded AMZN/1770141721.json -> /tmp/minio_downloads/1770141721.json
[2026-02-04T17:49:07.008+0000] {logging_mixin.py:188} INFO - Downloaded AMZN/1770141730.json -> /tmp/minio_downloads/1770141730.json
[2026-02-04T17:49:07.016+0000] {logging_mixin.py:188} INFO - Downloaded GOOGL/1770141224.json -> /tmp/minio_downloads/1770141224.json
[2026-02-04T17:49:07.026+0000] {logging_mixin.py:188} INFO - Downloaded GOOGL/1770141233.json -> /tmp/minio_downloads/1770141233.json
[2026-02-04T17:49:07.036+0000] {logging_mixin.py:188} INFO - Downloaded GOOGL/1770141242.json -> /tmp/minio_downloads/1770141242.json
[2026-02-04T17:49:07.045+0000] {logging_mixin.py:188} INFO - Downloaded GOOGL/1770141250.json -> /tmp/minio_downloads/1770141250.json
[2026-02-04T17:49:07.052+0000] {logging_mixin.py:188} INFO - Downloaded GOOGL/1770141260.json -> /tmp/minio_downloads/1770141260.json
[2026-02-04T17:49:07.061+0000] {logging_mixin.py:188} INFO - Downloaded GOOGL/1770141272.json -> /tmp/minio_downloads/1770141272.json
[2026-02-04T17:49:07.069+0000] {logging_mixin.py:188} INFO - Downloaded GOOGL/1770141282.json -> /tmp/minio_downloads/1770141282.json
[2026-02-04T17:49:07.077+0000] {logging_mixin.py:188} INFO - Downloaded GOOGL/1770141292.json -> /tmp/minio_downloads/1770141292.json
[2026-02-04T17:49:07.085+0000] {logging_mixin.py:188} INFO - Downloaded GOOGL/1770141305.json -> /tmp/minio_downloads/1770141305.json
[2026-02-04T17:49:07.094+0000] {logging_mixin.py:188} INFO - Downloaded GOOGL/1770141314.json -> /tmp/minio_downloads/1770141314.json
[2026-02-04T17:49:07.101+0000] {logging_mixin.py:188} INFO - Downloaded GOOGL/1770141323.json -> /tmp/minio_downloads/1770141323.json
[2026-02-04T17:49:07.109+0000] {logging_mixin.py:188} INFO - Downloaded GOOGL/1770141334.json -> /tmp/minio_downloads/1770141334.json
[2026-02-04T17:49:07.117+0000] {logging_mixin.py:188} INFO - Downloaded GOOGL/1770141343.json -> /tmp/minio_downloads/1770141343.json
[2026-02-04T17:49:07.125+0000] {logging_mixin.py:188} INFO - Downloaded GOOGL/1770141353.json -> /tmp/minio_downloads/1770141353.json
[2026-02-04T17:49:07.134+0000] {logging_mixin.py:188} INFO - Downloaded GOOGL/1770141361.json -> /tmp/minio_downloads/1770141361.json
[2026-02-04T17:49:07.142+0000] {logging_mixin.py:188} INFO - Downloaded GOOGL/1770141372.json -> /tmp/minio_downloads/1770141372.json
[2026-02-04T17:49:07.149+0000] {logging_mixin.py:188} INFO - Downloaded GOOGL/1770141380.json -> /tmp/minio_downloads/1770141380.json
[2026-02-04T17:49:07.157+0000] {logging_mixin.py:188} INFO - Downloaded GOOGL/1770141390.json -> /tmp/minio_downloads/1770141390.json
[2026-02-04T17:49:07.166+0000] {logging_mixin.py:188} INFO - Downloaded GOOGL/1770141399.json -> /tmp/minio_downloads/1770141399.json
[2026-02-04T17:49:07.174+0000] {logging_mixin.py:188} INFO - Downloaded GOOGL/1770141408.json -> /tmp/minio_downloads/1770141408.json
[2026-02-04T17:49:07.182+0000] {logging_mixin.py:188} INFO - Downloaded GOOGL/1770141419.json -> /tmp/minio_downloads/1770141419.json
[2026-02-04T17:49:07.190+0000] {logging_mixin.py:188} INFO - Downloaded GOOGL/1770141430.json -> /tmp/minio_downloads/1770141430.json
[2026-02-04T17:49:07.198+0000] {logging_mixin.py:188} INFO - Downloaded GOOGL/1770141441.json -> /tmp/minio_downloads/1770141441.json
[2026-02-04T17:49:07.205+0000] {logging_mixin.py:188} INFO - Downloaded GOOGL/1770141452.json -> /tmp/minio_downloads/1770141452.json
[2026-02-04T17:49:07.215+0000] {logging_mixin.py:188} INFO - Downloaded GOOGL/1770141464.json -> /tmp/minio_downloads/1770141464.json
[2026-02-04T17:49:07.223+0000] {logging_mixin.py:188} INFO - Downloaded GOOGL/1770141475.json -> /tmp/minio_downloads/1770141475.json
[2026-02-04T17:49:07.234+0000] {logging_mixin.py:188} INFO - Downloaded GOOGL/1770141486.json -> /tmp/minio_downloads/1770141486.json
[2026-02-04T17:49:07.243+0000] {logging_mixin.py:188} INFO - Downloaded GOOGL/1770141497.json -> /tmp/minio_downloads/1770141497.json
[2026-02-04T17:49:07.251+0000] {logging_mixin.py:188} INFO - Downloaded GOOGL/1770141509.json -> /tmp/minio_downloads/1770141509.json
[2026-02-04T17:49:07.259+0000] {logging_mixin.py:188} INFO - Downloaded GOOGL/1770141520.json -> /tmp/minio_downloads/1770141520.json
[2026-02-04T17:49:07.267+0000] {logging_mixin.py:188} INFO - Downloaded GOOGL/1770141531.json -> /tmp/minio_downloads/1770141531.json
[2026-02-04T17:49:07.276+0000] {logging_mixin.py:188} INFO - Downloaded GOOGL/1770141542.json -> /tmp/minio_downloads/1770141542.json
[2026-02-04T17:49:07.284+0000] {logging_mixin.py:188} INFO - Downloaded GOOGL/1770141554.json -> /tmp/minio_downloads/1770141554.json
[2026-02-04T17:49:07.294+0000] {logging_mixin.py:188} INFO - Downloaded GOOGL/1770141565.json -> /tmp/minio_downloads/1770141565.json
[2026-02-04T17:49:07.302+0000] {logging_mixin.py:188} INFO - Downloaded GOOGL/1770141576.json -> /tmp/minio_downloads/1770141576.json
[2026-02-04T17:49:07.310+0000] {logging_mixin.py:188} INFO - Downloaded GOOGL/1770141587.json -> /tmp/minio_downloads/1770141587.json
[2026-02-04T17:49:07.318+0000] {logging_mixin.py:188} INFO - Downloaded GOOGL/1770141598.json -> /tmp/minio_downloads/1770141598.json
[2026-02-04T17:49:07.326+0000] {logging_mixin.py:188} INFO - Downloaded GOOGL/1770141610.json -> /tmp/minio_downloads/1770141610.json
[2026-02-04T17:49:07.335+0000] {logging_mixin.py:188} INFO - Downloaded GOOGL/1770141622.json -> /tmp/minio_downloads/1770141622.json
[2026-02-04T17:49:07.343+0000] {logging_mixin.py:188} INFO - Downloaded GOOGL/1770141633.json -> /tmp/minio_downloads/1770141633.json
[2026-02-04T17:49:07.352+0000] {logging_mixin.py:188} INFO - Downloaded GOOGL/1770141645.json -> /tmp/minio_downloads/1770141645.json
[2026-02-04T17:49:07.361+0000] {logging_mixin.py:188} INFO - Downloaded GOOGL/1770141656.json -> /tmp/minio_downloads/1770141656.json
[2026-02-04T17:49:07.368+0000] {logging_mixin.py:188} INFO - Downloaded GOOGL/1770141668.json -> /tmp/minio_downloads/1770141668.json
[2026-02-04T17:49:07.377+0000] {logging_mixin.py:188} INFO - Downloaded GOOGL/1770141679.json -> /tmp/minio_downloads/1770141679.json
[2026-02-04T17:49:07.385+0000] {logging_mixin.py:188} INFO - Downloaded GOOGL/1770141690.json -> /tmp/minio_downloads/1770141690.json
[2026-02-04T17:49:07.393+0000] {logging_mixin.py:188} INFO - Downloaded GOOGL/1770141702.json -> /tmp/minio_downloads/1770141702.json
[2026-02-04T17:49:07.402+0000] {logging_mixin.py:188} INFO - Downloaded GOOGL/1770141712.json -> /tmp/minio_downloads/1770141712.json
[2026-02-04T17:49:07.410+0000] {logging_mixin.py:188} INFO - Downloaded GOOGL/1770141720.json -> /tmp/minio_downloads/1770141720.json
[2026-02-04T17:49:07.418+0000] {logging_mixin.py:188} INFO - Downloaded GOOGL/1770141730.json -> /tmp/minio_downloads/1770141730.json
[2026-02-04T17:49:07.426+0000] {logging_mixin.py:188} INFO - Downloaded GOOGL/1770141738.json -> /tmp/minio_downloads/1770141738.json
[2026-02-04T17:49:07.435+0000] {logging_mixin.py:188} INFO - Downloaded MSFT/1770141223.json -> /tmp/minio_downloads/1770141223.json
[2026-02-04T17:49:07.443+0000] {logging_mixin.py:188} INFO - Downloaded MSFT/1770141232.json -> /tmp/minio_downloads/1770141232.json
[2026-02-04T17:49:07.451+0000] {logging_mixin.py:188} INFO - Downloaded MSFT/1770141241.json -> /tmp/minio_downloads/1770141241.json
[2026-02-04T17:49:07.459+0000] {logging_mixin.py:188} INFO - Downloaded MSFT/1770141250.json -> /tmp/minio_downloads/1770141250.json
[2026-02-04T17:49:07.467+0000] {logging_mixin.py:188} INFO - Downloaded MSFT/1770141259.json -> /tmp/minio_downloads/1770141259.json
[2026-02-04T17:49:07.475+0000] {logging_mixin.py:188} INFO - Downloaded MSFT/1770141270.json -> /tmp/minio_downloads/1770141270.json
[2026-02-04T17:49:07.483+0000] {logging_mixin.py:188} INFO - Downloaded MSFT/1770141281.json -> /tmp/minio_downloads/1770141281.json
[2026-02-04T17:49:07.491+0000] {logging_mixin.py:188} INFO - Downloaded MSFT/1770141291.json -> /tmp/minio_downloads/1770141291.json
[2026-02-04T17:49:07.500+0000] {logging_mixin.py:188} INFO - Downloaded MSFT/1770141304.json -> /tmp/minio_downloads/1770141304.json
[2026-02-04T17:49:07.510+0000] {logging_mixin.py:188} INFO - Downloaded MSFT/1770141313.json -> /tmp/minio_downloads/1770141313.json
[2026-02-04T17:49:07.520+0000] {logging_mixin.py:188} INFO - Downloaded MSFT/1770141323.json -> /tmp/minio_downloads/1770141323.json
[2026-02-04T17:49:07.528+0000] {logging_mixin.py:188} INFO - Downloaded MSFT/1770141333.json -> /tmp/minio_downloads/1770141333.json
[2026-02-04T17:49:07.536+0000] {logging_mixin.py:188} INFO - Downloaded MSFT/1770141343.json -> /tmp/minio_downloads/1770141343.json
[2026-02-04T17:49:07.548+0000] {logging_mixin.py:188} INFO - Downloaded MSFT/1770141352.json -> /tmp/minio_downloads/1770141352.json
[2026-02-04T17:49:07.557+0000] {logging_mixin.py:188} INFO - Downloaded MSFT/1770141361.json -> /tmp/minio_downloads/1770141361.json
[2026-02-04T17:49:07.569+0000] {logging_mixin.py:188} INFO - Downloaded MSFT/1770141371.json -> /tmp/minio_downloads/1770141371.json
[2026-02-04T17:49:07.577+0000] {logging_mixin.py:188} INFO - Downloaded MSFT/1770141379.json -> /tmp/minio_downloads/1770141379.json
[2026-02-04T17:49:07.584+0000] {logging_mixin.py:188} INFO - Downloaded MSFT/1770141389.json -> /tmp/minio_downloads/1770141389.json
[2026-02-04T17:49:07.592+0000] {logging_mixin.py:188} INFO - Downloaded MSFT/1770141398.json -> /tmp/minio_downloads/1770141398.json
[2026-02-04T17:49:07.604+0000] {logging_mixin.py:188} INFO - Downloaded MSFT/1770141408.json -> /tmp/minio_downloads/1770141408.json
[2026-02-04T17:49:07.613+0000] {logging_mixin.py:188} INFO - Downloaded MSFT/1770141417.json -> /tmp/minio_downloads/1770141417.json
[2026-02-04T17:49:07.623+0000] {logging_mixin.py:188} INFO - Downloaded MSFT/1770141429.json -> /tmp/minio_downloads/1770141429.json
[2026-02-04T17:49:07.632+0000] {logging_mixin.py:188} INFO - Downloaded MSFT/1770141440.json -> /tmp/minio_downloads/1770141440.json
[2026-02-04T17:49:07.641+0000] {logging_mixin.py:188} INFO - Downloaded MSFT/1770141451.json -> /tmp/minio_downloads/1770141451.json
[2026-02-04T17:49:07.649+0000] {logging_mixin.py:188} INFO - Downloaded MSFT/1770141463.json -> /tmp/minio_downloads/1770141463.json
[2026-02-04T17:49:07.657+0000] {logging_mixin.py:188} INFO - Downloaded MSFT/1770141474.json -> /tmp/minio_downloads/1770141474.json
[2026-02-04T17:49:07.666+0000] {logging_mixin.py:188} INFO - Downloaded MSFT/1770141485.json -> /tmp/minio_downloads/1770141485.json
[2026-02-04T17:49:07.674+0000] {logging_mixin.py:188} INFO - Downloaded MSFT/1770141496.json -> /tmp/minio_downloads/1770141496.json
[2026-02-04T17:49:07.683+0000] {logging_mixin.py:188} INFO - Downloaded MSFT/1770141508.json -> /tmp/minio_downloads/1770141508.json
[2026-02-04T17:49:07.692+0000] {logging_mixin.py:188} INFO - Downloaded MSFT/1770141519.json -> /tmp/minio_downloads/1770141519.json
[2026-02-04T17:49:07.702+0000] {logging_mixin.py:188} INFO - Downloaded MSFT/1770141530.json -> /tmp/minio_downloads/1770141530.json
[2026-02-04T17:49:07.715+0000] {logging_mixin.py:188} INFO - Downloaded MSFT/1770141541.json -> /tmp/minio_downloads/1770141541.json
[2026-02-04T17:49:07.733+0000] {logging_mixin.py:188} INFO - Downloaded MSFT/1770141553.json -> /tmp/minio_downloads/1770141553.json
[2026-02-04T17:49:07.744+0000] {logging_mixin.py:188} INFO - Downloaded MSFT/1770141564.json -> /tmp/minio_downloads/1770141564.json
[2026-02-04T17:49:07.753+0000] {logging_mixin.py:188} INFO - Downloaded MSFT/1770141575.json -> /tmp/minio_downloads/1770141575.json
[2026-02-04T17:49:07.762+0000] {logging_mixin.py:188} INFO - Downloaded MSFT/1770141586.json -> /tmp/minio_downloads/1770141586.json
[2026-02-04T17:49:07.769+0000] {logging_mixin.py:188} INFO - Downloaded MSFT/1770141597.json -> /tmp/minio_downloads/1770141597.json
[2026-02-04T17:49:07.777+0000] {logging_mixin.py:188} INFO - Downloaded MSFT/1770141608.json -> /tmp/minio_downloads/1770141608.json
[2026-02-04T17:49:07.786+0000] {logging_mixin.py:188} INFO - Downloaded MSFT/1770141621.json -> /tmp/minio_downloads/1770141621.json
[2026-02-04T17:49:07.794+0000] {logging_mixin.py:188} INFO - Downloaded MSFT/1770141632.json -> /tmp/minio_downloads/1770141632.json
[2026-02-04T17:49:07.801+0000] {logging_mixin.py:188} INFO - Downloaded MSFT/1770141644.json -> /tmp/minio_downloads/1770141644.json
[2026-02-04T17:49:07.808+0000] {logging_mixin.py:188} INFO - Downloaded MSFT/1770141655.json -> /tmp/minio_downloads/1770141655.json
[2026-02-04T17:49:07.816+0000] {logging_mixin.py:188} INFO - Downloaded MSFT/1770141666.json -> /tmp/minio_downloads/1770141666.json
[2026-02-04T17:49:07.824+0000] {logging_mixin.py:188} INFO - Downloaded MSFT/1770141678.json -> /tmp/minio_downloads/1770141678.json
[2026-02-04T17:49:07.833+0000] {logging_mixin.py:188} INFO - Downloaded MSFT/1770141689.json -> /tmp/minio_downloads/1770141689.json
[2026-02-04T17:49:07.841+0000] {logging_mixin.py:188} INFO - Downloaded MSFT/1770141701.json -> /tmp/minio_downloads/1770141701.json
[2026-02-04T17:49:07.849+0000] {logging_mixin.py:188} INFO - Downloaded MSFT/1770141711.json -> /tmp/minio_downloads/1770141711.json
[2026-02-04T17:49:07.856+0000] {logging_mixin.py:188} INFO - Downloaded MSFT/1770141720.json -> /tmp/minio_downloads/1770141720.json
[2026-02-04T17:49:07.865+0000] {logging_mixin.py:188} INFO - Downloaded MSFT/1770141729.json -> /tmp/minio_downloads/1770141729.json
[2026-02-04T17:49:07.872+0000] {logging_mixin.py:188} INFO - Downloaded MSFT/1770141738.json -> /tmp/minio_downloads/1770141738.json
[2026-02-04T17:49:07.884+0000] {logging_mixin.py:188} INFO - Downloaded TSLA/1770141225.json -> /tmp/minio_downloads/1770141225.json
[2026-02-04T17:49:07.893+0000] {logging_mixin.py:188} INFO - Downloaded TSLA/1770141234.json -> /tmp/minio_downloads/1770141234.json
[2026-02-04T17:49:07.904+0000] {logging_mixin.py:188} INFO - Downloaded TSLA/1770141243.json -> /tmp/minio_downloads/1770141243.json
[2026-02-04T17:49:07.915+0000] {logging_mixin.py:188} INFO - Downloaded TSLA/1770141252.json -> /tmp/minio_downloads/1770141252.json
[2026-02-04T17:49:07.924+0000] {logging_mixin.py:188} INFO - Downloaded TSLA/1770141261.json -> /tmp/minio_downloads/1770141261.json
[2026-02-04T17:49:07.933+0000] {logging_mixin.py:188} INFO - Downloaded TSLA/1770141273.json -> /tmp/minio_downloads/1770141273.json
[2026-02-04T17:49:07.943+0000] {logging_mixin.py:188} INFO - Downloaded TSLA/1770141283.json -> /tmp/minio_downloads/1770141283.json
[2026-02-04T17:49:07.953+0000] {logging_mixin.py:188} INFO - Downloaded TSLA/1770141295.json -> /tmp/minio_downloads/1770141295.json
[2026-02-04T17:49:07.963+0000] {logging_mixin.py:188} INFO - Downloaded TSLA/1770141306.json -> /tmp/minio_downloads/1770141306.json
[2026-02-04T17:49:07.975+0000] {logging_mixin.py:188} INFO - Downloaded TSLA/1770141316.json -> /tmp/minio_downloads/1770141316.json
[2026-02-04T17:49:07.987+0000] {logging_mixin.py:188} INFO - Downloaded TSLA/1770141325.json -> /tmp/minio_downloads/1770141325.json
[2026-02-04T17:49:07.998+0000] {logging_mixin.py:188} INFO - Downloaded TSLA/1770141335.json -> /tmp/minio_downloads/1770141335.json
[2026-02-04T17:49:08.009+0000] {logging_mixin.py:188} INFO - Downloaded TSLA/1770141345.json -> /tmp/minio_downloads/1770141345.json
[2026-02-04T17:49:08.018+0000] {logging_mixin.py:188} INFO - Downloaded TSLA/1770141354.json -> /tmp/minio_downloads/1770141354.json
[2026-02-04T17:49:08.030+0000] {logging_mixin.py:188} INFO - Downloaded TSLA/1770141363.json -> /tmp/minio_downloads/1770141363.json
[2026-02-04T17:49:08.039+0000] {logging_mixin.py:188} INFO - Downloaded TSLA/1770141372.json -> /tmp/minio_downloads/1770141372.json
[2026-02-04T17:49:08.050+0000] {logging_mixin.py:188} INFO - Downloaded TSLA/1770141381.json -> /tmp/minio_downloads/1770141381.json
[2026-02-04T17:49:08.060+0000] {logging_mixin.py:188} INFO - Downloaded TSLA/1770141391.json -> /tmp/minio_downloads/1770141391.json
[2026-02-04T17:49:08.072+0000] {logging_mixin.py:188} INFO - Downloaded TSLA/1770141400.json -> /tmp/minio_downloads/1770141400.json
[2026-02-04T17:49:08.088+0000] {logging_mixin.py:188} INFO - Downloaded TSLA/1770141409.json -> /tmp/minio_downloads/1770141409.json
[2026-02-04T17:49:08.103+0000] {logging_mixin.py:188} INFO - Downloaded TSLA/1770141421.json -> /tmp/minio_downloads/1770141421.json
[2026-02-04T17:49:08.118+0000] {logging_mixin.py:188} INFO - Downloaded TSLA/1770141432.json -> /tmp/minio_downloads/1770141432.json
[2026-02-04T17:49:08.129+0000] {logging_mixin.py:188} INFO - Downloaded TSLA/1770141443.json -> /tmp/minio_downloads/1770141443.json
[2026-02-04T17:49:08.141+0000] {logging_mixin.py:188} INFO - Downloaded TSLA/1770141454.json -> /tmp/minio_downloads/1770141454.json
[2026-02-04T17:49:08.156+0000] {logging_mixin.py:188} INFO - Downloaded TSLA/1770141466.json -> /tmp/minio_downloads/1770141466.json
[2026-02-04T17:49:08.170+0000] {logging_mixin.py:188} INFO - Downloaded TSLA/1770141477.json -> /tmp/minio_downloads/1770141477.json
[2026-02-04T17:49:08.185+0000] {logging_mixin.py:188} INFO - Downloaded TSLA/1770141488.json -> /tmp/minio_downloads/1770141488.json
[2026-02-04T17:49:08.194+0000] {logging_mixin.py:188} INFO - Downloaded TSLA/1770141499.json -> /tmp/minio_downloads/1770141499.json
[2026-02-04T17:49:08.204+0000] {logging_mixin.py:188} INFO - Downloaded TSLA/1770141511.json -> /tmp/minio_downloads/1770141511.json
[2026-02-04T17:49:08.213+0000] {logging_mixin.py:188} INFO - Downloaded TSLA/1770141522.json -> /tmp/minio_downloads/1770141522.json
[2026-02-04T17:49:08.222+0000] {logging_mixin.py:188} INFO - Downloaded TSLA/1770141533.json -> /tmp/minio_downloads/1770141533.json
[2026-02-04T17:49:08.234+0000] {logging_mixin.py:188} INFO - Downloaded TSLA/1770141545.json -> /tmp/minio_downloads/1770141545.json
[2026-02-04T17:49:08.246+0000] {logging_mixin.py:188} INFO - Downloaded TSLA/1770141556.json -> /tmp/minio_downloads/1770141556.json
[2026-02-04T17:49:08.259+0000] {logging_mixin.py:188} INFO - Downloaded TSLA/1770141567.json -> /tmp/minio_downloads/1770141567.json
[2026-02-04T17:49:08.272+0000] {logging_mixin.py:188} INFO - Downloaded TSLA/1770141578.json -> /tmp/minio_downloads/1770141578.json
[2026-02-04T17:49:08.291+0000] {logging_mixin.py:188} INFO - Downloaded TSLA/1770141589.json -> /tmp/minio_downloads/1770141589.json
[2026-02-04T17:49:08.310+0000] {logging_mixin.py:188} INFO - Downloaded TSLA/1770141600.json -> /tmp/minio_downloads/1770141600.json
[2026-02-04T17:49:08.325+0000] {logging_mixin.py:188} INFO - Downloaded TSLA/1770141612.json -> /tmp/minio_downloads/1770141612.json
[2026-02-04T17:49:08.340+0000] {logging_mixin.py:188} INFO - Downloaded TSLA/1770141624.json -> /tmp/minio_downloads/1770141624.json
[2026-02-04T17:49:08.351+0000] {logging_mixin.py:188} INFO - Downloaded TSLA/1770141635.json -> /tmp/minio_downloads/1770141635.json
[2026-02-04T17:49:08.362+0000] {logging_mixin.py:188} INFO - Downloaded TSLA/1770141647.json -> /tmp/minio_downloads/1770141647.json
[2026-02-04T17:49:08.372+0000] {logging_mixin.py:188} INFO - Downloaded TSLA/1770141658.json -> /tmp/minio_downloads/1770141658.json
[2026-02-04T17:49:08.382+0000] {logging_mixin.py:188} INFO - Downloaded TSLA/1770141670.json -> /tmp/minio_downloads/1770141670.json
[2026-02-04T17:49:08.393+0000] {logging_mixin.py:188} INFO - Downloaded TSLA/1770141681.json -> /tmp/minio_downloads/1770141681.json
[2026-02-04T17:49:08.404+0000] {logging_mixin.py:188} INFO - Downloaded TSLA/1770141692.json -> /tmp/minio_downloads/1770141692.json
[2026-02-04T17:49:08.415+0000] {logging_mixin.py:188} INFO - Downloaded TSLA/1770141703.json -> /tmp/minio_downloads/1770141703.json
[2026-02-04T17:49:08.428+0000] {logging_mixin.py:188} INFO - Downloaded TSLA/1770141713.json -> /tmp/minio_downloads/1770141713.json
[2026-02-04T17:49:08.438+0000] {logging_mixin.py:188} INFO - Downloaded TSLA/1770141722.json -> /tmp/minio_downloads/1770141722.json
[2026-02-04T17:49:08.447+0000] {logging_mixin.py:188} INFO - Downloaded TSLA/1770141731.json -> /tmp/minio_downloads/1770141731.json
[2026-02-04T17:49:08.448+0000] {python.py:237} INFO - Done. Returned value was: ['/tmp/minio_downloads/1770141223.json', '/tmp/minio_downloads/1770141232.json', '/tmp/minio_downloads/1770141241.json', '/tmp/minio_downloads/1770141249.json', '/tmp/minio_downloads/1770141259.json', '/tmp/minio_downloads/1770141269.json', '/tmp/minio_downloads/1770141280.json', '/tmp/minio_downloads/1770141290.json', '/tmp/minio_downloads/1770141302.json', '/tmp/minio_downloads/1770141312.json', '/tmp/minio_downloads/1770141322.json', '/tmp/minio_downloads/1770141332.json', '/tmp/minio_downloads/1770141342.json', '/tmp/minio_downloads/1770141351.json', '/tmp/minio_downloads/1770141360.json', '/tmp/minio_downloads/1770141370.json', '/tmp/minio_downloads/1770141379.json', '/tmp/minio_downloads/1770141388.json', '/tmp/minio_downloads/1770141398.json', '/tmp/minio_downloads/1770141406.json', '/tmp/minio_downloads/1770141416.json', '/tmp/minio_downloads/1770141428.json', '/tmp/minio_downloads/1770141439.json', '/tmp/minio_downloads/1770141450.json', '/tmp/minio_downloads/1770141461.json', '/tmp/minio_downloads/1770141473.json', '/tmp/minio_downloads/1770141484.json', '/tmp/minio_downloads/1770141495.json', '/tmp/minio_downloads/1770141507.json', '/tmp/minio_downloads/1770141518.json', '/tmp/minio_downloads/1770141529.json', '/tmp/minio_downloads/1770141540.json', '/tmp/minio_downloads/1770141552.json', '/tmp/minio_downloads/1770141563.json', '/tmp/minio_downloads/1770141574.json', '/tmp/minio_downloads/1770141585.json', '/tmp/minio_downloads/1770141596.json', '/tmp/minio_downloads/1770141607.json', '/tmp/minio_downloads/1770141619.json', '/tmp/minio_downloads/1770141631.json', '/tmp/minio_downloads/1770141642.json', '/tmp/minio_downloads/1770141654.json', '/tmp/minio_downloads/1770141665.json', '/tmp/minio_downloads/1770141677.json', '/tmp/minio_downloads/1770141688.json', '/tmp/minio_downloads/1770141699.json', '/tmp/minio_downloads/1770141711.json', '/tmp/minio_downloads/1770141719.json', '/tmp/minio_downloads/1770141728.json', '/tmp/minio_downloads/1770141737.json', '/tmp/minio_downloads/1770141224.json', '/tmp/minio_downloads/1770141233.json', '/tmp/minio_downloads/1770141242.json', '/tmp/minio_downloads/1770141251.json', '/tmp/minio_downloads/1770141260.json', '/tmp/minio_downloads/1770141273.json', '/tmp/minio_downloads/1770141282.json', '/tmp/minio_downloads/1770141294.json', '/tmp/minio_downloads/1770141305.json', '/tmp/minio_downloads/1770141315.json', '/tmp/minio_downloads/1770141324.json', '/tmp/minio_downloads/1770141335.json', '/tmp/minio_downloads/1770141344.json', '/tmp/minio_downloads/1770141353.json', '/tmp/minio_downloads/1770141362.json', '/tmp/minio_downloads/1770141372.json', '/tmp/minio_downloads/1770141380.json', '/tmp/minio_downloads/1770141391.json', '/tmp/minio_downloads/1770141399.json', '/tmp/minio_downloads/1770141409.json', '/tmp/minio_downloads/1770141420.json', '/tmp/minio_downloads/1770141431.json', '/tmp/minio_downloads/1770141442.json', '/tmp/minio_downloads/1770141453.json', '/tmp/minio_downloads/1770141465.json', '/tmp/minio_downloads/1770141476.json', '/tmp/minio_downloads/1770141487.json', '/tmp/minio_downloads/1770141498.json', '/tmp/minio_downloads/1770141510.json', '/tmp/minio_downloads/1770141521.json', '/tmp/minio_downloads/1770141532.json', '/tmp/minio_downloads/1770141543.json', '/tmp/minio_downloads/1770141555.json', '/tmp/minio_downloads/1770141566.json', '/tmp/minio_downloads/1770141577.json', '/tmp/minio_downloads/1770141588.json', '/tmp/minio_downloads/1770141599.json', '/tmp/minio_downloads/1770141611.json', '/tmp/minio_downloads/1770141623.json', '/tmp/minio_downloads/1770141634.json', '/tmp/minio_downloads/1770141646.json', '/tmp/minio_downloads/1770141657.json', '/tmp/minio_downloads/1770141669.json', '/tmp/minio_downloads/1770141680.json', '/tmp/minio_downloads/1770141691.json', '/tmp/minio_downloads/1770141703.json', '/tmp/minio_downloads/1770141712.json', '/tmp/minio_downloads/1770141721.json', '/tmp/minio_downloads/1770141730.json', '/tmp/minio_downloads/1770141224.json', '/tmp/minio_downloads/1770141233.json', '/tmp/minio_downloads/1770141242.json', '/tmp/minio_downloads/1770141250.json', '/tmp/minio_downloads/1770141260.json', '/tmp/minio_downloads/1770141272.json', '/tmp/minio_downloads/1770141282.json', '/tmp/minio_downloads/1770141292.json', '/tmp/minio_downloads/1770141305.json', '/tmp/minio_downloads/1770141314.json', '/tmp/minio_downloads/1770141323.json', '/tmp/minio_downloads/1770141334.json', '/tmp/minio_downloads/1770141343.json', '/tmp/minio_downloads/1770141353.json', '/tmp/minio_downloads/1770141361.json', '/tmp/minio_downloads/1770141372.json', '/tmp/minio_downloads/1770141380.json', '/tmp/minio_downloads/1770141390.json', '/tmp/minio_downloads/1770141399.json', '/tmp/minio_downloads/1770141408.json', '/tmp/minio_downloads/1770141419.json', '/tmp/minio_downloads/1770141430.json', '/tmp/minio_downloads/1770141441.json', '/tmp/minio_downloads/1770141452.json', '/tmp/minio_downloads/1770141464.json', '/tmp/minio_downloads/1770141475.json', '/tmp/minio_downloads/1770141486.json', '/tmp/minio_downloads/1770141497.json', '/tmp/minio_downloads/1770141509.json', '/tmp/minio_downloads/1770141520.json', '/tmp/minio_downloads/1770141531.json', '/tmp/minio_downloads/1770141542.json', '/tmp/minio_downloads/1770141554.json', '/tmp/minio_downloads/1770141565.json', '/tmp/minio_downloads/1770141576.json', '/tmp/minio_downloads/1770141587.json', '/tmp/minio_downloads/1770141598.json', '/tmp/minio_downloads/1770141610.json', '/tmp/minio_downloads/1770141622.json', '/tmp/minio_downloads/1770141633.json', '/tmp/minio_downloads/1770141645.json', '/tmp/minio_downloads/1770141656.json', '/tmp/minio_downloads/1770141668.json', '/tmp/minio_downloads/1770141679.json', '/tmp/minio_downloads/1770141690.json', '/tmp/minio_downloads/1770141702.json', '/tmp/minio_downloads/1770141712.json', '/tmp/minio_downloads/1770141720.json', '/tmp/minio_downloads/1770141730.json', '/tmp/minio_downloads/1770141738.json', '/tmp/minio_downloads/1770141223.json', '/tmp/minio_downloads/1770141232.json', '/tmp/minio_downloads/1770141241.json', '/tmp/minio_downloads/1770141250.json', '/tmp/minio_downloads/1770141259.json', '/tmp/minio_downloads/1770141270.json', '/tmp/minio_downloads/1770141281.json', '/tmp/minio_downloads/1770141291.json', '/tmp/minio_downloads/1770141304.json', '/tmp/minio_downloads/1770141313.json', '/tmp/minio_downloads/1770141323.json', '/tmp/minio_downloads/1770141333.json', '/tmp/minio_downloads/1770141343.json', '/tmp/minio_downloads/1770141352.json', '/tmp/minio_downloads/1770141361.json', '/tmp/minio_downloads/1770141371.json', '/tmp/minio_downloads/1770141379.json', '/tmp/minio_downloads/1770141389.json', '/tmp/minio_downloads/1770141398.json', '/tmp/minio_downloads/1770141408.json', '/tmp/minio_downloads/1770141417.json', '/tmp/minio_downloads/1770141429.json', '/tmp/minio_downloads/1770141440.json', '/tmp/minio_downloads/1770141451.json', '/tmp/minio_downloads/1770141463.json', '/tmp/minio_downloads/1770141474.json', '/tmp/minio_downloads/1770141485.json', '/tmp/minio_downloads/1770141496.json', '/tmp/minio_downloads/1770141508.json', '/tmp/minio_downloads/1770141519.json', '/tmp/minio_downloads/1770141530.json', '/tmp/minio_downloads/1770141541.json', '/tmp/minio_downloads/1770141553.json', '/tmp/minio_downloads/1770141564.json', '/tmp/minio_downloads/1770141575.json', '/tmp/minio_downloads/1770141586.json', '/tmp/minio_downloads/1770141597.json', '/tmp/minio_downloads/1770141608.json', '/tmp/minio_downloads/1770141621.json', '/tmp/minio_downloads/1770141632.json', '/tmp/minio_downloads/1770141644.json', '/tmp/minio_downloads/1770141655.json', '/tmp/minio_downloads/1770141666.json', '/tmp/minio_downloads/1770141678.json', '/tmp/minio_downloads/1770141689.json', '/tmp/minio_downloads/1770141701.json', '/tmp/minio_downloads/1770141711.json', '/tmp/minio_downloads/1770141720.json', '/tmp/minio_downloads/1770141729.json', '/tmp/minio_downloads/1770141738.json', '/tmp/minio_downloads/1770141225.json', '/tmp/minio_downloads/1770141234.json', '/tmp/minio_downloads/1770141243.json', '/tmp/minio_downloads/1770141252.json', '/tmp/minio_downloads/1770141261.json', '/tmp/minio_downloads/1770141273.json', '/tmp/minio_downloads/1770141283.json', '/tmp/minio_downloads/1770141295.json', '/tmp/minio_downloads/1770141306.json', '/tmp/minio_downloads/1770141316.json', '/tmp/minio_downloads/1770141325.json', '/tmp/minio_downloads/1770141335.json', '/tmp/minio_downloads/1770141345.json', '/tmp/minio_downloads/1770141354.json', '/tmp/minio_downloads/1770141363.json', '/tmp/minio_downloads/1770141372.json', '/tmp/minio_downloads/1770141381.json', '/tmp/minio_downloads/1770141391.json', '/tmp/minio_downloads/1770141400.json', '/tmp/minio_downloads/1770141409.json', '/tmp/minio_downloads/1770141421.json', '/tmp/minio_downloads/1770141432.json', '/tmp/minio_downloads/1770141443.json', '/tmp/minio_downloads/1770141454.json', '/tmp/minio_downloads/1770141466.json', '/tmp/minio_downloads/1770141477.json', '/tmp/minio_downloads/1770141488.json', '/tmp/minio_downloads/1770141499.json', '/tmp/minio_downloads/1770141511.json', '/tmp/minio_downloads/1770141522.json', '/tmp/minio_downloads/1770141533.json', '/tmp/minio_downloads/1770141545.json', '/tmp/minio_downloads/1770141556.json', '/tmp/minio_downloads/1770141567.json', '/tmp/minio_downloads/1770141578.json', '/tmp/minio_downloads/1770141589.json', '/tmp/minio_downloads/1770141600.json', '/tmp/minio_downloads/1770141612.json', '/tmp/minio_downloads/1770141624.json', '/tmp/minio_downloads/1770141635.json', '/tmp/minio_downloads/1770141647.json', '/tmp/minio_downloads/1770141658.json', '/tmp/minio_downloads/1770141670.json', '/tmp/minio_downloads/1770141681.json', '/tmp/minio_downloads/1770141692.json', '/tmp/minio_downloads/1770141703.json', '/tmp/minio_downloads/1770141713.json', '/tmp/minio_downloads/1770141722.json', '/tmp/minio_downloads/1770141731.json']
[2026-02-04T17:49:08.451+0000] {taskinstance.py:441} INFO - ::group::Post task execution logs
[2026-02-04T17:49:08.489+0000] {taskinstance.py:1206} INFO - Marking task as SUCCESS. dag_id=minio_to_snowflake, task_id=download_minio, run_id=scheduled__2026-02-04T17:48:00+00:00, execution_date=20260204T174800, start_date=20260204T174904, end_date=20260204T174908
[2026-02-04T17:49:08.529+0000] {local_task_job_runner.py:243} INFO - Task exited with return code 0
[2026-02-04T17:49:08.556+0000] {taskinstance.py:3503} INFO - 1 downstream tasks scheduled from follow-on schedule check
[2026-02-04T17:49:08.560+0000] {local_task_job_runner.py:222} INFO - ::endgroup::
