[2026-02-03T20:27:05.493+0000] {local_task_job_runner.py:120} INFO - ::group::Pre task execution logs
[2026-02-03T20:27:05.547+0000] {taskinstance.py:2076} INFO - Dependencies all met for dep_context=non-requeueable deps ti=<TaskInstance: minio_to_snowflake.download_minio scheduled__2026-02-03T20:26:00+00:00 [queued]>
[2026-02-03T20:27:05.564+0000] {taskinstance.py:2076} INFO - Dependencies all met for dep_context=requeueable deps ti=<TaskInstance: minio_to_snowflake.download_minio scheduled__2026-02-03T20:26:00+00:00 [queued]>
[2026-02-03T20:27:05.567+0000] {taskinstance.py:2306} INFO - Starting attempt 1 of 2
[2026-02-03T20:27:05.588+0000] {taskinstance.py:2330} INFO - Executing <Task(PythonOperator): download_minio> on 2026-02-03 20:26:00+00:00
[2026-02-03T20:27:05.605+0000] {standard_task_runner.py:90} INFO - Running: ['***', 'tasks', 'run', 'minio_to_snowflake', 'download_minio', 'scheduled__2026-02-03T20:26:00+00:00', '--job-id', '288', '--raw', '--subdir', 'DAGS_FOLDER/minio-snowflake.py', '--cfg-path', '/tmp/tmp2wcsxava']
[2026-02-03T20:27:05.612+0000] {logging_mixin.py:188} WARNING - /home/***/.local/lib/python3.12/site-packages/***/task/task_runner/standard_task_runner.py:62 DeprecationWarning: This process (pid=8382) is multi-threaded, use of fork() may lead to deadlocks in the child.
[2026-02-03T20:27:05.612+0000] {standard_task_runner.py:91} INFO - Job 288: Subtask download_minio
[2026-02-03T20:27:05.613+0000] {standard_task_runner.py:64} INFO - Started process 8404 to run task
[2026-02-03T20:27:05.708+0000] {task_command.py:426} INFO - Running <TaskInstance: minio_to_snowflake.download_minio scheduled__2026-02-03T20:26:00+00:00 [running]> on host 41904ffa35ec
[2026-02-03T20:27:05.858+0000] {taskinstance.py:2648} INFO - Exporting env vars: AIRFLOW_CTX_DAG_OWNER='***' AIRFLOW_CTX_DAG_ID='minio_to_snowflake' AIRFLOW_CTX_TASK_ID='download_minio' AIRFLOW_CTX_EXECUTION_DATE='2026-02-03T20:26:00+00:00' AIRFLOW_CTX_TRY_NUMBER='1' AIRFLOW_CTX_DAG_RUN_ID='scheduled__2026-02-03T20:26:00+00:00'
[2026-02-03T20:27:05.861+0000] {taskinstance.py:430} INFO - ::endgroup::
[2026-02-03T20:27:06.350+0000] {logging_mixin.py:188} INFO - Downloaded AAPL/1770141223.json -> /tmp/minio_downloads/1770141223.json
[2026-02-03T20:27:06.369+0000] {logging_mixin.py:188} INFO - Downloaded AAPL/1770141232.json -> /tmp/minio_downloads/1770141232.json
[2026-02-03T20:27:06.385+0000] {logging_mixin.py:188} INFO - Downloaded AAPL/1770141241.json -> /tmp/minio_downloads/1770141241.json
[2026-02-03T20:27:06.401+0000] {logging_mixin.py:188} INFO - Downloaded AAPL/1770141249.json -> /tmp/minio_downloads/1770141249.json
[2026-02-03T20:27:06.416+0000] {logging_mixin.py:188} INFO - Downloaded AAPL/1770141259.json -> /tmp/minio_downloads/1770141259.json
[2026-02-03T20:27:06.432+0000] {logging_mixin.py:188} INFO - Downloaded AAPL/1770141269.json -> /tmp/minio_downloads/1770141269.json
[2026-02-03T20:27:06.446+0000] {logging_mixin.py:188} INFO - Downloaded AAPL/1770141280.json -> /tmp/minio_downloads/1770141280.json
[2026-02-03T20:27:06.461+0000] {logging_mixin.py:188} INFO - Downloaded AAPL/1770141290.json -> /tmp/minio_downloads/1770141290.json
[2026-02-03T20:27:06.475+0000] {logging_mixin.py:188} INFO - Downloaded AAPL/1770141302.json -> /tmp/minio_downloads/1770141302.json
[2026-02-03T20:27:06.488+0000] {logging_mixin.py:188} INFO - Downloaded AAPL/1770141312.json -> /tmp/minio_downloads/1770141312.json
[2026-02-03T20:27:06.501+0000] {logging_mixin.py:188} INFO - Downloaded AAPL/1770141322.json -> /tmp/minio_downloads/1770141322.json
[2026-02-03T20:27:06.513+0000] {logging_mixin.py:188} INFO - Downloaded AAPL/1770141332.json -> /tmp/minio_downloads/1770141332.json
[2026-02-03T20:27:06.526+0000] {logging_mixin.py:188} INFO - Downloaded AAPL/1770141342.json -> /tmp/minio_downloads/1770141342.json
[2026-02-03T20:27:06.538+0000] {logging_mixin.py:188} INFO - Downloaded AAPL/1770141351.json -> /tmp/minio_downloads/1770141351.json
[2026-02-03T20:27:06.551+0000] {logging_mixin.py:188} INFO - Downloaded AAPL/1770141360.json -> /tmp/minio_downloads/1770141360.json
[2026-02-03T20:27:06.563+0000] {logging_mixin.py:188} INFO - Downloaded AAPL/1770141370.json -> /tmp/minio_downloads/1770141370.json
[2026-02-03T20:27:06.576+0000] {logging_mixin.py:188} INFO - Downloaded AAPL/1770141379.json -> /tmp/minio_downloads/1770141379.json
[2026-02-03T20:27:06.590+0000] {logging_mixin.py:188} INFO - Downloaded AAPL/1770141388.json -> /tmp/minio_downloads/1770141388.json
[2026-02-03T20:27:06.603+0000] {logging_mixin.py:188} INFO - Downloaded AAPL/1770141398.json -> /tmp/minio_downloads/1770141398.json
[2026-02-03T20:27:06.616+0000] {logging_mixin.py:188} INFO - Downloaded AAPL/1770141406.json -> /tmp/minio_downloads/1770141406.json
[2026-02-03T20:27:06.631+0000] {logging_mixin.py:188} INFO - Downloaded AAPL/1770141416.json -> /tmp/minio_downloads/1770141416.json
[2026-02-03T20:27:06.645+0000] {logging_mixin.py:188} INFO - Downloaded AAPL/1770141428.json -> /tmp/minio_downloads/1770141428.json
[2026-02-03T20:27:06.658+0000] {logging_mixin.py:188} INFO - Downloaded AAPL/1770141439.json -> /tmp/minio_downloads/1770141439.json
[2026-02-03T20:27:06.670+0000] {logging_mixin.py:188} INFO - Downloaded AAPL/1770141450.json -> /tmp/minio_downloads/1770141450.json
[2026-02-03T20:27:06.683+0000] {logging_mixin.py:188} INFO - Downloaded AAPL/1770141461.json -> /tmp/minio_downloads/1770141461.json
[2026-02-03T20:27:06.695+0000] {logging_mixin.py:188} INFO - Downloaded AAPL/1770141473.json -> /tmp/minio_downloads/1770141473.json
[2026-02-03T20:27:06.709+0000] {logging_mixin.py:188} INFO - Downloaded AAPL/1770141484.json -> /tmp/minio_downloads/1770141484.json
[2026-02-03T20:27:06.722+0000] {logging_mixin.py:188} INFO - Downloaded AAPL/1770141495.json -> /tmp/minio_downloads/1770141495.json
[2026-02-03T20:27:06.735+0000] {logging_mixin.py:188} INFO - Downloaded AAPL/1770141507.json -> /tmp/minio_downloads/1770141507.json
[2026-02-03T20:27:06.748+0000] {logging_mixin.py:188} INFO - Downloaded AAPL/1770141518.json -> /tmp/minio_downloads/1770141518.json
[2026-02-03T20:27:06.760+0000] {logging_mixin.py:188} INFO - Downloaded AAPL/1770141529.json -> /tmp/minio_downloads/1770141529.json
[2026-02-03T20:27:06.773+0000] {logging_mixin.py:188} INFO - Downloaded AAPL/1770141540.json -> /tmp/minio_downloads/1770141540.json
[2026-02-03T20:27:06.785+0000] {logging_mixin.py:188} INFO - Downloaded AAPL/1770141552.json -> /tmp/minio_downloads/1770141552.json
[2026-02-03T20:27:06.797+0000] {logging_mixin.py:188} INFO - Downloaded AAPL/1770141563.json -> /tmp/minio_downloads/1770141563.json
[2026-02-03T20:27:06.811+0000] {logging_mixin.py:188} INFO - Downloaded AAPL/1770141574.json -> /tmp/minio_downloads/1770141574.json
[2026-02-03T20:27:06.825+0000] {logging_mixin.py:188} INFO - Downloaded AAPL/1770141585.json -> /tmp/minio_downloads/1770141585.json
[2026-02-03T20:27:06.838+0000] {logging_mixin.py:188} INFO - Downloaded AAPL/1770141596.json -> /tmp/minio_downloads/1770141596.json
[2026-02-03T20:27:06.850+0000] {logging_mixin.py:188} INFO - Downloaded AAPL/1770141607.json -> /tmp/minio_downloads/1770141607.json
[2026-02-03T20:27:06.864+0000] {logging_mixin.py:188} INFO - Downloaded AAPL/1770141619.json -> /tmp/minio_downloads/1770141619.json
[2026-02-03T20:27:06.877+0000] {logging_mixin.py:188} INFO - Downloaded AAPL/1770141631.json -> /tmp/minio_downloads/1770141631.json
[2026-02-03T20:27:06.891+0000] {logging_mixin.py:188} INFO - Downloaded AAPL/1770141642.json -> /tmp/minio_downloads/1770141642.json
[2026-02-03T20:27:06.903+0000] {logging_mixin.py:188} INFO - Downloaded AAPL/1770141654.json -> /tmp/minio_downloads/1770141654.json
[2026-02-03T20:27:06.916+0000] {logging_mixin.py:188} INFO - Downloaded AAPL/1770141665.json -> /tmp/minio_downloads/1770141665.json
[2026-02-03T20:27:06.930+0000] {logging_mixin.py:188} INFO - Downloaded AAPL/1770141677.json -> /tmp/minio_downloads/1770141677.json
[2026-02-03T20:27:06.944+0000] {logging_mixin.py:188} INFO - Downloaded AAPL/1770141688.json -> /tmp/minio_downloads/1770141688.json
[2026-02-03T20:27:06.956+0000] {logging_mixin.py:188} INFO - Downloaded AAPL/1770141699.json -> /tmp/minio_downloads/1770141699.json
[2026-02-03T20:27:06.970+0000] {logging_mixin.py:188} INFO - Downloaded AAPL/1770141711.json -> /tmp/minio_downloads/1770141711.json
[2026-02-03T20:27:06.983+0000] {logging_mixin.py:188} INFO - Downloaded AAPL/1770141719.json -> /tmp/minio_downloads/1770141719.json
[2026-02-03T20:27:06.995+0000] {logging_mixin.py:188} INFO - Downloaded AAPL/1770141728.json -> /tmp/minio_downloads/1770141728.json
[2026-02-03T20:27:07.007+0000] {logging_mixin.py:188} INFO - Downloaded AAPL/1770141737.json -> /tmp/minio_downloads/1770141737.json
[2026-02-03T20:27:07.018+0000] {logging_mixin.py:188} INFO - Downloaded AMZN/1770141224.json -> /tmp/minio_downloads/1770141224.json
[2026-02-03T20:27:07.030+0000] {logging_mixin.py:188} INFO - Downloaded AMZN/1770141233.json -> /tmp/minio_downloads/1770141233.json
[2026-02-03T20:27:07.042+0000] {logging_mixin.py:188} INFO - Downloaded AMZN/1770141242.json -> /tmp/minio_downloads/1770141242.json
[2026-02-03T20:27:07.053+0000] {logging_mixin.py:188} INFO - Downloaded AMZN/1770141251.json -> /tmp/minio_downloads/1770141251.json
[2026-02-03T20:27:07.066+0000] {logging_mixin.py:188} INFO - Downloaded AMZN/1770141260.json -> /tmp/minio_downloads/1770141260.json
[2026-02-03T20:27:07.079+0000] {logging_mixin.py:188} INFO - Downloaded AMZN/1770141273.json -> /tmp/minio_downloads/1770141273.json
[2026-02-03T20:27:07.090+0000] {logging_mixin.py:188} INFO - Downloaded AMZN/1770141282.json -> /tmp/minio_downloads/1770141282.json
[2026-02-03T20:27:07.102+0000] {logging_mixin.py:188} INFO - Downloaded AMZN/1770141294.json -> /tmp/minio_downloads/1770141294.json
[2026-02-03T20:27:07.115+0000] {logging_mixin.py:188} INFO - Downloaded AMZN/1770141305.json -> /tmp/minio_downloads/1770141305.json
[2026-02-03T20:27:07.129+0000] {logging_mixin.py:188} INFO - Downloaded AMZN/1770141315.json -> /tmp/minio_downloads/1770141315.json
[2026-02-03T20:27:07.141+0000] {logging_mixin.py:188} INFO - Downloaded AMZN/1770141324.json -> /tmp/minio_downloads/1770141324.json
[2026-02-03T20:27:07.154+0000] {logging_mixin.py:188} INFO - Downloaded AMZN/1770141335.json -> /tmp/minio_downloads/1770141335.json
[2026-02-03T20:27:07.168+0000] {logging_mixin.py:188} INFO - Downloaded AMZN/1770141344.json -> /tmp/minio_downloads/1770141344.json
[2026-02-03T20:27:07.181+0000] {logging_mixin.py:188} INFO - Downloaded AMZN/1770141353.json -> /tmp/minio_downloads/1770141353.json
[2026-02-03T20:27:07.193+0000] {logging_mixin.py:188} INFO - Downloaded AMZN/1770141362.json -> /tmp/minio_downloads/1770141362.json
[2026-02-03T20:27:07.204+0000] {logging_mixin.py:188} INFO - Downloaded AMZN/1770141372.json -> /tmp/minio_downloads/1770141372.json
[2026-02-03T20:27:07.217+0000] {logging_mixin.py:188} INFO - Downloaded AMZN/1770141380.json -> /tmp/minio_downloads/1770141380.json
[2026-02-03T20:27:07.229+0000] {logging_mixin.py:188} INFO - Downloaded AMZN/1770141391.json -> /tmp/minio_downloads/1770141391.json
[2026-02-03T20:27:07.242+0000] {logging_mixin.py:188} INFO - Downloaded AMZN/1770141399.json -> /tmp/minio_downloads/1770141399.json
[2026-02-03T20:27:07.254+0000] {logging_mixin.py:188} INFO - Downloaded AMZN/1770141409.json -> /tmp/minio_downloads/1770141409.json
[2026-02-03T20:27:07.265+0000] {logging_mixin.py:188} INFO - Downloaded AMZN/1770141420.json -> /tmp/minio_downloads/1770141420.json
[2026-02-03T20:27:07.277+0000] {logging_mixin.py:188} INFO - Downloaded AMZN/1770141431.json -> /tmp/minio_downloads/1770141431.json
[2026-02-03T20:27:07.290+0000] {logging_mixin.py:188} INFO - Downloaded AMZN/1770141442.json -> /tmp/minio_downloads/1770141442.json
[2026-02-03T20:27:07.303+0000] {logging_mixin.py:188} INFO - Downloaded AMZN/1770141453.json -> /tmp/minio_downloads/1770141453.json
[2026-02-03T20:27:07.316+0000] {logging_mixin.py:188} INFO - Downloaded AMZN/1770141465.json -> /tmp/minio_downloads/1770141465.json
[2026-02-03T20:27:07.330+0000] {logging_mixin.py:188} INFO - Downloaded AMZN/1770141476.json -> /tmp/minio_downloads/1770141476.json
[2026-02-03T20:27:07.343+0000] {logging_mixin.py:188} INFO - Downloaded AMZN/1770141487.json -> /tmp/minio_downloads/1770141487.json
[2026-02-03T20:27:07.356+0000] {logging_mixin.py:188} INFO - Downloaded AMZN/1770141498.json -> /tmp/minio_downloads/1770141498.json
[2026-02-03T20:27:07.374+0000] {logging_mixin.py:188} INFO - Downloaded AMZN/1770141510.json -> /tmp/minio_downloads/1770141510.json
[2026-02-03T20:27:07.388+0000] {logging_mixin.py:188} INFO - Downloaded AMZN/1770141521.json -> /tmp/minio_downloads/1770141521.json
[2026-02-03T20:27:07.403+0000] {logging_mixin.py:188} INFO - Downloaded AMZN/1770141532.json -> /tmp/minio_downloads/1770141532.json
[2026-02-03T20:27:07.416+0000] {logging_mixin.py:188} INFO - Downloaded AMZN/1770141543.json -> /tmp/minio_downloads/1770141543.json
[2026-02-03T20:27:07.432+0000] {logging_mixin.py:188} INFO - Downloaded AMZN/1770141555.json -> /tmp/minio_downloads/1770141555.json
[2026-02-03T20:27:07.450+0000] {logging_mixin.py:188} INFO - Downloaded AMZN/1770141566.json -> /tmp/minio_downloads/1770141566.json
[2026-02-03T20:27:07.650+0000] {logging_mixin.py:188} INFO - Downloaded AMZN/1770141577.json -> /tmp/minio_downloads/1770141577.json
[2026-02-03T20:27:07.778+0000] {logging_mixin.py:188} INFO - Downloaded AMZN/1770141588.json -> /tmp/minio_downloads/1770141588.json
[2026-02-03T20:27:07.792+0000] {logging_mixin.py:188} INFO - Downloaded AMZN/1770141599.json -> /tmp/minio_downloads/1770141599.json
[2026-02-03T20:27:07.803+0000] {logging_mixin.py:188} INFO - Downloaded AMZN/1770141611.json -> /tmp/minio_downloads/1770141611.json
[2026-02-03T20:27:07.819+0000] {logging_mixin.py:188} INFO - Downloaded AMZN/1770141623.json -> /tmp/minio_downloads/1770141623.json
[2026-02-03T20:27:07.832+0000] {logging_mixin.py:188} INFO - Downloaded AMZN/1770141634.json -> /tmp/minio_downloads/1770141634.json
[2026-02-03T20:27:07.847+0000] {logging_mixin.py:188} INFO - Downloaded AMZN/1770141646.json -> /tmp/minio_downloads/1770141646.json
[2026-02-03T20:27:07.858+0000] {logging_mixin.py:188} INFO - Downloaded AMZN/1770141657.json -> /tmp/minio_downloads/1770141657.json
[2026-02-03T20:27:07.869+0000] {logging_mixin.py:188} INFO - Downloaded AMZN/1770141669.json -> /tmp/minio_downloads/1770141669.json
[2026-02-03T20:27:07.880+0000] {logging_mixin.py:188} INFO - Downloaded AMZN/1770141680.json -> /tmp/minio_downloads/1770141680.json
[2026-02-03T20:27:07.891+0000] {logging_mixin.py:188} INFO - Downloaded AMZN/1770141691.json -> /tmp/minio_downloads/1770141691.json
[2026-02-03T20:27:07.901+0000] {logging_mixin.py:188} INFO - Downloaded AMZN/1770141703.json -> /tmp/minio_downloads/1770141703.json
[2026-02-03T20:27:07.912+0000] {logging_mixin.py:188} INFO - Downloaded AMZN/1770141712.json -> /tmp/minio_downloads/1770141712.json
[2026-02-03T20:27:07.923+0000] {logging_mixin.py:188} INFO - Downloaded AMZN/1770141721.json -> /tmp/minio_downloads/1770141721.json
[2026-02-03T20:27:07.935+0000] {logging_mixin.py:188} INFO - Downloaded AMZN/1770141730.json -> /tmp/minio_downloads/1770141730.json
[2026-02-03T20:27:07.950+0000] {logging_mixin.py:188} INFO - Downloaded GOOGL/1770141224.json -> /tmp/minio_downloads/1770141224.json
[2026-02-03T20:27:07.963+0000] {logging_mixin.py:188} INFO - Downloaded GOOGL/1770141233.json -> /tmp/minio_downloads/1770141233.json
[2026-02-03T20:27:07.978+0000] {logging_mixin.py:188} INFO - Downloaded GOOGL/1770141242.json -> /tmp/minio_downloads/1770141242.json
[2026-02-03T20:27:07.994+0000] {logging_mixin.py:188} INFO - Downloaded GOOGL/1770141250.json -> /tmp/minio_downloads/1770141250.json
[2026-02-03T20:27:08.011+0000] {logging_mixin.py:188} INFO - Downloaded GOOGL/1770141260.json -> /tmp/minio_downloads/1770141260.json
[2026-02-03T20:27:08.028+0000] {logging_mixin.py:188} INFO - Downloaded GOOGL/1770141272.json -> /tmp/minio_downloads/1770141272.json
[2026-02-03T20:27:08.042+0000] {logging_mixin.py:188} INFO - Downloaded GOOGL/1770141282.json -> /tmp/minio_downloads/1770141282.json
[2026-02-03T20:27:08.055+0000] {logging_mixin.py:188} INFO - Downloaded GOOGL/1770141292.json -> /tmp/minio_downloads/1770141292.json
[2026-02-03T20:27:08.068+0000] {logging_mixin.py:188} INFO - Downloaded GOOGL/1770141305.json -> /tmp/minio_downloads/1770141305.json
[2026-02-03T20:27:08.080+0000] {logging_mixin.py:188} INFO - Downloaded GOOGL/1770141314.json -> /tmp/minio_downloads/1770141314.json
[2026-02-03T20:27:08.094+0000] {logging_mixin.py:188} INFO - Downloaded GOOGL/1770141323.json -> /tmp/minio_downloads/1770141323.json
[2026-02-03T20:27:08.106+0000] {logging_mixin.py:188} INFO - Downloaded GOOGL/1770141334.json -> /tmp/minio_downloads/1770141334.json
[2026-02-03T20:27:08.119+0000] {logging_mixin.py:188} INFO - Downloaded GOOGL/1770141343.json -> /tmp/minio_downloads/1770141343.json
[2026-02-03T20:27:08.131+0000] {logging_mixin.py:188} INFO - Downloaded GOOGL/1770141353.json -> /tmp/minio_downloads/1770141353.json
[2026-02-03T20:27:08.144+0000] {logging_mixin.py:188} INFO - Downloaded GOOGL/1770141361.json -> /tmp/minio_downloads/1770141361.json
[2026-02-03T20:27:08.156+0000] {logging_mixin.py:188} INFO - Downloaded GOOGL/1770141372.json -> /tmp/minio_downloads/1770141372.json
[2026-02-03T20:27:08.171+0000] {logging_mixin.py:188} INFO - Downloaded GOOGL/1770141380.json -> /tmp/minio_downloads/1770141380.json
[2026-02-03T20:27:08.183+0000] {logging_mixin.py:188} INFO - Downloaded GOOGL/1770141390.json -> /tmp/minio_downloads/1770141390.json
[2026-02-03T20:27:08.195+0000] {logging_mixin.py:188} INFO - Downloaded GOOGL/1770141399.json -> /tmp/minio_downloads/1770141399.json
[2026-02-03T20:27:08.207+0000] {logging_mixin.py:188} INFO - Downloaded GOOGL/1770141408.json -> /tmp/minio_downloads/1770141408.json
[2026-02-03T20:27:08.220+0000] {logging_mixin.py:188} INFO - Downloaded GOOGL/1770141419.json -> /tmp/minio_downloads/1770141419.json
[2026-02-03T20:27:08.232+0000] {logging_mixin.py:188} INFO - Downloaded GOOGL/1770141430.json -> /tmp/minio_downloads/1770141430.json
[2026-02-03T20:27:08.245+0000] {logging_mixin.py:188} INFO - Downloaded GOOGL/1770141441.json -> /tmp/minio_downloads/1770141441.json
[2026-02-03T20:27:08.275+0000] {logging_mixin.py:188} INFO - Downloaded GOOGL/1770141452.json -> /tmp/minio_downloads/1770141452.json
[2026-02-03T20:27:08.306+0000] {logging_mixin.py:188} INFO - Downloaded GOOGL/1770141464.json -> /tmp/minio_downloads/1770141464.json
[2026-02-03T20:27:08.320+0000] {logging_mixin.py:188} INFO - Downloaded GOOGL/1770141475.json -> /tmp/minio_downloads/1770141475.json
[2026-02-03T20:27:08.333+0000] {logging_mixin.py:188} INFO - Downloaded GOOGL/1770141486.json -> /tmp/minio_downloads/1770141486.json
[2026-02-03T20:27:08.345+0000] {logging_mixin.py:188} INFO - Downloaded GOOGL/1770141497.json -> /tmp/minio_downloads/1770141497.json
[2026-02-03T20:27:08.358+0000] {logging_mixin.py:188} INFO - Downloaded GOOGL/1770141509.json -> /tmp/minio_downloads/1770141509.json
[2026-02-03T20:27:08.371+0000] {logging_mixin.py:188} INFO - Downloaded GOOGL/1770141520.json -> /tmp/minio_downloads/1770141520.json
[2026-02-03T20:27:08.383+0000] {logging_mixin.py:188} INFO - Downloaded GOOGL/1770141531.json -> /tmp/minio_downloads/1770141531.json
[2026-02-03T20:27:08.395+0000] {logging_mixin.py:188} INFO - Downloaded GOOGL/1770141542.json -> /tmp/minio_downloads/1770141542.json
[2026-02-03T20:27:08.409+0000] {logging_mixin.py:188} INFO - Downloaded GOOGL/1770141554.json -> /tmp/minio_downloads/1770141554.json
[2026-02-03T20:27:08.426+0000] {logging_mixin.py:188} INFO - Downloaded GOOGL/1770141565.json -> /tmp/minio_downloads/1770141565.json
[2026-02-03T20:27:08.438+0000] {logging_mixin.py:188} INFO - Downloaded GOOGL/1770141576.json -> /tmp/minio_downloads/1770141576.json
[2026-02-03T20:27:08.451+0000] {logging_mixin.py:188} INFO - Downloaded GOOGL/1770141587.json -> /tmp/minio_downloads/1770141587.json
[2026-02-03T20:27:08.463+0000] {logging_mixin.py:188} INFO - Downloaded GOOGL/1770141598.json -> /tmp/minio_downloads/1770141598.json
[2026-02-03T20:27:08.475+0000] {logging_mixin.py:188} INFO - Downloaded GOOGL/1770141610.json -> /tmp/minio_downloads/1770141610.json
[2026-02-03T20:27:08.487+0000] {logging_mixin.py:188} INFO - Downloaded GOOGL/1770141622.json -> /tmp/minio_downloads/1770141622.json
[2026-02-03T20:27:08.499+0000] {logging_mixin.py:188} INFO - Downloaded GOOGL/1770141633.json -> /tmp/minio_downloads/1770141633.json
[2026-02-03T20:27:08.511+0000] {logging_mixin.py:188} INFO - Downloaded GOOGL/1770141645.json -> /tmp/minio_downloads/1770141645.json
[2026-02-03T20:27:08.712+0000] {logging_mixin.py:188} INFO - Downloaded GOOGL/1770141656.json -> /tmp/minio_downloads/1770141656.json
[2026-02-03T20:27:08.736+0000] {logging_mixin.py:188} INFO - Downloaded GOOGL/1770141668.json -> /tmp/minio_downloads/1770141668.json
[2026-02-03T20:27:08.762+0000] {logging_mixin.py:188} INFO - Downloaded GOOGL/1770141679.json -> /tmp/minio_downloads/1770141679.json
[2026-02-03T20:27:08.863+0000] {logging_mixin.py:188} INFO - Downloaded GOOGL/1770141690.json -> /tmp/minio_downloads/1770141690.json
[2026-02-03T20:27:08.891+0000] {logging_mixin.py:188} INFO - Downloaded GOOGL/1770141702.json -> /tmp/minio_downloads/1770141702.json
[2026-02-03T20:27:08.902+0000] {logging_mixin.py:188} INFO - Downloaded GOOGL/1770141712.json -> /tmp/minio_downloads/1770141712.json
[2026-02-03T20:27:08.915+0000] {logging_mixin.py:188} INFO - Downloaded GOOGL/1770141720.json -> /tmp/minio_downloads/1770141720.json
[2026-02-03T20:27:08.928+0000] {logging_mixin.py:188} INFO - Downloaded GOOGL/1770141730.json -> /tmp/minio_downloads/1770141730.json
[2026-02-03T20:27:08.939+0000] {logging_mixin.py:188} INFO - Downloaded GOOGL/1770141738.json -> /tmp/minio_downloads/1770141738.json
[2026-02-03T20:27:08.949+0000] {logging_mixin.py:188} INFO - Downloaded MSFT/1770141223.json -> /tmp/minio_downloads/1770141223.json
[2026-02-03T20:27:08.961+0000] {logging_mixin.py:188} INFO - Downloaded MSFT/1770141232.json -> /tmp/minio_downloads/1770141232.json
[2026-02-03T20:27:08.973+0000] {logging_mixin.py:188} INFO - Downloaded MSFT/1770141241.json -> /tmp/minio_downloads/1770141241.json
[2026-02-03T20:27:08.984+0000] {logging_mixin.py:188} INFO - Downloaded MSFT/1770141250.json -> /tmp/minio_downloads/1770141250.json
[2026-02-03T20:27:08.996+0000] {logging_mixin.py:188} INFO - Downloaded MSFT/1770141259.json -> /tmp/minio_downloads/1770141259.json
[2026-02-03T20:27:09.008+0000] {logging_mixin.py:188} INFO - Downloaded MSFT/1770141270.json -> /tmp/minio_downloads/1770141270.json
[2026-02-03T20:27:09.022+0000] {logging_mixin.py:188} INFO - Downloaded MSFT/1770141281.json -> /tmp/minio_downloads/1770141281.json
[2026-02-03T20:27:09.037+0000] {logging_mixin.py:188} INFO - Downloaded MSFT/1770141291.json -> /tmp/minio_downloads/1770141291.json
[2026-02-03T20:27:09.051+0000] {logging_mixin.py:188} INFO - Downloaded MSFT/1770141304.json -> /tmp/minio_downloads/1770141304.json
[2026-02-03T20:27:09.063+0000] {logging_mixin.py:188} INFO - Downloaded MSFT/1770141313.json -> /tmp/minio_downloads/1770141313.json
[2026-02-03T20:27:09.076+0000] {logging_mixin.py:188} INFO - Downloaded MSFT/1770141323.json -> /tmp/minio_downloads/1770141323.json
[2026-02-03T20:27:09.087+0000] {logging_mixin.py:188} INFO - Downloaded MSFT/1770141333.json -> /tmp/minio_downloads/1770141333.json
[2026-02-03T20:27:09.100+0000] {logging_mixin.py:188} INFO - Downloaded MSFT/1770141343.json -> /tmp/minio_downloads/1770141343.json
[2026-02-03T20:27:09.112+0000] {logging_mixin.py:188} INFO - Downloaded MSFT/1770141352.json -> /tmp/minio_downloads/1770141352.json
[2026-02-03T20:27:09.124+0000] {logging_mixin.py:188} INFO - Downloaded MSFT/1770141361.json -> /tmp/minio_downloads/1770141361.json
[2026-02-03T20:27:09.137+0000] {logging_mixin.py:188} INFO - Downloaded MSFT/1770141371.json -> /tmp/minio_downloads/1770141371.json
[2026-02-03T20:27:09.150+0000] {logging_mixin.py:188} INFO - Downloaded MSFT/1770141379.json -> /tmp/minio_downloads/1770141379.json
[2026-02-03T20:27:09.162+0000] {logging_mixin.py:188} INFO - Downloaded MSFT/1770141389.json -> /tmp/minio_downloads/1770141389.json
[2026-02-03T20:27:09.175+0000] {logging_mixin.py:188} INFO - Downloaded MSFT/1770141398.json -> /tmp/minio_downloads/1770141398.json
[2026-02-03T20:27:09.190+0000] {logging_mixin.py:188} INFO - Downloaded MSFT/1770141408.json -> /tmp/minio_downloads/1770141408.json
[2026-02-03T20:27:09.203+0000] {logging_mixin.py:188} INFO - Downloaded MSFT/1770141417.json -> /tmp/minio_downloads/1770141417.json
[2026-02-03T20:27:09.218+0000] {logging_mixin.py:188} INFO - Downloaded MSFT/1770141429.json -> /tmp/minio_downloads/1770141429.json
[2026-02-03T20:27:09.230+0000] {logging_mixin.py:188} INFO - Downloaded MSFT/1770141440.json -> /tmp/minio_downloads/1770141440.json
[2026-02-03T20:27:09.244+0000] {logging_mixin.py:188} INFO - Downloaded MSFT/1770141451.json -> /tmp/minio_downloads/1770141451.json
[2026-02-03T20:27:09.258+0000] {logging_mixin.py:188} INFO - Downloaded MSFT/1770141463.json -> /tmp/minio_downloads/1770141463.json
[2026-02-03T20:27:09.272+0000] {logging_mixin.py:188} INFO - Downloaded MSFT/1770141474.json -> /tmp/minio_downloads/1770141474.json
[2026-02-03T20:27:09.285+0000] {logging_mixin.py:188} INFO - Downloaded MSFT/1770141485.json -> /tmp/minio_downloads/1770141485.json
[2026-02-03T20:27:09.297+0000] {logging_mixin.py:188} INFO - Downloaded MSFT/1770141496.json -> /tmp/minio_downloads/1770141496.json
[2026-02-03T20:27:09.310+0000] {logging_mixin.py:188} INFO - Downloaded MSFT/1770141508.json -> /tmp/minio_downloads/1770141508.json
[2026-02-03T20:27:09.324+0000] {logging_mixin.py:188} INFO - Downloaded MSFT/1770141519.json -> /tmp/minio_downloads/1770141519.json
[2026-02-03T20:27:09.338+0000] {logging_mixin.py:188} INFO - Downloaded MSFT/1770141530.json -> /tmp/minio_downloads/1770141530.json
[2026-02-03T20:27:09.351+0000] {logging_mixin.py:188} INFO - Downloaded MSFT/1770141541.json -> /tmp/minio_downloads/1770141541.json
[2026-02-03T20:27:09.364+0000] {logging_mixin.py:188} INFO - Downloaded MSFT/1770141553.json -> /tmp/minio_downloads/1770141553.json
[2026-02-03T20:27:09.378+0000] {logging_mixin.py:188} INFO - Downloaded MSFT/1770141564.json -> /tmp/minio_downloads/1770141564.json
[2026-02-03T20:27:09.393+0000] {logging_mixin.py:188} INFO - Downloaded MSFT/1770141575.json -> /tmp/minio_downloads/1770141575.json
[2026-02-03T20:27:09.408+0000] {logging_mixin.py:188} INFO - Downloaded MSFT/1770141586.json -> /tmp/minio_downloads/1770141586.json
[2026-02-03T20:27:09.423+0000] {logging_mixin.py:188} INFO - Downloaded MSFT/1770141597.json -> /tmp/minio_downloads/1770141597.json
[2026-02-03T20:27:09.438+0000] {logging_mixin.py:188} INFO - Downloaded MSFT/1770141608.json -> /tmp/minio_downloads/1770141608.json
[2026-02-03T20:27:09.452+0000] {logging_mixin.py:188} INFO - Downloaded MSFT/1770141621.json -> /tmp/minio_downloads/1770141621.json
[2026-02-03T20:27:09.466+0000] {logging_mixin.py:188} INFO - Downloaded MSFT/1770141632.json -> /tmp/minio_downloads/1770141632.json
[2026-02-03T20:27:09.481+0000] {logging_mixin.py:188} INFO - Downloaded MSFT/1770141644.json -> /tmp/minio_downloads/1770141644.json
[2026-02-03T20:27:09.494+0000] {logging_mixin.py:188} INFO - Downloaded MSFT/1770141655.json -> /tmp/minio_downloads/1770141655.json
[2026-02-03T20:27:09.508+0000] {logging_mixin.py:188} INFO - Downloaded MSFT/1770141666.json -> /tmp/minio_downloads/1770141666.json
[2026-02-03T20:27:09.521+0000] {logging_mixin.py:188} INFO - Downloaded MSFT/1770141678.json -> /tmp/minio_downloads/1770141678.json
[2026-02-03T20:27:09.533+0000] {logging_mixin.py:188} INFO - Downloaded MSFT/1770141689.json -> /tmp/minio_downloads/1770141689.json
[2026-02-03T20:27:09.545+0000] {logging_mixin.py:188} INFO - Downloaded MSFT/1770141701.json -> /tmp/minio_downloads/1770141701.json
[2026-02-03T20:27:09.558+0000] {logging_mixin.py:188} INFO - Downloaded MSFT/1770141711.json -> /tmp/minio_downloads/1770141711.json
[2026-02-03T20:27:09.570+0000] {logging_mixin.py:188} INFO - Downloaded MSFT/1770141720.json -> /tmp/minio_downloads/1770141720.json
[2026-02-03T20:27:09.583+0000] {logging_mixin.py:188} INFO - Downloaded MSFT/1770141729.json -> /tmp/minio_downloads/1770141729.json
[2026-02-03T20:27:09.596+0000] {logging_mixin.py:188} INFO - Downloaded MSFT/1770141738.json -> /tmp/minio_downloads/1770141738.json
[2026-02-03T20:27:09.608+0000] {logging_mixin.py:188} INFO - Downloaded TSLA/1770141225.json -> /tmp/minio_downloads/1770141225.json
[2026-02-03T20:27:09.621+0000] {logging_mixin.py:188} INFO - Downloaded TSLA/1770141234.json -> /tmp/minio_downloads/1770141234.json
[2026-02-03T20:27:09.634+0000] {logging_mixin.py:188} INFO - Downloaded TSLA/1770141243.json -> /tmp/minio_downloads/1770141243.json
[2026-02-03T20:27:09.647+0000] {logging_mixin.py:188} INFO - Downloaded TSLA/1770141252.json -> /tmp/minio_downloads/1770141252.json
[2026-02-03T20:27:09.660+0000] {logging_mixin.py:188} INFO - Downloaded TSLA/1770141261.json -> /tmp/minio_downloads/1770141261.json
[2026-02-03T20:27:09.673+0000] {logging_mixin.py:188} INFO - Downloaded TSLA/1770141273.json -> /tmp/minio_downloads/1770141273.json
[2026-02-03T20:27:09.685+0000] {logging_mixin.py:188} INFO - Downloaded TSLA/1770141283.json -> /tmp/minio_downloads/1770141283.json
[2026-02-03T20:27:09.697+0000] {logging_mixin.py:188} INFO - Downloaded TSLA/1770141295.json -> /tmp/minio_downloads/1770141295.json
[2026-02-03T20:27:09.710+0000] {logging_mixin.py:188} INFO - Downloaded TSLA/1770141306.json -> /tmp/minio_downloads/1770141306.json
[2026-02-03T20:27:09.723+0000] {logging_mixin.py:188} INFO - Downloaded TSLA/1770141316.json -> /tmp/minio_downloads/1770141316.json
[2026-02-03T20:27:09.737+0000] {logging_mixin.py:188} INFO - Downloaded TSLA/1770141325.json -> /tmp/minio_downloads/1770141325.json
[2026-02-03T20:27:09.752+0000] {logging_mixin.py:188} INFO - Downloaded TSLA/1770141335.json -> /tmp/minio_downloads/1770141335.json
[2026-02-03T20:27:09.770+0000] {logging_mixin.py:188} INFO - Downloaded TSLA/1770141345.json -> /tmp/minio_downloads/1770141345.json
[2026-02-03T20:27:09.786+0000] {logging_mixin.py:188} INFO - Downloaded TSLA/1770141354.json -> /tmp/minio_downloads/1770141354.json
[2026-02-03T20:27:09.801+0000] {logging_mixin.py:188} INFO - Downloaded TSLA/1770141363.json -> /tmp/minio_downloads/1770141363.json
[2026-02-03T20:27:09.818+0000] {logging_mixin.py:188} INFO - Downloaded TSLA/1770141372.json -> /tmp/minio_downloads/1770141372.json
[2026-02-03T20:27:09.835+0000] {logging_mixin.py:188} INFO - Downloaded TSLA/1770141381.json -> /tmp/minio_downloads/1770141381.json
[2026-02-03T20:27:09.853+0000] {logging_mixin.py:188} INFO - Downloaded TSLA/1770141391.json -> /tmp/minio_downloads/1770141391.json
[2026-02-03T20:27:09.867+0000] {logging_mixin.py:188} INFO - Downloaded TSLA/1770141400.json -> /tmp/minio_downloads/1770141400.json
[2026-02-03T20:27:09.884+0000] {logging_mixin.py:188} INFO - Downloaded TSLA/1770141409.json -> /tmp/minio_downloads/1770141409.json
[2026-02-03T20:27:09.897+0000] {logging_mixin.py:188} INFO - Downloaded TSLA/1770141421.json -> /tmp/minio_downloads/1770141421.json
[2026-02-03T20:27:09.909+0000] {logging_mixin.py:188} INFO - Downloaded TSLA/1770141432.json -> /tmp/minio_downloads/1770141432.json
[2026-02-03T20:27:09.921+0000] {logging_mixin.py:188} INFO - Downloaded TSLA/1770141443.json -> /tmp/minio_downloads/1770141443.json
[2026-02-03T20:27:09.933+0000] {logging_mixin.py:188} INFO - Downloaded TSLA/1770141454.json -> /tmp/minio_downloads/1770141454.json
[2026-02-03T20:27:09.946+0000] {logging_mixin.py:188} INFO - Downloaded TSLA/1770141466.json -> /tmp/minio_downloads/1770141466.json
[2026-02-03T20:27:09.960+0000] {logging_mixin.py:188} INFO - Downloaded TSLA/1770141477.json -> /tmp/minio_downloads/1770141477.json
[2026-02-03T20:27:09.972+0000] {logging_mixin.py:188} INFO - Downloaded TSLA/1770141488.json -> /tmp/minio_downloads/1770141488.json
[2026-02-03T20:27:09.984+0000] {logging_mixin.py:188} INFO - Downloaded TSLA/1770141499.json -> /tmp/minio_downloads/1770141499.json
[2026-02-03T20:27:09.996+0000] {logging_mixin.py:188} INFO - Downloaded TSLA/1770141511.json -> /tmp/minio_downloads/1770141511.json
[2026-02-03T20:27:10.009+0000] {logging_mixin.py:188} INFO - Downloaded TSLA/1770141522.json -> /tmp/minio_downloads/1770141522.json
[2026-02-03T20:27:10.023+0000] {logging_mixin.py:188} INFO - Downloaded TSLA/1770141533.json -> /tmp/minio_downloads/1770141533.json
[2026-02-03T20:27:10.037+0000] {logging_mixin.py:188} INFO - Downloaded TSLA/1770141545.json -> /tmp/minio_downloads/1770141545.json
[2026-02-03T20:27:10.051+0000] {logging_mixin.py:188} INFO - Downloaded TSLA/1770141556.json -> /tmp/minio_downloads/1770141556.json
[2026-02-03T20:27:10.065+0000] {logging_mixin.py:188} INFO - Downloaded TSLA/1770141567.json -> /tmp/minio_downloads/1770141567.json
[2026-02-03T20:27:10.078+0000] {logging_mixin.py:188} INFO - Downloaded TSLA/1770141578.json -> /tmp/minio_downloads/1770141578.json
[2026-02-03T20:27:10.091+0000] {logging_mixin.py:188} INFO - Downloaded TSLA/1770141589.json -> /tmp/minio_downloads/1770141589.json
[2026-02-03T20:27:10.107+0000] {logging_mixin.py:188} INFO - Downloaded TSLA/1770141600.json -> /tmp/minio_downloads/1770141600.json
[2026-02-03T20:27:10.123+0000] {logging_mixin.py:188} INFO - Downloaded TSLA/1770141612.json -> /tmp/minio_downloads/1770141612.json
[2026-02-03T20:27:10.141+0000] {logging_mixin.py:188} INFO - Downloaded TSLA/1770141624.json -> /tmp/minio_downloads/1770141624.json
[2026-02-03T20:27:10.159+0000] {logging_mixin.py:188} INFO - Downloaded TSLA/1770141635.json -> /tmp/minio_downloads/1770141635.json
[2026-02-03T20:27:10.177+0000] {logging_mixin.py:188} INFO - Downloaded TSLA/1770141647.json -> /tmp/minio_downloads/1770141647.json
[2026-02-03T20:27:10.194+0000] {logging_mixin.py:188} INFO - Downloaded TSLA/1770141658.json -> /tmp/minio_downloads/1770141658.json
[2026-02-03T20:27:10.212+0000] {logging_mixin.py:188} INFO - Downloaded TSLA/1770141670.json -> /tmp/minio_downloads/1770141670.json
[2026-02-03T20:27:10.231+0000] {logging_mixin.py:188} INFO - Downloaded TSLA/1770141681.json -> /tmp/minio_downloads/1770141681.json
[2026-02-03T20:27:10.248+0000] {logging_mixin.py:188} INFO - Downloaded TSLA/1770141692.json -> /tmp/minio_downloads/1770141692.json
[2026-02-03T20:27:10.265+0000] {logging_mixin.py:188} INFO - Downloaded TSLA/1770141703.json -> /tmp/minio_downloads/1770141703.json
[2026-02-03T20:27:10.284+0000] {logging_mixin.py:188} INFO - Downloaded TSLA/1770141713.json -> /tmp/minio_downloads/1770141713.json
[2026-02-03T20:27:10.301+0000] {logging_mixin.py:188} INFO - Downloaded TSLA/1770141722.json -> /tmp/minio_downloads/1770141722.json
[2026-02-03T20:27:10.318+0000] {logging_mixin.py:188} INFO - Downloaded TSLA/1770141731.json -> /tmp/minio_downloads/1770141731.json
[2026-02-03T20:27:10.321+0000] {python.py:237} INFO - Done. Returned value was: ['/tmp/minio_downloads/1770141223.json', '/tmp/minio_downloads/1770141232.json', '/tmp/minio_downloads/1770141241.json', '/tmp/minio_downloads/1770141249.json', '/tmp/minio_downloads/1770141259.json', '/tmp/minio_downloads/1770141269.json', '/tmp/minio_downloads/1770141280.json', '/tmp/minio_downloads/1770141290.json', '/tmp/minio_downloads/1770141302.json', '/tmp/minio_downloads/1770141312.json', '/tmp/minio_downloads/1770141322.json', '/tmp/minio_downloads/1770141332.json', '/tmp/minio_downloads/1770141342.json', '/tmp/minio_downloads/1770141351.json', '/tmp/minio_downloads/1770141360.json', '/tmp/minio_downloads/1770141370.json', '/tmp/minio_downloads/1770141379.json', '/tmp/minio_downloads/1770141388.json', '/tmp/minio_downloads/1770141398.json', '/tmp/minio_downloads/1770141406.json', '/tmp/minio_downloads/1770141416.json', '/tmp/minio_downloads/1770141428.json', '/tmp/minio_downloads/1770141439.json', '/tmp/minio_downloads/1770141450.json', '/tmp/minio_downloads/1770141461.json', '/tmp/minio_downloads/1770141473.json', '/tmp/minio_downloads/1770141484.json', '/tmp/minio_downloads/1770141495.json', '/tmp/minio_downloads/1770141507.json', '/tmp/minio_downloads/1770141518.json', '/tmp/minio_downloads/1770141529.json', '/tmp/minio_downloads/1770141540.json', '/tmp/minio_downloads/1770141552.json', '/tmp/minio_downloads/1770141563.json', '/tmp/minio_downloads/1770141574.json', '/tmp/minio_downloads/1770141585.json', '/tmp/minio_downloads/1770141596.json', '/tmp/minio_downloads/1770141607.json', '/tmp/minio_downloads/1770141619.json', '/tmp/minio_downloads/1770141631.json', '/tmp/minio_downloads/1770141642.json', '/tmp/minio_downloads/1770141654.json', '/tmp/minio_downloads/1770141665.json', '/tmp/minio_downloads/1770141677.json', '/tmp/minio_downloads/1770141688.json', '/tmp/minio_downloads/1770141699.json', '/tmp/minio_downloads/1770141711.json', '/tmp/minio_downloads/1770141719.json', '/tmp/minio_downloads/1770141728.json', '/tmp/minio_downloads/1770141737.json', '/tmp/minio_downloads/1770141224.json', '/tmp/minio_downloads/1770141233.json', '/tmp/minio_downloads/1770141242.json', '/tmp/minio_downloads/1770141251.json', '/tmp/minio_downloads/1770141260.json', '/tmp/minio_downloads/1770141273.json', '/tmp/minio_downloads/1770141282.json', '/tmp/minio_downloads/1770141294.json', '/tmp/minio_downloads/1770141305.json', '/tmp/minio_downloads/1770141315.json', '/tmp/minio_downloads/1770141324.json', '/tmp/minio_downloads/1770141335.json', '/tmp/minio_downloads/1770141344.json', '/tmp/minio_downloads/1770141353.json', '/tmp/minio_downloads/1770141362.json', '/tmp/minio_downloads/1770141372.json', '/tmp/minio_downloads/1770141380.json', '/tmp/minio_downloads/1770141391.json', '/tmp/minio_downloads/1770141399.json', '/tmp/minio_downloads/1770141409.json', '/tmp/minio_downloads/1770141420.json', '/tmp/minio_downloads/1770141431.json', '/tmp/minio_downloads/1770141442.json', '/tmp/minio_downloads/1770141453.json', '/tmp/minio_downloads/1770141465.json', '/tmp/minio_downloads/1770141476.json', '/tmp/minio_downloads/1770141487.json', '/tmp/minio_downloads/1770141498.json', '/tmp/minio_downloads/1770141510.json', '/tmp/minio_downloads/1770141521.json', '/tmp/minio_downloads/1770141532.json', '/tmp/minio_downloads/1770141543.json', '/tmp/minio_downloads/1770141555.json', '/tmp/minio_downloads/1770141566.json', '/tmp/minio_downloads/1770141577.json', '/tmp/minio_downloads/1770141588.json', '/tmp/minio_downloads/1770141599.json', '/tmp/minio_downloads/1770141611.json', '/tmp/minio_downloads/1770141623.json', '/tmp/minio_downloads/1770141634.json', '/tmp/minio_downloads/1770141646.json', '/tmp/minio_downloads/1770141657.json', '/tmp/minio_downloads/1770141669.json', '/tmp/minio_downloads/1770141680.json', '/tmp/minio_downloads/1770141691.json', '/tmp/minio_downloads/1770141703.json', '/tmp/minio_downloads/1770141712.json', '/tmp/minio_downloads/1770141721.json', '/tmp/minio_downloads/1770141730.json', '/tmp/minio_downloads/1770141224.json', '/tmp/minio_downloads/1770141233.json', '/tmp/minio_downloads/1770141242.json', '/tmp/minio_downloads/1770141250.json', '/tmp/minio_downloads/1770141260.json', '/tmp/minio_downloads/1770141272.json', '/tmp/minio_downloads/1770141282.json', '/tmp/minio_downloads/1770141292.json', '/tmp/minio_downloads/1770141305.json', '/tmp/minio_downloads/1770141314.json', '/tmp/minio_downloads/1770141323.json', '/tmp/minio_downloads/1770141334.json', '/tmp/minio_downloads/1770141343.json', '/tmp/minio_downloads/1770141353.json', '/tmp/minio_downloads/1770141361.json', '/tmp/minio_downloads/1770141372.json', '/tmp/minio_downloads/1770141380.json', '/tmp/minio_downloads/1770141390.json', '/tmp/minio_downloads/1770141399.json', '/tmp/minio_downloads/1770141408.json', '/tmp/minio_downloads/1770141419.json', '/tmp/minio_downloads/1770141430.json', '/tmp/minio_downloads/1770141441.json', '/tmp/minio_downloads/1770141452.json', '/tmp/minio_downloads/1770141464.json', '/tmp/minio_downloads/1770141475.json', '/tmp/minio_downloads/1770141486.json', '/tmp/minio_downloads/1770141497.json', '/tmp/minio_downloads/1770141509.json', '/tmp/minio_downloads/1770141520.json', '/tmp/minio_downloads/1770141531.json', '/tmp/minio_downloads/1770141542.json', '/tmp/minio_downloads/1770141554.json', '/tmp/minio_downloads/1770141565.json', '/tmp/minio_downloads/1770141576.json', '/tmp/minio_downloads/1770141587.json', '/tmp/minio_downloads/1770141598.json', '/tmp/minio_downloads/1770141610.json', '/tmp/minio_downloads/1770141622.json', '/tmp/minio_downloads/1770141633.json', '/tmp/minio_downloads/1770141645.json', '/tmp/minio_downloads/1770141656.json', '/tmp/minio_downloads/1770141668.json', '/tmp/minio_downloads/1770141679.json', '/tmp/minio_downloads/1770141690.json', '/tmp/minio_downloads/1770141702.json', '/tmp/minio_downloads/1770141712.json', '/tmp/minio_downloads/1770141720.json', '/tmp/minio_downloads/1770141730.json', '/tmp/minio_downloads/1770141738.json', '/tmp/minio_downloads/1770141223.json', '/tmp/minio_downloads/1770141232.json', '/tmp/minio_downloads/1770141241.json', '/tmp/minio_downloads/1770141250.json', '/tmp/minio_downloads/1770141259.json', '/tmp/minio_downloads/1770141270.json', '/tmp/minio_downloads/1770141281.json', '/tmp/minio_downloads/1770141291.json', '/tmp/minio_downloads/1770141304.json', '/tmp/minio_downloads/1770141313.json', '/tmp/minio_downloads/1770141323.json', '/tmp/minio_downloads/1770141333.json', '/tmp/minio_downloads/1770141343.json', '/tmp/minio_downloads/1770141352.json', '/tmp/minio_downloads/1770141361.json', '/tmp/minio_downloads/1770141371.json', '/tmp/minio_downloads/1770141379.json', '/tmp/minio_downloads/1770141389.json', '/tmp/minio_downloads/1770141398.json', '/tmp/minio_downloads/1770141408.json', '/tmp/minio_downloads/1770141417.json', '/tmp/minio_downloads/1770141429.json', '/tmp/minio_downloads/1770141440.json', '/tmp/minio_downloads/1770141451.json', '/tmp/minio_downloads/1770141463.json', '/tmp/minio_downloads/1770141474.json', '/tmp/minio_downloads/1770141485.json', '/tmp/minio_downloads/1770141496.json', '/tmp/minio_downloads/1770141508.json', '/tmp/minio_downloads/1770141519.json', '/tmp/minio_downloads/1770141530.json', '/tmp/minio_downloads/1770141541.json', '/tmp/minio_downloads/1770141553.json', '/tmp/minio_downloads/1770141564.json', '/tmp/minio_downloads/1770141575.json', '/tmp/minio_downloads/1770141586.json', '/tmp/minio_downloads/1770141597.json', '/tmp/minio_downloads/1770141608.json', '/tmp/minio_downloads/1770141621.json', '/tmp/minio_downloads/1770141632.json', '/tmp/minio_downloads/1770141644.json', '/tmp/minio_downloads/1770141655.json', '/tmp/minio_downloads/1770141666.json', '/tmp/minio_downloads/1770141678.json', '/tmp/minio_downloads/1770141689.json', '/tmp/minio_downloads/1770141701.json', '/tmp/minio_downloads/1770141711.json', '/tmp/minio_downloads/1770141720.json', '/tmp/minio_downloads/1770141729.json', '/tmp/minio_downloads/1770141738.json', '/tmp/minio_downloads/1770141225.json', '/tmp/minio_downloads/1770141234.json', '/tmp/minio_downloads/1770141243.json', '/tmp/minio_downloads/1770141252.json', '/tmp/minio_downloads/1770141261.json', '/tmp/minio_downloads/1770141273.json', '/tmp/minio_downloads/1770141283.json', '/tmp/minio_downloads/1770141295.json', '/tmp/minio_downloads/1770141306.json', '/tmp/minio_downloads/1770141316.json', '/tmp/minio_downloads/1770141325.json', '/tmp/minio_downloads/1770141335.json', '/tmp/minio_downloads/1770141345.json', '/tmp/minio_downloads/1770141354.json', '/tmp/minio_downloads/1770141363.json', '/tmp/minio_downloads/1770141372.json', '/tmp/minio_downloads/1770141381.json', '/tmp/minio_downloads/1770141391.json', '/tmp/minio_downloads/1770141400.json', '/tmp/minio_downloads/1770141409.json', '/tmp/minio_downloads/1770141421.json', '/tmp/minio_downloads/1770141432.json', '/tmp/minio_downloads/1770141443.json', '/tmp/minio_downloads/1770141454.json', '/tmp/minio_downloads/1770141466.json', '/tmp/minio_downloads/1770141477.json', '/tmp/minio_downloads/1770141488.json', '/tmp/minio_downloads/1770141499.json', '/tmp/minio_downloads/1770141511.json', '/tmp/minio_downloads/1770141522.json', '/tmp/minio_downloads/1770141533.json', '/tmp/minio_downloads/1770141545.json', '/tmp/minio_downloads/1770141556.json', '/tmp/minio_downloads/1770141567.json', '/tmp/minio_downloads/1770141578.json', '/tmp/minio_downloads/1770141589.json', '/tmp/minio_downloads/1770141600.json', '/tmp/minio_downloads/1770141612.json', '/tmp/minio_downloads/1770141624.json', '/tmp/minio_downloads/1770141635.json', '/tmp/minio_downloads/1770141647.json', '/tmp/minio_downloads/1770141658.json', '/tmp/minio_downloads/1770141670.json', '/tmp/minio_downloads/1770141681.json', '/tmp/minio_downloads/1770141692.json', '/tmp/minio_downloads/1770141703.json', '/tmp/minio_downloads/1770141713.json', '/tmp/minio_downloads/1770141722.json', '/tmp/minio_downloads/1770141731.json']
[2026-02-03T20:27:10.325+0000] {taskinstance.py:441} INFO - ::group::Post task execution logs
[2026-02-03T20:27:10.379+0000] {taskinstance.py:1206} INFO - Marking task as SUCCESS. dag_id=minio_to_snowflake, task_id=download_minio, run_id=scheduled__2026-02-03T20:26:00+00:00, execution_date=20260203T202600, start_date=20260203T202705, end_date=20260203T202710
[2026-02-03T20:27:10.428+0000] {local_task_job_runner.py:243} INFO - Task exited with return code 0
[2026-02-03T20:27:10.471+0000] {taskinstance.py:3503} INFO - 1 downstream tasks scheduled from follow-on schedule check
[2026-02-03T20:27:10.477+0000] {local_task_job_runner.py:222} INFO - ::endgroup::
