[2026-02-04T18:57:09.491+0000] {local_task_job_runner.py:120} INFO - ::group::Pre task execution logs
[2026-02-04T18:57:09.520+0000] {taskinstance.py:2076} INFO - Dependencies all met for dep_context=non-requeueable deps ti=<TaskInstance: minio_to_snowflake.download_minio scheduled__2026-02-04T18:51:00+00:00 [queued]>
[2026-02-04T18:57:09.528+0000] {taskinstance.py:2076} INFO - Dependencies all met for dep_context=requeueable deps ti=<TaskInstance: minio_to_snowflake.download_minio scheduled__2026-02-04T18:51:00+00:00 [queued]>
[2026-02-04T18:57:09.531+0000] {taskinstance.py:2306} INFO - Starting attempt 2 of 2
[2026-02-04T18:57:09.543+0000] {taskinstance.py:2330} INFO - Executing <Task(PythonOperator): download_minio> on 2026-02-04 18:51:00+00:00
[2026-02-04T18:57:09.551+0000] {standard_task_runner.py:90} INFO - Running: ['***', 'tasks', 'run', 'minio_to_snowflake', 'download_minio', 'scheduled__2026-02-04T18:51:00+00:00', '--job-id', '693', '--raw', '--subdir', 'DAGS_FOLDER/minio-snowflake.py', '--cfg-path', '/tmp/tmpog29mdz9']
[2026-02-04T18:57:09.555+0000] {standard_task_runner.py:91} INFO - Job 693: Subtask download_minio
[2026-02-04T18:57:09.555+0000] {logging_mixin.py:188} WARNING - /home/***/.local/lib/python3.12/site-packages/***/task/task_runner/standard_task_runner.py:62 DeprecationWarning: This process (pid=60010) is multi-threaded, use of fork() may lead to deadlocks in the child.
[2026-02-04T18:57:09.557+0000] {standard_task_runner.py:64} INFO - Started process 60034 to run task
[2026-02-04T18:57:09.612+0000] {task_command.py:426} INFO - Running <TaskInstance: minio_to_snowflake.download_minio scheduled__2026-02-04T18:51:00+00:00 [running]> on host 41904ffa35ec
[2026-02-04T18:57:09.705+0000] {taskinstance.py:2648} INFO - Exporting env vars: AIRFLOW_CTX_DAG_OWNER='***' AIRFLOW_CTX_DAG_ID='minio_to_snowflake' AIRFLOW_CTX_TASK_ID='download_minio' AIRFLOW_CTX_EXECUTION_DATE='2026-02-04T18:51:00+00:00' AIRFLOW_CTX_TRY_NUMBER='2' AIRFLOW_CTX_DAG_RUN_ID='scheduled__2026-02-04T18:51:00+00:00'
[2026-02-04T18:57:09.706+0000] {taskinstance.py:430} INFO - ::endgroup::
[2026-02-04T18:57:09.955+0000] {taskinstance.py:441} INFO - ::group::Post task execution logs
[2026-02-04T18:57:09.956+0000] {taskinstance.py:2905} ERROR - Task failed with exception
Traceback (most recent call last):
  File "/home/airflow/.local/lib/python3.12/site-packages/airflow/models/taskinstance.py", line 465, in _execute_task
    result = _execute_callable(context=context, **execute_callable_kwargs)
             ^^^^^^^^^^^^^^^^^^^^^^^^^^^^^^^^^^^^^^^^^^^^^^^^^^^^^^^^^^^^^
  File "/home/airflow/.local/lib/python3.12/site-packages/airflow/models/taskinstance.py", line 432, in _execute_callable
    return execute_callable(context=context, **execute_callable_kwargs)
           ^^^^^^^^^^^^^^^^^^^^^^^^^^^^^^^^^^^^^^^^^^^^^^^^^^^^^^^^^^^^
  File "/home/airflow/.local/lib/python3.12/site-packages/airflow/models/baseoperator.py", line 401, in wrapper
    return func(self, *args, **kwargs)
           ^^^^^^^^^^^^^^^^^^^^^^^^^^^
  File "/home/airflow/.local/lib/python3.12/site-packages/airflow/operators/python.py", line 235, in execute
    return_value = self.execute_callable()
                   ^^^^^^^^^^^^^^^^^^^^^^^
  File "/home/airflow/.local/lib/python3.12/site-packages/airflow/operators/python.py", line 252, in execute_callable
    return self.python_callable(*self.op_args, **self.op_kwargs)
           ^^^^^^^^^^^^^^^^^^^^^^^^^^^^^^^^^^^^^^^^^^^^^^^^^^^^^
  File "/opt/airflow/dags/minio-snowflake.py", line 30, in download_from_minio
    objects = s3.list_objects_v2(Bucket=BUCKET).get("Contents", [])
              ^^^^^^^^^^^^^^^^^^^^^^^^^^^^^^^^^
  File "/home/airflow/.local/lib/python3.12/site-packages/botocore/client.py", line 565, in _api_call
    return self._make_api_call(operation_name, kwargs)
           ^^^^^^^^^^^^^^^^^^^^^^^^^^^^^^^^^^^^^^^^^^^
  File "/home/airflow/.local/lib/python3.12/site-packages/botocore/client.py", line 1021, in _make_api_call
    raise error_class(parsed_response, operation_name)
botocore.exceptions.ClientError: An error occurred (InvalidAccessKeyId) when calling the ListObjectsV2 operation: The Access Key Id you provided does not exist in our records.
[2026-02-04T18:57:09.975+0000] {taskinstance.py:1206} INFO - Marking task as FAILED. dag_id=minio_to_snowflake, task_id=download_minio, run_id=scheduled__2026-02-04T18:51:00+00:00, execution_date=20260204T185100, start_date=20260204T185709, end_date=20260204T185709
[2026-02-04T18:57:09.985+0000] {standard_task_runner.py:110} ERROR - Failed to execute job 693 for task download_minio (An error occurred (InvalidAccessKeyId) when calling the ListObjectsV2 operation: The Access Key Id you provided does not exist in our records.; 60034)
[2026-02-04T18:57:10.013+0000] {local_task_job_runner.py:243} INFO - Task exited with return code 1
[2026-02-04T18:57:10.046+0000] {taskinstance.py:3503} INFO - 0 downstream tasks scheduled from follow-on schedule check
[2026-02-04T18:57:10.054+0000] {local_task_job_runner.py:222} INFO - ::endgroup::
