[2026-02-03T22:08:05.542+0000] {local_task_job_runner.py:120} INFO - ::group::Pre task execution logs
[2026-02-03T22:08:05.586+0000] {taskinstance.py:2076} INFO - Dependencies all met for dep_context=non-requeueable deps ti=<TaskInstance: minio_to_snowflake.download_minio scheduled__2026-02-03T22:07:00+00:00 [queued]>
[2026-02-03T22:08:05.600+0000] {taskinstance.py:2076} INFO - Dependencies all met for dep_context=requeueable deps ti=<TaskInstance: minio_to_snowflake.download_minio scheduled__2026-02-03T22:07:00+00:00 [queued]>
[2026-02-03T22:08:05.602+0000] {taskinstance.py:2306} INFO - Starting attempt 1 of 2
[2026-02-03T22:08:05.620+0000] {taskinstance.py:2330} INFO - Executing <Task(PythonOperator): download_minio> on 2026-02-03 22:07:00+00:00
[2026-02-03T22:08:05.640+0000] {logging_mixin.py:188} WARNING - /home/***/.local/lib/python3.12/site-packages/***/task/task_runner/standard_task_runner.py:62 DeprecationWarning: This process (pid=69650) is multi-threaded, use of fork() may lead to deadlocks in the child.
[2026-02-03T22:08:05.635+0000] {standard_task_runner.py:90} INFO - Running: ['***', 'tasks', 'run', 'minio_to_snowflake', 'download_minio', 'scheduled__2026-02-03T22:07:00+00:00', '--job-id', '442', '--raw', '--subdir', 'DAGS_FOLDER/minio-snowflake.py', '--cfg-path', '/tmp/tmp0g96m3pp']
[2026-02-03T22:08:05.643+0000] {standard_task_runner.py:64} INFO - Started process 69672 to run task
[2026-02-03T22:08:05.645+0000] {standard_task_runner.py:91} INFO - Job 442: Subtask download_minio
[2026-02-03T22:08:05.743+0000] {task_command.py:426} INFO - Running <TaskInstance: minio_to_snowflake.download_minio scheduled__2026-02-03T22:07:00+00:00 [running]> on host 41904ffa35ec
[2026-02-03T22:08:05.899+0000] {taskinstance.py:2648} INFO - Exporting env vars: AIRFLOW_CTX_DAG_OWNER='***' AIRFLOW_CTX_DAG_ID='minio_to_snowflake' AIRFLOW_CTX_TASK_ID='download_minio' AIRFLOW_CTX_EXECUTION_DATE='2026-02-03T22:07:00+00:00' AIRFLOW_CTX_TRY_NUMBER='1' AIRFLOW_CTX_DAG_RUN_ID='scheduled__2026-02-03T22:07:00+00:00'
[2026-02-03T22:08:05.902+0000] {taskinstance.py:430} INFO - ::endgroup::
[2026-02-03T22:08:06.379+0000] {logging_mixin.py:188} INFO - Downloaded AAPL/1770141223.json -> /tmp/minio_downloads/1770141223.json
[2026-02-03T22:08:06.393+0000] {logging_mixin.py:188} INFO - Downloaded AAPL/1770141232.json -> /tmp/minio_downloads/1770141232.json
[2026-02-03T22:08:06.407+0000] {logging_mixin.py:188} INFO - Downloaded AAPL/1770141241.json -> /tmp/minio_downloads/1770141241.json
[2026-02-03T22:08:06.420+0000] {logging_mixin.py:188} INFO - Downloaded AAPL/1770141249.json -> /tmp/minio_downloads/1770141249.json
[2026-02-03T22:08:06.434+0000] {logging_mixin.py:188} INFO - Downloaded AAPL/1770141259.json -> /tmp/minio_downloads/1770141259.json
[2026-02-03T22:08:06.448+0000] {logging_mixin.py:188} INFO - Downloaded AAPL/1770141269.json -> /tmp/minio_downloads/1770141269.json
[2026-02-03T22:08:06.463+0000] {logging_mixin.py:188} INFO - Downloaded AAPL/1770141280.json -> /tmp/minio_downloads/1770141280.json
[2026-02-03T22:08:06.476+0000] {logging_mixin.py:188} INFO - Downloaded AAPL/1770141290.json -> /tmp/minio_downloads/1770141290.json
[2026-02-03T22:08:06.490+0000] {logging_mixin.py:188} INFO - Downloaded AAPL/1770141302.json -> /tmp/minio_downloads/1770141302.json
[2026-02-03T22:08:06.502+0000] {logging_mixin.py:188} INFO - Downloaded AAPL/1770141312.json -> /tmp/minio_downloads/1770141312.json
[2026-02-03T22:08:06.514+0000] {logging_mixin.py:188} INFO - Downloaded AAPL/1770141322.json -> /tmp/minio_downloads/1770141322.json
[2026-02-03T22:08:06.527+0000] {logging_mixin.py:188} INFO - Downloaded AAPL/1770141332.json -> /tmp/minio_downloads/1770141332.json
[2026-02-03T22:08:06.539+0000] {logging_mixin.py:188} INFO - Downloaded AAPL/1770141342.json -> /tmp/minio_downloads/1770141342.json
[2026-02-03T22:08:06.551+0000] {logging_mixin.py:188} INFO - Downloaded AAPL/1770141351.json -> /tmp/minio_downloads/1770141351.json
[2026-02-03T22:08:06.565+0000] {logging_mixin.py:188} INFO - Downloaded AAPL/1770141360.json -> /tmp/minio_downloads/1770141360.json
[2026-02-03T22:08:06.577+0000] {logging_mixin.py:188} INFO - Downloaded AAPL/1770141370.json -> /tmp/minio_downloads/1770141370.json
[2026-02-03T22:08:06.590+0000] {logging_mixin.py:188} INFO - Downloaded AAPL/1770141379.json -> /tmp/minio_downloads/1770141379.json
[2026-02-03T22:08:06.602+0000] {logging_mixin.py:188} INFO - Downloaded AAPL/1770141388.json -> /tmp/minio_downloads/1770141388.json
[2026-02-03T22:08:06.615+0000] {logging_mixin.py:188} INFO - Downloaded AAPL/1770141398.json -> /tmp/minio_downloads/1770141398.json
[2026-02-03T22:08:06.627+0000] {logging_mixin.py:188} INFO - Downloaded AAPL/1770141406.json -> /tmp/minio_downloads/1770141406.json
[2026-02-03T22:08:06.639+0000] {logging_mixin.py:188} INFO - Downloaded AAPL/1770141416.json -> /tmp/minio_downloads/1770141416.json
[2026-02-03T22:08:06.651+0000] {logging_mixin.py:188} INFO - Downloaded AAPL/1770141428.json -> /tmp/minio_downloads/1770141428.json
[2026-02-03T22:08:06.664+0000] {logging_mixin.py:188} INFO - Downloaded AAPL/1770141439.json -> /tmp/minio_downloads/1770141439.json
[2026-02-03T22:08:06.675+0000] {logging_mixin.py:188} INFO - Downloaded AAPL/1770141450.json -> /tmp/minio_downloads/1770141450.json
[2026-02-03T22:08:06.688+0000] {logging_mixin.py:188} INFO - Downloaded AAPL/1770141461.json -> /tmp/minio_downloads/1770141461.json
[2026-02-03T22:08:06.700+0000] {logging_mixin.py:188} INFO - Downloaded AAPL/1770141473.json -> /tmp/minio_downloads/1770141473.json
[2026-02-03T22:08:06.713+0000] {logging_mixin.py:188} INFO - Downloaded AAPL/1770141484.json -> /tmp/minio_downloads/1770141484.json
[2026-02-03T22:08:06.728+0000] {logging_mixin.py:188} INFO - Downloaded AAPL/1770141495.json -> /tmp/minio_downloads/1770141495.json
[2026-02-03T22:08:06.742+0000] {logging_mixin.py:188} INFO - Downloaded AAPL/1770141507.json -> /tmp/minio_downloads/1770141507.json
[2026-02-03T22:08:06.756+0000] {logging_mixin.py:188} INFO - Downloaded AAPL/1770141518.json -> /tmp/minio_downloads/1770141518.json
[2026-02-03T22:08:06.771+0000] {logging_mixin.py:188} INFO - Downloaded AAPL/1770141529.json -> /tmp/minio_downloads/1770141529.json
[2026-02-03T22:08:06.784+0000] {logging_mixin.py:188} INFO - Downloaded AAPL/1770141540.json -> /tmp/minio_downloads/1770141540.json
[2026-02-03T22:08:06.798+0000] {logging_mixin.py:188} INFO - Downloaded AAPL/1770141552.json -> /tmp/minio_downloads/1770141552.json
[2026-02-03T22:08:06.811+0000] {logging_mixin.py:188} INFO - Downloaded AAPL/1770141563.json -> /tmp/minio_downloads/1770141563.json
[2026-02-03T22:08:06.824+0000] {logging_mixin.py:188} INFO - Downloaded AAPL/1770141574.json -> /tmp/minio_downloads/1770141574.json
[2026-02-03T22:08:06.836+0000] {logging_mixin.py:188} INFO - Downloaded AAPL/1770141585.json -> /tmp/minio_downloads/1770141585.json
[2026-02-03T22:08:06.848+0000] {logging_mixin.py:188} INFO - Downloaded AAPL/1770141596.json -> /tmp/minio_downloads/1770141596.json
[2026-02-03T22:08:06.860+0000] {logging_mixin.py:188} INFO - Downloaded AAPL/1770141607.json -> /tmp/minio_downloads/1770141607.json
[2026-02-03T22:08:06.871+0000] {logging_mixin.py:188} INFO - Downloaded AAPL/1770141619.json -> /tmp/minio_downloads/1770141619.json
[2026-02-03T22:08:06.889+0000] {logging_mixin.py:188} INFO - Downloaded AAPL/1770141631.json -> /tmp/minio_downloads/1770141631.json
[2026-02-03T22:08:06.901+0000] {logging_mixin.py:188} INFO - Downloaded AAPL/1770141642.json -> /tmp/minio_downloads/1770141642.json
[2026-02-03T22:08:06.912+0000] {logging_mixin.py:188} INFO - Downloaded AAPL/1770141654.json -> /tmp/minio_downloads/1770141654.json
[2026-02-03T22:08:06.924+0000] {logging_mixin.py:188} INFO - Downloaded AAPL/1770141665.json -> /tmp/minio_downloads/1770141665.json
[2026-02-03T22:08:06.936+0000] {logging_mixin.py:188} INFO - Downloaded AAPL/1770141677.json -> /tmp/minio_downloads/1770141677.json
[2026-02-03T22:08:06.947+0000] {logging_mixin.py:188} INFO - Downloaded AAPL/1770141688.json -> /tmp/minio_downloads/1770141688.json
[2026-02-03T22:08:06.959+0000] {logging_mixin.py:188} INFO - Downloaded AAPL/1770141699.json -> /tmp/minio_downloads/1770141699.json
[2026-02-03T22:08:06.971+0000] {logging_mixin.py:188} INFO - Downloaded AAPL/1770141711.json -> /tmp/minio_downloads/1770141711.json
[2026-02-03T22:08:06.983+0000] {logging_mixin.py:188} INFO - Downloaded AAPL/1770141719.json -> /tmp/minio_downloads/1770141719.json
[2026-02-03T22:08:06.995+0000] {logging_mixin.py:188} INFO - Downloaded AAPL/1770141728.json -> /tmp/minio_downloads/1770141728.json
[2026-02-03T22:08:07.006+0000] {logging_mixin.py:188} INFO - Downloaded AAPL/1770141737.json -> /tmp/minio_downloads/1770141737.json
[2026-02-03T22:08:07.018+0000] {logging_mixin.py:188} INFO - Downloaded AMZN/1770141224.json -> /tmp/minio_downloads/1770141224.json
[2026-02-03T22:08:07.029+0000] {logging_mixin.py:188} INFO - Downloaded AMZN/1770141233.json -> /tmp/minio_downloads/1770141233.json
[2026-02-03T22:08:07.045+0000] {logging_mixin.py:188} INFO - Downloaded AMZN/1770141242.json -> /tmp/minio_downloads/1770141242.json
[2026-02-03T22:08:07.060+0000] {logging_mixin.py:188} INFO - Downloaded AMZN/1770141251.json -> /tmp/minio_downloads/1770141251.json
[2026-02-03T22:08:07.072+0000] {logging_mixin.py:188} INFO - Downloaded AMZN/1770141260.json -> /tmp/minio_downloads/1770141260.json
[2026-02-03T22:08:07.084+0000] {logging_mixin.py:188} INFO - Downloaded AMZN/1770141273.json -> /tmp/minio_downloads/1770141273.json
[2026-02-03T22:08:07.095+0000] {logging_mixin.py:188} INFO - Downloaded AMZN/1770141282.json -> /tmp/minio_downloads/1770141282.json
[2026-02-03T22:08:07.107+0000] {logging_mixin.py:188} INFO - Downloaded AMZN/1770141294.json -> /tmp/minio_downloads/1770141294.json
[2026-02-03T22:08:07.119+0000] {logging_mixin.py:188} INFO - Downloaded AMZN/1770141305.json -> /tmp/minio_downloads/1770141305.json
[2026-02-03T22:08:07.130+0000] {logging_mixin.py:188} INFO - Downloaded AMZN/1770141315.json -> /tmp/minio_downloads/1770141315.json
[2026-02-03T22:08:07.143+0000] {logging_mixin.py:188} INFO - Downloaded AMZN/1770141324.json -> /tmp/minio_downloads/1770141324.json
[2026-02-03T22:08:07.155+0000] {logging_mixin.py:188} INFO - Downloaded AMZN/1770141335.json -> /tmp/minio_downloads/1770141335.json
[2026-02-03T22:08:07.173+0000] {logging_mixin.py:188} INFO - Downloaded AMZN/1770141344.json -> /tmp/minio_downloads/1770141344.json
[2026-02-03T22:08:07.185+0000] {logging_mixin.py:188} INFO - Downloaded AMZN/1770141353.json -> /tmp/minio_downloads/1770141353.json
[2026-02-03T22:08:07.196+0000] {logging_mixin.py:188} INFO - Downloaded AMZN/1770141362.json -> /tmp/minio_downloads/1770141362.json
[2026-02-03T22:08:07.209+0000] {logging_mixin.py:188} INFO - Downloaded AMZN/1770141372.json -> /tmp/minio_downloads/1770141372.json
[2026-02-03T22:08:07.225+0000] {logging_mixin.py:188} INFO - Downloaded AMZN/1770141380.json -> /tmp/minio_downloads/1770141380.json
[2026-02-03T22:08:07.242+0000] {logging_mixin.py:188} INFO - Downloaded AMZN/1770141391.json -> /tmp/minio_downloads/1770141391.json
[2026-02-03T22:08:07.259+0000] {logging_mixin.py:188} INFO - Downloaded AMZN/1770141399.json -> /tmp/minio_downloads/1770141399.json
[2026-02-03T22:08:07.273+0000] {logging_mixin.py:188} INFO - Downloaded AMZN/1770141409.json -> /tmp/minio_downloads/1770141409.json
[2026-02-03T22:08:07.286+0000] {logging_mixin.py:188} INFO - Downloaded AMZN/1770141420.json -> /tmp/minio_downloads/1770141420.json
[2026-02-03T22:08:07.298+0000] {logging_mixin.py:188} INFO - Downloaded AMZN/1770141431.json -> /tmp/minio_downloads/1770141431.json
[2026-02-03T22:08:07.310+0000] {logging_mixin.py:188} INFO - Downloaded AMZN/1770141442.json -> /tmp/minio_downloads/1770141442.json
[2026-02-03T22:08:07.322+0000] {logging_mixin.py:188} INFO - Downloaded AMZN/1770141453.json -> /tmp/minio_downloads/1770141453.json
[2026-02-03T22:08:07.336+0000] {logging_mixin.py:188} INFO - Downloaded AMZN/1770141465.json -> /tmp/minio_downloads/1770141465.json
[2026-02-03T22:08:07.350+0000] {logging_mixin.py:188} INFO - Downloaded AMZN/1770141476.json -> /tmp/minio_downloads/1770141476.json
[2026-02-03T22:08:07.364+0000] {logging_mixin.py:188} INFO - Downloaded AMZN/1770141487.json -> /tmp/minio_downloads/1770141487.json
[2026-02-03T22:08:07.382+0000] {logging_mixin.py:188} INFO - Downloaded AMZN/1770141498.json -> /tmp/minio_downloads/1770141498.json
[2026-02-03T22:08:07.394+0000] {logging_mixin.py:188} INFO - Downloaded AMZN/1770141510.json -> /tmp/minio_downloads/1770141510.json
[2026-02-03T22:08:07.404+0000] {logging_mixin.py:188} INFO - Downloaded AMZN/1770141521.json -> /tmp/minio_downloads/1770141521.json
[2026-02-03T22:08:07.417+0000] {logging_mixin.py:188} INFO - Downloaded AMZN/1770141532.json -> /tmp/minio_downloads/1770141532.json
[2026-02-03T22:08:07.429+0000] {logging_mixin.py:188} INFO - Downloaded AMZN/1770141543.json -> /tmp/minio_downloads/1770141543.json
[2026-02-03T22:08:07.441+0000] {logging_mixin.py:188} INFO - Downloaded AMZN/1770141555.json -> /tmp/minio_downloads/1770141555.json
[2026-02-03T22:08:07.452+0000] {logging_mixin.py:188} INFO - Downloaded AMZN/1770141566.json -> /tmp/minio_downloads/1770141566.json
[2026-02-03T22:08:07.463+0000] {logging_mixin.py:188} INFO - Downloaded AMZN/1770141577.json -> /tmp/minio_downloads/1770141577.json
[2026-02-03T22:08:07.476+0000] {logging_mixin.py:188} INFO - Downloaded AMZN/1770141588.json -> /tmp/minio_downloads/1770141588.json
[2026-02-03T22:08:07.490+0000] {logging_mixin.py:188} INFO - Downloaded AMZN/1770141599.json -> /tmp/minio_downloads/1770141599.json
[2026-02-03T22:08:07.505+0000] {logging_mixin.py:188} INFO - Downloaded AMZN/1770141611.json -> /tmp/minio_downloads/1770141611.json
[2026-02-03T22:08:07.519+0000] {logging_mixin.py:188} INFO - Downloaded AMZN/1770141623.json -> /tmp/minio_downloads/1770141623.json
[2026-02-03T22:08:07.533+0000] {logging_mixin.py:188} INFO - Downloaded AMZN/1770141634.json -> /tmp/minio_downloads/1770141634.json
[2026-02-03T22:08:07.547+0000] {logging_mixin.py:188} INFO - Downloaded AMZN/1770141646.json -> /tmp/minio_downloads/1770141646.json
[2026-02-03T22:08:07.560+0000] {logging_mixin.py:188} INFO - Downloaded AMZN/1770141657.json -> /tmp/minio_downloads/1770141657.json
[2026-02-03T22:08:07.572+0000] {logging_mixin.py:188} INFO - Downloaded AMZN/1770141669.json -> /tmp/minio_downloads/1770141669.json
[2026-02-03T22:08:07.584+0000] {logging_mixin.py:188} INFO - Downloaded AMZN/1770141680.json -> /tmp/minio_downloads/1770141680.json
[2026-02-03T22:08:07.595+0000] {logging_mixin.py:188} INFO - Downloaded AMZN/1770141691.json -> /tmp/minio_downloads/1770141691.json
[2026-02-03T22:08:07.607+0000] {logging_mixin.py:188} INFO - Downloaded AMZN/1770141703.json -> /tmp/minio_downloads/1770141703.json
[2026-02-03T22:08:07.619+0000] {logging_mixin.py:188} INFO - Downloaded AMZN/1770141712.json -> /tmp/minio_downloads/1770141712.json
[2026-02-03T22:08:07.632+0000] {logging_mixin.py:188} INFO - Downloaded AMZN/1770141721.json -> /tmp/minio_downloads/1770141721.json
[2026-02-03T22:08:07.644+0000] {logging_mixin.py:188} INFO - Downloaded AMZN/1770141730.json -> /tmp/minio_downloads/1770141730.json
[2026-02-03T22:08:07.656+0000] {logging_mixin.py:188} INFO - Downloaded GOOGL/1770141224.json -> /tmp/minio_downloads/1770141224.json
[2026-02-03T22:08:07.668+0000] {logging_mixin.py:188} INFO - Downloaded GOOGL/1770141233.json -> /tmp/minio_downloads/1770141233.json
[2026-02-03T22:08:07.680+0000] {logging_mixin.py:188} INFO - Downloaded GOOGL/1770141242.json -> /tmp/minio_downloads/1770141242.json
[2026-02-03T22:08:07.692+0000] {logging_mixin.py:188} INFO - Downloaded GOOGL/1770141250.json -> /tmp/minio_downloads/1770141250.json
[2026-02-03T22:08:07.704+0000] {logging_mixin.py:188} INFO - Downloaded GOOGL/1770141260.json -> /tmp/minio_downloads/1770141260.json
[2026-02-03T22:08:07.717+0000] {logging_mixin.py:188} INFO - Downloaded GOOGL/1770141272.json -> /tmp/minio_downloads/1770141272.json
[2026-02-03T22:08:07.729+0000] {logging_mixin.py:188} INFO - Downloaded GOOGL/1770141282.json -> /tmp/minio_downloads/1770141282.json
[2026-02-03T22:08:07.741+0000] {logging_mixin.py:188} INFO - Downloaded GOOGL/1770141292.json -> /tmp/minio_downloads/1770141292.json
[2026-02-03T22:08:07.753+0000] {logging_mixin.py:188} INFO - Downloaded GOOGL/1770141305.json -> /tmp/minio_downloads/1770141305.json
[2026-02-03T22:08:07.766+0000] {logging_mixin.py:188} INFO - Downloaded GOOGL/1770141314.json -> /tmp/minio_downloads/1770141314.json
[2026-02-03T22:08:07.778+0000] {logging_mixin.py:188} INFO - Downloaded GOOGL/1770141323.json -> /tmp/minio_downloads/1770141323.json
[2026-02-03T22:08:07.791+0000] {logging_mixin.py:188} INFO - Downloaded GOOGL/1770141334.json -> /tmp/minio_downloads/1770141334.json
[2026-02-03T22:08:07.802+0000] {logging_mixin.py:188} INFO - Downloaded GOOGL/1770141343.json -> /tmp/minio_downloads/1770141343.json
[2026-02-03T22:08:07.816+0000] {logging_mixin.py:188} INFO - Downloaded GOOGL/1770141353.json -> /tmp/minio_downloads/1770141353.json
[2026-02-03T22:08:07.832+0000] {logging_mixin.py:188} INFO - Downloaded GOOGL/1770141361.json -> /tmp/minio_downloads/1770141361.json
[2026-02-03T22:08:07.846+0000] {logging_mixin.py:188} INFO - Downloaded GOOGL/1770141372.json -> /tmp/minio_downloads/1770141372.json
[2026-02-03T22:08:07.858+0000] {logging_mixin.py:188} INFO - Downloaded GOOGL/1770141380.json -> /tmp/minio_downloads/1770141380.json
[2026-02-03T22:08:07.871+0000] {logging_mixin.py:188} INFO - Downloaded GOOGL/1770141390.json -> /tmp/minio_downloads/1770141390.json
[2026-02-03T22:08:07.884+0000] {logging_mixin.py:188} INFO - Downloaded GOOGL/1770141399.json -> /tmp/minio_downloads/1770141399.json
[2026-02-03T22:08:07.896+0000] {logging_mixin.py:188} INFO - Downloaded GOOGL/1770141408.json -> /tmp/minio_downloads/1770141408.json
[2026-02-03T22:08:07.908+0000] {logging_mixin.py:188} INFO - Downloaded GOOGL/1770141419.json -> /tmp/minio_downloads/1770141419.json
[2026-02-03T22:08:07.921+0000] {logging_mixin.py:188} INFO - Downloaded GOOGL/1770141430.json -> /tmp/minio_downloads/1770141430.json
[2026-02-03T22:08:07.933+0000] {logging_mixin.py:188} INFO - Downloaded GOOGL/1770141441.json -> /tmp/minio_downloads/1770141441.json
[2026-02-03T22:08:07.945+0000] {logging_mixin.py:188} INFO - Downloaded GOOGL/1770141452.json -> /tmp/minio_downloads/1770141452.json
[2026-02-03T22:08:07.957+0000] {logging_mixin.py:188} INFO - Downloaded GOOGL/1770141464.json -> /tmp/minio_downloads/1770141464.json
[2026-02-03T22:08:07.968+0000] {logging_mixin.py:188} INFO - Downloaded GOOGL/1770141475.json -> /tmp/minio_downloads/1770141475.json
[2026-02-03T22:08:07.980+0000] {logging_mixin.py:188} INFO - Downloaded GOOGL/1770141486.json -> /tmp/minio_downloads/1770141486.json
[2026-02-03T22:08:07.991+0000] {logging_mixin.py:188} INFO - Downloaded GOOGL/1770141497.json -> /tmp/minio_downloads/1770141497.json
[2026-02-03T22:08:08.004+0000] {logging_mixin.py:188} INFO - Downloaded GOOGL/1770141509.json -> /tmp/minio_downloads/1770141509.json
[2026-02-03T22:08:08.016+0000] {logging_mixin.py:188} INFO - Downloaded GOOGL/1770141520.json -> /tmp/minio_downloads/1770141520.json
[2026-02-03T22:08:08.027+0000] {logging_mixin.py:188} INFO - Downloaded GOOGL/1770141531.json -> /tmp/minio_downloads/1770141531.json
[2026-02-03T22:08:08.039+0000] {logging_mixin.py:188} INFO - Downloaded GOOGL/1770141542.json -> /tmp/minio_downloads/1770141542.json
[2026-02-03T22:08:08.055+0000] {logging_mixin.py:188} INFO - Downloaded GOOGL/1770141554.json -> /tmp/minio_downloads/1770141554.json
[2026-02-03T22:08:08.071+0000] {logging_mixin.py:188} INFO - Downloaded GOOGL/1770141565.json -> /tmp/minio_downloads/1770141565.json
[2026-02-03T22:08:08.084+0000] {logging_mixin.py:188} INFO - Downloaded GOOGL/1770141576.json -> /tmp/minio_downloads/1770141576.json
[2026-02-03T22:08:08.096+0000] {logging_mixin.py:188} INFO - Downloaded GOOGL/1770141587.json -> /tmp/minio_downloads/1770141587.json
[2026-02-03T22:08:08.109+0000] {logging_mixin.py:188} INFO - Downloaded GOOGL/1770141598.json -> /tmp/minio_downloads/1770141598.json
[2026-02-03T22:08:08.120+0000] {logging_mixin.py:188} INFO - Downloaded GOOGL/1770141610.json -> /tmp/minio_downloads/1770141610.json
[2026-02-03T22:08:08.132+0000] {logging_mixin.py:188} INFO - Downloaded GOOGL/1770141622.json -> /tmp/minio_downloads/1770141622.json
[2026-02-03T22:08:08.143+0000] {logging_mixin.py:188} INFO - Downloaded GOOGL/1770141633.json -> /tmp/minio_downloads/1770141633.json
[2026-02-03T22:08:08.155+0000] {logging_mixin.py:188} INFO - Downloaded GOOGL/1770141645.json -> /tmp/minio_downloads/1770141645.json
[2026-02-03T22:08:08.167+0000] {logging_mixin.py:188} INFO - Downloaded GOOGL/1770141656.json -> /tmp/minio_downloads/1770141656.json
[2026-02-03T22:08:08.179+0000] {logging_mixin.py:188} INFO - Downloaded GOOGL/1770141668.json -> /tmp/minio_downloads/1770141668.json
[2026-02-03T22:08:08.191+0000] {logging_mixin.py:188} INFO - Downloaded GOOGL/1770141679.json -> /tmp/minio_downloads/1770141679.json
[2026-02-03T22:08:08.202+0000] {logging_mixin.py:188} INFO - Downloaded GOOGL/1770141690.json -> /tmp/minio_downloads/1770141690.json
[2026-02-03T22:08:08.216+0000] {logging_mixin.py:188} INFO - Downloaded GOOGL/1770141702.json -> /tmp/minio_downloads/1770141702.json
[2026-02-03T22:08:08.228+0000] {logging_mixin.py:188} INFO - Downloaded GOOGL/1770141712.json -> /tmp/minio_downloads/1770141712.json
[2026-02-03T22:08:08.239+0000] {logging_mixin.py:188} INFO - Downloaded GOOGL/1770141720.json -> /tmp/minio_downloads/1770141720.json
[2026-02-03T22:08:08.251+0000] {logging_mixin.py:188} INFO - Downloaded GOOGL/1770141730.json -> /tmp/minio_downloads/1770141730.json
[2026-02-03T22:08:08.263+0000] {logging_mixin.py:188} INFO - Downloaded GOOGL/1770141738.json -> /tmp/minio_downloads/1770141738.json
[2026-02-03T22:08:08.274+0000] {logging_mixin.py:188} INFO - Downloaded MSFT/1770141223.json -> /tmp/minio_downloads/1770141223.json
[2026-02-03T22:08:08.286+0000] {logging_mixin.py:188} INFO - Downloaded MSFT/1770141232.json -> /tmp/minio_downloads/1770141232.json
[2026-02-03T22:08:08.297+0000] {logging_mixin.py:188} INFO - Downloaded MSFT/1770141241.json -> /tmp/minio_downloads/1770141241.json
[2026-02-03T22:08:08.311+0000] {logging_mixin.py:188} INFO - Downloaded MSFT/1770141250.json -> /tmp/minio_downloads/1770141250.json
[2026-02-03T22:08:08.323+0000] {logging_mixin.py:188} INFO - Downloaded MSFT/1770141259.json -> /tmp/minio_downloads/1770141259.json
[2026-02-03T22:08:08.335+0000] {logging_mixin.py:188} INFO - Downloaded MSFT/1770141270.json -> /tmp/minio_downloads/1770141270.json
[2026-02-03T22:08:08.348+0000] {logging_mixin.py:188} INFO - Downloaded MSFT/1770141281.json -> /tmp/minio_downloads/1770141281.json
[2026-02-03T22:08:08.362+0000] {logging_mixin.py:188} INFO - Downloaded MSFT/1770141291.json -> /tmp/minio_downloads/1770141291.json
[2026-02-03T22:08:08.382+0000] {logging_mixin.py:188} INFO - Downloaded MSFT/1770141304.json -> /tmp/minio_downloads/1770141304.json
[2026-02-03T22:08:08.395+0000] {logging_mixin.py:188} INFO - Downloaded MSFT/1770141313.json -> /tmp/minio_downloads/1770141313.json
[2026-02-03T22:08:08.410+0000] {logging_mixin.py:188} INFO - Downloaded MSFT/1770141323.json -> /tmp/minio_downloads/1770141323.json
[2026-02-03T22:08:08.429+0000] {logging_mixin.py:188} INFO - Downloaded MSFT/1770141333.json -> /tmp/minio_downloads/1770141333.json
[2026-02-03T22:08:08.444+0000] {logging_mixin.py:188} INFO - Downloaded MSFT/1770141343.json -> /tmp/minio_downloads/1770141343.json
[2026-02-03T22:08:08.457+0000] {logging_mixin.py:188} INFO - Downloaded MSFT/1770141352.json -> /tmp/minio_downloads/1770141352.json
[2026-02-03T22:08:08.470+0000] {logging_mixin.py:188} INFO - Downloaded MSFT/1770141361.json -> /tmp/minio_downloads/1770141361.json
[2026-02-03T22:08:08.482+0000] {logging_mixin.py:188} INFO - Downloaded MSFT/1770141371.json -> /tmp/minio_downloads/1770141371.json
[2026-02-03T22:08:08.494+0000] {logging_mixin.py:188} INFO - Downloaded MSFT/1770141379.json -> /tmp/minio_downloads/1770141379.json
[2026-02-03T22:08:08.506+0000] {logging_mixin.py:188} INFO - Downloaded MSFT/1770141389.json -> /tmp/minio_downloads/1770141389.json
[2026-02-03T22:08:08.518+0000] {logging_mixin.py:188} INFO - Downloaded MSFT/1770141398.json -> /tmp/minio_downloads/1770141398.json
[2026-02-03T22:08:08.530+0000] {logging_mixin.py:188} INFO - Downloaded MSFT/1770141408.json -> /tmp/minio_downloads/1770141408.json
[2026-02-03T22:08:08.542+0000] {logging_mixin.py:188} INFO - Downloaded MSFT/1770141417.json -> /tmp/minio_downloads/1770141417.json
[2026-02-03T22:08:08.553+0000] {logging_mixin.py:188} INFO - Downloaded MSFT/1770141429.json -> /tmp/minio_downloads/1770141429.json
[2026-02-03T22:08:08.565+0000] {logging_mixin.py:188} INFO - Downloaded MSFT/1770141440.json -> /tmp/minio_downloads/1770141440.json
[2026-02-03T22:08:08.576+0000] {logging_mixin.py:188} INFO - Downloaded MSFT/1770141451.json -> /tmp/minio_downloads/1770141451.json
[2026-02-03T22:08:08.589+0000] {logging_mixin.py:188} INFO - Downloaded MSFT/1770141463.json -> /tmp/minio_downloads/1770141463.json
[2026-02-03T22:08:08.600+0000] {logging_mixin.py:188} INFO - Downloaded MSFT/1770141474.json -> /tmp/minio_downloads/1770141474.json
[2026-02-03T22:08:08.612+0000] {logging_mixin.py:188} INFO - Downloaded MSFT/1770141485.json -> /tmp/minio_downloads/1770141485.json
[2026-02-03T22:08:08.624+0000] {logging_mixin.py:188} INFO - Downloaded MSFT/1770141496.json -> /tmp/minio_downloads/1770141496.json
[2026-02-03T22:08:08.636+0000] {logging_mixin.py:188} INFO - Downloaded MSFT/1770141508.json -> /tmp/minio_downloads/1770141508.json
[2026-02-03T22:08:08.648+0000] {logging_mixin.py:188} INFO - Downloaded MSFT/1770141519.json -> /tmp/minio_downloads/1770141519.json
[2026-02-03T22:08:08.659+0000] {logging_mixin.py:188} INFO - Downloaded MSFT/1770141530.json -> /tmp/minio_downloads/1770141530.json
[2026-02-03T22:08:08.671+0000] {logging_mixin.py:188} INFO - Downloaded MSFT/1770141541.json -> /tmp/minio_downloads/1770141541.json
[2026-02-03T22:08:08.683+0000] {logging_mixin.py:188} INFO - Downloaded MSFT/1770141553.json -> /tmp/minio_downloads/1770141553.json
[2026-02-03T22:08:08.695+0000] {logging_mixin.py:188} INFO - Downloaded MSFT/1770141564.json -> /tmp/minio_downloads/1770141564.json
[2026-02-03T22:08:08.707+0000] {logging_mixin.py:188} INFO - Downloaded MSFT/1770141575.json -> /tmp/minio_downloads/1770141575.json
[2026-02-03T22:08:08.719+0000] {logging_mixin.py:188} INFO - Downloaded MSFT/1770141586.json -> /tmp/minio_downloads/1770141586.json
[2026-02-03T22:08:08.731+0000] {logging_mixin.py:188} INFO - Downloaded MSFT/1770141597.json -> /tmp/minio_downloads/1770141597.json
[2026-02-03T22:08:08.743+0000] {logging_mixin.py:188} INFO - Downloaded MSFT/1770141608.json -> /tmp/minio_downloads/1770141608.json
[2026-02-03T22:08:08.757+0000] {logging_mixin.py:188} INFO - Downloaded MSFT/1770141621.json -> /tmp/minio_downloads/1770141621.json
[2026-02-03T22:08:08.770+0000] {logging_mixin.py:188} INFO - Downloaded MSFT/1770141632.json -> /tmp/minio_downloads/1770141632.json
[2026-02-03T22:08:08.782+0000] {logging_mixin.py:188} INFO - Downloaded MSFT/1770141644.json -> /tmp/minio_downloads/1770141644.json
[2026-02-03T22:08:08.794+0000] {logging_mixin.py:188} INFO - Downloaded MSFT/1770141655.json -> /tmp/minio_downloads/1770141655.json
[2026-02-03T22:08:08.806+0000] {logging_mixin.py:188} INFO - Downloaded MSFT/1770141666.json -> /tmp/minio_downloads/1770141666.json
[2026-02-03T22:08:08.818+0000] {logging_mixin.py:188} INFO - Downloaded MSFT/1770141678.json -> /tmp/minio_downloads/1770141678.json
[2026-02-03T22:08:08.830+0000] {logging_mixin.py:188} INFO - Downloaded MSFT/1770141689.json -> /tmp/minio_downloads/1770141689.json
[2026-02-03T22:08:08.841+0000] {logging_mixin.py:188} INFO - Downloaded MSFT/1770141701.json -> /tmp/minio_downloads/1770141701.json
[2026-02-03T22:08:08.853+0000] {logging_mixin.py:188} INFO - Downloaded MSFT/1770141711.json -> /tmp/minio_downloads/1770141711.json
[2026-02-03T22:08:08.865+0000] {logging_mixin.py:188} INFO - Downloaded MSFT/1770141720.json -> /tmp/minio_downloads/1770141720.json
[2026-02-03T22:08:08.879+0000] {logging_mixin.py:188} INFO - Downloaded MSFT/1770141729.json -> /tmp/minio_downloads/1770141729.json
[2026-02-03T22:08:08.892+0000] {logging_mixin.py:188} INFO - Downloaded MSFT/1770141738.json -> /tmp/minio_downloads/1770141738.json
[2026-02-03T22:08:08.904+0000] {logging_mixin.py:188} INFO - Downloaded TSLA/1770141225.json -> /tmp/minio_downloads/1770141225.json
[2026-02-03T22:08:08.916+0000] {logging_mixin.py:188} INFO - Downloaded TSLA/1770141234.json -> /tmp/minio_downloads/1770141234.json
[2026-02-03T22:08:08.933+0000] {logging_mixin.py:188} INFO - Downloaded TSLA/1770141243.json -> /tmp/minio_downloads/1770141243.json
[2026-02-03T22:08:08.944+0000] {logging_mixin.py:188} INFO - Downloaded TSLA/1770141252.json -> /tmp/minio_downloads/1770141252.json
[2026-02-03T22:08:08.956+0000] {logging_mixin.py:188} INFO - Downloaded TSLA/1770141261.json -> /tmp/minio_downloads/1770141261.json
[2026-02-03T22:08:08.967+0000] {logging_mixin.py:188} INFO - Downloaded TSLA/1770141273.json -> /tmp/minio_downloads/1770141273.json
[2026-02-03T22:08:08.978+0000] {logging_mixin.py:188} INFO - Downloaded TSLA/1770141283.json -> /tmp/minio_downloads/1770141283.json
[2026-02-03T22:08:08.989+0000] {logging_mixin.py:188} INFO - Downloaded TSLA/1770141295.json -> /tmp/minio_downloads/1770141295.json
[2026-02-03T22:08:09.000+0000] {logging_mixin.py:188} INFO - Downloaded TSLA/1770141306.json -> /tmp/minio_downloads/1770141306.json
[2026-02-03T22:08:09.011+0000] {logging_mixin.py:188} INFO - Downloaded TSLA/1770141316.json -> /tmp/minio_downloads/1770141316.json
[2026-02-03T22:08:09.022+0000] {logging_mixin.py:188} INFO - Downloaded TSLA/1770141325.json -> /tmp/minio_downloads/1770141325.json
[2026-02-03T22:08:09.034+0000] {logging_mixin.py:188} INFO - Downloaded TSLA/1770141335.json -> /tmp/minio_downloads/1770141335.json
[2026-02-03T22:08:09.045+0000] {logging_mixin.py:188} INFO - Downloaded TSLA/1770141345.json -> /tmp/minio_downloads/1770141345.json
[2026-02-03T22:08:09.056+0000] {logging_mixin.py:188} INFO - Downloaded TSLA/1770141354.json -> /tmp/minio_downloads/1770141354.json
[2026-02-03T22:08:09.068+0000] {logging_mixin.py:188} INFO - Downloaded TSLA/1770141363.json -> /tmp/minio_downloads/1770141363.json
[2026-02-03T22:08:09.081+0000] {logging_mixin.py:188} INFO - Downloaded TSLA/1770141372.json -> /tmp/minio_downloads/1770141372.json
[2026-02-03T22:08:09.093+0000] {logging_mixin.py:188} INFO - Downloaded TSLA/1770141381.json -> /tmp/minio_downloads/1770141381.json
[2026-02-03T22:08:09.104+0000] {logging_mixin.py:188} INFO - Downloaded TSLA/1770141391.json -> /tmp/minio_downloads/1770141391.json
[2026-02-03T22:08:09.116+0000] {logging_mixin.py:188} INFO - Downloaded TSLA/1770141400.json -> /tmp/minio_downloads/1770141400.json
[2026-02-03T22:08:09.127+0000] {logging_mixin.py:188} INFO - Downloaded TSLA/1770141409.json -> /tmp/minio_downloads/1770141409.json
[2026-02-03T22:08:09.139+0000] {logging_mixin.py:188} INFO - Downloaded TSLA/1770141421.json -> /tmp/minio_downloads/1770141421.json
[2026-02-03T22:08:09.150+0000] {logging_mixin.py:188} INFO - Downloaded TSLA/1770141432.json -> /tmp/minio_downloads/1770141432.json
[2026-02-03T22:08:09.161+0000] {logging_mixin.py:188} INFO - Downloaded TSLA/1770141443.json -> /tmp/minio_downloads/1770141443.json
[2026-02-03T22:08:09.173+0000] {logging_mixin.py:188} INFO - Downloaded TSLA/1770141454.json -> /tmp/minio_downloads/1770141454.json
[2026-02-03T22:08:09.186+0000] {logging_mixin.py:188} INFO - Downloaded TSLA/1770141466.json -> /tmp/minio_downloads/1770141466.json
[2026-02-03T22:08:09.197+0000] {logging_mixin.py:188} INFO - Downloaded TSLA/1770141477.json -> /tmp/minio_downloads/1770141477.json
[2026-02-03T22:08:09.208+0000] {logging_mixin.py:188} INFO - Downloaded TSLA/1770141488.json -> /tmp/minio_downloads/1770141488.json
[2026-02-03T22:08:09.220+0000] {logging_mixin.py:188} INFO - Downloaded TSLA/1770141499.json -> /tmp/minio_downloads/1770141499.json
[2026-02-03T22:08:09.239+0000] {logging_mixin.py:188} INFO - Downloaded TSLA/1770141511.json -> /tmp/minio_downloads/1770141511.json
[2026-02-03T22:08:09.250+0000] {logging_mixin.py:188} INFO - Downloaded TSLA/1770141522.json -> /tmp/minio_downloads/1770141522.json
[2026-02-03T22:08:09.262+0000] {logging_mixin.py:188} INFO - Downloaded TSLA/1770141533.json -> /tmp/minio_downloads/1770141533.json
[2026-02-03T22:08:09.274+0000] {logging_mixin.py:188} INFO - Downloaded TSLA/1770141545.json -> /tmp/minio_downloads/1770141545.json
[2026-02-03T22:08:09.286+0000] {logging_mixin.py:188} INFO - Downloaded TSLA/1770141556.json -> /tmp/minio_downloads/1770141556.json
[2026-02-03T22:08:09.298+0000] {logging_mixin.py:188} INFO - Downloaded TSLA/1770141567.json -> /tmp/minio_downloads/1770141567.json
[2026-02-03T22:08:09.311+0000] {logging_mixin.py:188} INFO - Downloaded TSLA/1770141578.json -> /tmp/minio_downloads/1770141578.json
[2026-02-03T22:08:09.324+0000] {logging_mixin.py:188} INFO - Downloaded TSLA/1770141589.json -> /tmp/minio_downloads/1770141589.json
[2026-02-03T22:08:09.336+0000] {logging_mixin.py:188} INFO - Downloaded TSLA/1770141600.json -> /tmp/minio_downloads/1770141600.json
[2026-02-03T22:08:09.348+0000] {logging_mixin.py:188} INFO - Downloaded TSLA/1770141612.json -> /tmp/minio_downloads/1770141612.json
[2026-02-03T22:08:09.360+0000] {logging_mixin.py:188} INFO - Downloaded TSLA/1770141624.json -> /tmp/minio_downloads/1770141624.json
[2026-02-03T22:08:09.372+0000] {logging_mixin.py:188} INFO - Downloaded TSLA/1770141635.json -> /tmp/minio_downloads/1770141635.json
[2026-02-03T22:08:09.383+0000] {logging_mixin.py:188} INFO - Downloaded TSLA/1770141647.json -> /tmp/minio_downloads/1770141647.json
[2026-02-03T22:08:09.397+0000] {logging_mixin.py:188} INFO - Downloaded TSLA/1770141658.json -> /tmp/minio_downloads/1770141658.json
[2026-02-03T22:08:09.410+0000] {logging_mixin.py:188} INFO - Downloaded TSLA/1770141670.json -> /tmp/minio_downloads/1770141670.json
[2026-02-03T22:08:09.426+0000] {logging_mixin.py:188} INFO - Downloaded TSLA/1770141681.json -> /tmp/minio_downloads/1770141681.json
[2026-02-03T22:08:09.441+0000] {logging_mixin.py:188} INFO - Downloaded TSLA/1770141692.json -> /tmp/minio_downloads/1770141692.json
[2026-02-03T22:08:09.454+0000] {logging_mixin.py:188} INFO - Downloaded TSLA/1770141703.json -> /tmp/minio_downloads/1770141703.json
[2026-02-03T22:08:09.468+0000] {logging_mixin.py:188} INFO - Downloaded TSLA/1770141713.json -> /tmp/minio_downloads/1770141713.json
[2026-02-03T22:08:09.482+0000] {logging_mixin.py:188} INFO - Downloaded TSLA/1770141722.json -> /tmp/minio_downloads/1770141722.json
[2026-02-03T22:08:09.494+0000] {logging_mixin.py:188} INFO - Downloaded TSLA/1770141731.json -> /tmp/minio_downloads/1770141731.json
[2026-02-03T22:08:09.496+0000] {python.py:237} INFO - Done. Returned value was: ['/tmp/minio_downloads/1770141223.json', '/tmp/minio_downloads/1770141232.json', '/tmp/minio_downloads/1770141241.json', '/tmp/minio_downloads/1770141249.json', '/tmp/minio_downloads/1770141259.json', '/tmp/minio_downloads/1770141269.json', '/tmp/minio_downloads/1770141280.json', '/tmp/minio_downloads/1770141290.json', '/tmp/minio_downloads/1770141302.json', '/tmp/minio_downloads/1770141312.json', '/tmp/minio_downloads/1770141322.json', '/tmp/minio_downloads/1770141332.json', '/tmp/minio_downloads/1770141342.json', '/tmp/minio_downloads/1770141351.json', '/tmp/minio_downloads/1770141360.json', '/tmp/minio_downloads/1770141370.json', '/tmp/minio_downloads/1770141379.json', '/tmp/minio_downloads/1770141388.json', '/tmp/minio_downloads/1770141398.json', '/tmp/minio_downloads/1770141406.json', '/tmp/minio_downloads/1770141416.json', '/tmp/minio_downloads/1770141428.json', '/tmp/minio_downloads/1770141439.json', '/tmp/minio_downloads/1770141450.json', '/tmp/minio_downloads/1770141461.json', '/tmp/minio_downloads/1770141473.json', '/tmp/minio_downloads/1770141484.json', '/tmp/minio_downloads/1770141495.json', '/tmp/minio_downloads/1770141507.json', '/tmp/minio_downloads/1770141518.json', '/tmp/minio_downloads/1770141529.json', '/tmp/minio_downloads/1770141540.json', '/tmp/minio_downloads/1770141552.json', '/tmp/minio_downloads/1770141563.json', '/tmp/minio_downloads/1770141574.json', '/tmp/minio_downloads/1770141585.json', '/tmp/minio_downloads/1770141596.json', '/tmp/minio_downloads/1770141607.json', '/tmp/minio_downloads/1770141619.json', '/tmp/minio_downloads/1770141631.json', '/tmp/minio_downloads/1770141642.json', '/tmp/minio_downloads/1770141654.json', '/tmp/minio_downloads/1770141665.json', '/tmp/minio_downloads/1770141677.json', '/tmp/minio_downloads/1770141688.json', '/tmp/minio_downloads/1770141699.json', '/tmp/minio_downloads/1770141711.json', '/tmp/minio_downloads/1770141719.json', '/tmp/minio_downloads/1770141728.json', '/tmp/minio_downloads/1770141737.json', '/tmp/minio_downloads/1770141224.json', '/tmp/minio_downloads/1770141233.json', '/tmp/minio_downloads/1770141242.json', '/tmp/minio_downloads/1770141251.json', '/tmp/minio_downloads/1770141260.json', '/tmp/minio_downloads/1770141273.json', '/tmp/minio_downloads/1770141282.json', '/tmp/minio_downloads/1770141294.json', '/tmp/minio_downloads/1770141305.json', '/tmp/minio_downloads/1770141315.json', '/tmp/minio_downloads/1770141324.json', '/tmp/minio_downloads/1770141335.json', '/tmp/minio_downloads/1770141344.json', '/tmp/minio_downloads/1770141353.json', '/tmp/minio_downloads/1770141362.json', '/tmp/minio_downloads/1770141372.json', '/tmp/minio_downloads/1770141380.json', '/tmp/minio_downloads/1770141391.json', '/tmp/minio_downloads/1770141399.json', '/tmp/minio_downloads/1770141409.json', '/tmp/minio_downloads/1770141420.json', '/tmp/minio_downloads/1770141431.json', '/tmp/minio_downloads/1770141442.json', '/tmp/minio_downloads/1770141453.json', '/tmp/minio_downloads/1770141465.json', '/tmp/minio_downloads/1770141476.json', '/tmp/minio_downloads/1770141487.json', '/tmp/minio_downloads/1770141498.json', '/tmp/minio_downloads/1770141510.json', '/tmp/minio_downloads/1770141521.json', '/tmp/minio_downloads/1770141532.json', '/tmp/minio_downloads/1770141543.json', '/tmp/minio_downloads/1770141555.json', '/tmp/minio_downloads/1770141566.json', '/tmp/minio_downloads/1770141577.json', '/tmp/minio_downloads/1770141588.json', '/tmp/minio_downloads/1770141599.json', '/tmp/minio_downloads/1770141611.json', '/tmp/minio_downloads/1770141623.json', '/tmp/minio_downloads/1770141634.json', '/tmp/minio_downloads/1770141646.json', '/tmp/minio_downloads/1770141657.json', '/tmp/minio_downloads/1770141669.json', '/tmp/minio_downloads/1770141680.json', '/tmp/minio_downloads/1770141691.json', '/tmp/minio_downloads/1770141703.json', '/tmp/minio_downloads/1770141712.json', '/tmp/minio_downloads/1770141721.json', '/tmp/minio_downloads/1770141730.json', '/tmp/minio_downloads/1770141224.json', '/tmp/minio_downloads/1770141233.json', '/tmp/minio_downloads/1770141242.json', '/tmp/minio_downloads/1770141250.json', '/tmp/minio_downloads/1770141260.json', '/tmp/minio_downloads/1770141272.json', '/tmp/minio_downloads/1770141282.json', '/tmp/minio_downloads/1770141292.json', '/tmp/minio_downloads/1770141305.json', '/tmp/minio_downloads/1770141314.json', '/tmp/minio_downloads/1770141323.json', '/tmp/minio_downloads/1770141334.json', '/tmp/minio_downloads/1770141343.json', '/tmp/minio_downloads/1770141353.json', '/tmp/minio_downloads/1770141361.json', '/tmp/minio_downloads/1770141372.json', '/tmp/minio_downloads/1770141380.json', '/tmp/minio_downloads/1770141390.json', '/tmp/minio_downloads/1770141399.json', '/tmp/minio_downloads/1770141408.json', '/tmp/minio_downloads/1770141419.json', '/tmp/minio_downloads/1770141430.json', '/tmp/minio_downloads/1770141441.json', '/tmp/minio_downloads/1770141452.json', '/tmp/minio_downloads/1770141464.json', '/tmp/minio_downloads/1770141475.json', '/tmp/minio_downloads/1770141486.json', '/tmp/minio_downloads/1770141497.json', '/tmp/minio_downloads/1770141509.json', '/tmp/minio_downloads/1770141520.json', '/tmp/minio_downloads/1770141531.json', '/tmp/minio_downloads/1770141542.json', '/tmp/minio_downloads/1770141554.json', '/tmp/minio_downloads/1770141565.json', '/tmp/minio_downloads/1770141576.json', '/tmp/minio_downloads/1770141587.json', '/tmp/minio_downloads/1770141598.json', '/tmp/minio_downloads/1770141610.json', '/tmp/minio_downloads/1770141622.json', '/tmp/minio_downloads/1770141633.json', '/tmp/minio_downloads/1770141645.json', '/tmp/minio_downloads/1770141656.json', '/tmp/minio_downloads/1770141668.json', '/tmp/minio_downloads/1770141679.json', '/tmp/minio_downloads/1770141690.json', '/tmp/minio_downloads/1770141702.json', '/tmp/minio_downloads/1770141712.json', '/tmp/minio_downloads/1770141720.json', '/tmp/minio_downloads/1770141730.json', '/tmp/minio_downloads/1770141738.json', '/tmp/minio_downloads/1770141223.json', '/tmp/minio_downloads/1770141232.json', '/tmp/minio_downloads/1770141241.json', '/tmp/minio_downloads/1770141250.json', '/tmp/minio_downloads/1770141259.json', '/tmp/minio_downloads/1770141270.json', '/tmp/minio_downloads/1770141281.json', '/tmp/minio_downloads/1770141291.json', '/tmp/minio_downloads/1770141304.json', '/tmp/minio_downloads/1770141313.json', '/tmp/minio_downloads/1770141323.json', '/tmp/minio_downloads/1770141333.json', '/tmp/minio_downloads/1770141343.json', '/tmp/minio_downloads/1770141352.json', '/tmp/minio_downloads/1770141361.json', '/tmp/minio_downloads/1770141371.json', '/tmp/minio_downloads/1770141379.json', '/tmp/minio_downloads/1770141389.json', '/tmp/minio_downloads/1770141398.json', '/tmp/minio_downloads/1770141408.json', '/tmp/minio_downloads/1770141417.json', '/tmp/minio_downloads/1770141429.json', '/tmp/minio_downloads/1770141440.json', '/tmp/minio_downloads/1770141451.json', '/tmp/minio_downloads/1770141463.json', '/tmp/minio_downloads/1770141474.json', '/tmp/minio_downloads/1770141485.json', '/tmp/minio_downloads/1770141496.json', '/tmp/minio_downloads/1770141508.json', '/tmp/minio_downloads/1770141519.json', '/tmp/minio_downloads/1770141530.json', '/tmp/minio_downloads/1770141541.json', '/tmp/minio_downloads/1770141553.json', '/tmp/minio_downloads/1770141564.json', '/tmp/minio_downloads/1770141575.json', '/tmp/minio_downloads/1770141586.json', '/tmp/minio_downloads/1770141597.json', '/tmp/minio_downloads/1770141608.json', '/tmp/minio_downloads/1770141621.json', '/tmp/minio_downloads/1770141632.json', '/tmp/minio_downloads/1770141644.json', '/tmp/minio_downloads/1770141655.json', '/tmp/minio_downloads/1770141666.json', '/tmp/minio_downloads/1770141678.json', '/tmp/minio_downloads/1770141689.json', '/tmp/minio_downloads/1770141701.json', '/tmp/minio_downloads/1770141711.json', '/tmp/minio_downloads/1770141720.json', '/tmp/minio_downloads/1770141729.json', '/tmp/minio_downloads/1770141738.json', '/tmp/minio_downloads/1770141225.json', '/tmp/minio_downloads/1770141234.json', '/tmp/minio_downloads/1770141243.json', '/tmp/minio_downloads/1770141252.json', '/tmp/minio_downloads/1770141261.json', '/tmp/minio_downloads/1770141273.json', '/tmp/minio_downloads/1770141283.json', '/tmp/minio_downloads/1770141295.json', '/tmp/minio_downloads/1770141306.json', '/tmp/minio_downloads/1770141316.json', '/tmp/minio_downloads/1770141325.json', '/tmp/minio_downloads/1770141335.json', '/tmp/minio_downloads/1770141345.json', '/tmp/minio_downloads/1770141354.json', '/tmp/minio_downloads/1770141363.json', '/tmp/minio_downloads/1770141372.json', '/tmp/minio_downloads/1770141381.json', '/tmp/minio_downloads/1770141391.json', '/tmp/minio_downloads/1770141400.json', '/tmp/minio_downloads/1770141409.json', '/tmp/minio_downloads/1770141421.json', '/tmp/minio_downloads/1770141432.json', '/tmp/minio_downloads/1770141443.json', '/tmp/minio_downloads/1770141454.json', '/tmp/minio_downloads/1770141466.json', '/tmp/minio_downloads/1770141477.json', '/tmp/minio_downloads/1770141488.json', '/tmp/minio_downloads/1770141499.json', '/tmp/minio_downloads/1770141511.json', '/tmp/minio_downloads/1770141522.json', '/tmp/minio_downloads/1770141533.json', '/tmp/minio_downloads/1770141545.json', '/tmp/minio_downloads/1770141556.json', '/tmp/minio_downloads/1770141567.json', '/tmp/minio_downloads/1770141578.json', '/tmp/minio_downloads/1770141589.json', '/tmp/minio_downloads/1770141600.json', '/tmp/minio_downloads/1770141612.json', '/tmp/minio_downloads/1770141624.json', '/tmp/minio_downloads/1770141635.json', '/tmp/minio_downloads/1770141647.json', '/tmp/minio_downloads/1770141658.json', '/tmp/minio_downloads/1770141670.json', '/tmp/minio_downloads/1770141681.json', '/tmp/minio_downloads/1770141692.json', '/tmp/minio_downloads/1770141703.json', '/tmp/minio_downloads/1770141713.json', '/tmp/minio_downloads/1770141722.json', '/tmp/minio_downloads/1770141731.json']
[2026-02-03T22:08:09.499+0000] {taskinstance.py:441} INFO - ::group::Post task execution logs
[2026-02-03T22:08:09.534+0000] {taskinstance.py:1206} INFO - Marking task as SUCCESS. dag_id=minio_to_snowflake, task_id=download_minio, run_id=scheduled__2026-02-03T22:07:00+00:00, execution_date=20260203T220700, start_date=20260203T220805, end_date=20260203T220809
[2026-02-03T22:08:09.601+0000] {local_task_job_runner.py:243} INFO - Task exited with return code 0
[2026-02-03T22:08:09.640+0000] {taskinstance.py:3503} INFO - 1 downstream tasks scheduled from follow-on schedule check
[2026-02-03T22:08:09.645+0000] {local_task_job_runner.py:222} INFO - ::endgroup::
