[2026-02-04T18:33:03.934+0000] {local_task_job_runner.py:120} INFO - ::group::Pre task execution logs
[2026-02-04T18:33:03.964+0000] {taskinstance.py:2076} INFO - Dependencies all met for dep_context=non-requeueable deps ti=<TaskInstance: minio_to_snowflake.download_minio scheduled__2026-02-04T18:32:00+00:00 [queued]>
[2026-02-04T18:33:03.978+0000] {taskinstance.py:2076} INFO - Dependencies all met for dep_context=requeueable deps ti=<TaskInstance: minio_to_snowflake.download_minio scheduled__2026-02-04T18:32:00+00:00 [queued]>
[2026-02-04T18:33:03.981+0000] {taskinstance.py:2306} INFO - Starting attempt 1 of 2
[2026-02-04T18:33:03.997+0000] {taskinstance.py:2330} INFO - Executing <Task(PythonOperator): download_minio> on 2026-02-04 18:32:00+00:00
[2026-02-04T18:33:04.006+0000] {standard_task_runner.py:90} INFO - Running: ['***', 'tasks', 'run', 'minio_to_snowflake', 'download_minio', 'scheduled__2026-02-04T18:32:00+00:00', '--job-id', '641', '--raw', '--subdir', 'DAGS_FOLDER/minio-snowflake.py', '--cfg-path', '/tmp/tmpj7oyredg']
[2026-02-04T18:33:04.010+0000] {standard_task_runner.py:91} INFO - Job 641: Subtask download_minio
[2026-02-04T18:33:04.010+0000] {logging_mixin.py:188} WARNING - /home/***/.local/lib/python3.12/site-packages/***/task/task_runner/standard_task_runner.py:62 DeprecationWarning: This process (pid=48752) is multi-threaded, use of fork() may lead to deadlocks in the child.
[2026-02-04T18:33:04.012+0000] {standard_task_runner.py:64} INFO - Started process 48774 to run task
[2026-02-04T18:33:04.083+0000] {task_command.py:426} INFO - Running <TaskInstance: minio_to_snowflake.download_minio scheduled__2026-02-04T18:32:00+00:00 [running]> on host 41904ffa35ec
[2026-02-04T18:33:04.196+0000] {taskinstance.py:2648} INFO - Exporting env vars: AIRFLOW_CTX_DAG_OWNER='***' AIRFLOW_CTX_DAG_ID='minio_to_snowflake' AIRFLOW_CTX_TASK_ID='download_minio' AIRFLOW_CTX_EXECUTION_DATE='2026-02-04T18:32:00+00:00' AIRFLOW_CTX_TRY_NUMBER='1' AIRFLOW_CTX_DAG_RUN_ID='scheduled__2026-02-04T18:32:00+00:00'
[2026-02-04T18:33:04.197+0000] {taskinstance.py:430} INFO - ::endgroup::
[2026-02-04T18:33:04.499+0000] {logging_mixin.py:188} INFO - Downloaded AAPL/1770141223.json -> /tmp/minio_downloads/1770141223.json
[2026-02-04T18:33:04.507+0000] {logging_mixin.py:188} INFO - Downloaded AAPL/1770141232.json -> /tmp/minio_downloads/1770141232.json
[2026-02-04T18:33:04.514+0000] {logging_mixin.py:188} INFO - Downloaded AAPL/1770141241.json -> /tmp/minio_downloads/1770141241.json
[2026-02-04T18:33:04.521+0000] {logging_mixin.py:188} INFO - Downloaded AAPL/1770141249.json -> /tmp/minio_downloads/1770141249.json
[2026-02-04T18:33:04.527+0000] {logging_mixin.py:188} INFO - Downloaded AAPL/1770141259.json -> /tmp/minio_downloads/1770141259.json
[2026-02-04T18:33:04.534+0000] {logging_mixin.py:188} INFO - Downloaded AAPL/1770141269.json -> /tmp/minio_downloads/1770141269.json
[2026-02-04T18:33:04.541+0000] {logging_mixin.py:188} INFO - Downloaded AAPL/1770141280.json -> /tmp/minio_downloads/1770141280.json
[2026-02-04T18:33:04.548+0000] {logging_mixin.py:188} INFO - Downloaded AAPL/1770141290.json -> /tmp/minio_downloads/1770141290.json
[2026-02-04T18:33:04.556+0000] {logging_mixin.py:188} INFO - Downloaded AAPL/1770141302.json -> /tmp/minio_downloads/1770141302.json
[2026-02-04T18:33:04.566+0000] {logging_mixin.py:188} INFO - Downloaded AAPL/1770141312.json -> /tmp/minio_downloads/1770141312.json
[2026-02-04T18:33:04.576+0000] {logging_mixin.py:188} INFO - Downloaded AAPL/1770141322.json -> /tmp/minio_downloads/1770141322.json
[2026-02-04T18:33:04.588+0000] {logging_mixin.py:188} INFO - Downloaded AAPL/1770141332.json -> /tmp/minio_downloads/1770141332.json
[2026-02-04T18:33:04.600+0000] {logging_mixin.py:188} INFO - Downloaded AAPL/1770141342.json -> /tmp/minio_downloads/1770141342.json
[2026-02-04T18:33:04.608+0000] {logging_mixin.py:188} INFO - Downloaded AAPL/1770141351.json -> /tmp/minio_downloads/1770141351.json
[2026-02-04T18:33:04.622+0000] {logging_mixin.py:188} INFO - Downloaded AAPL/1770141360.json -> /tmp/minio_downloads/1770141360.json
[2026-02-04T18:33:04.636+0000] {logging_mixin.py:188} INFO - Downloaded AAPL/1770141370.json -> /tmp/minio_downloads/1770141370.json
[2026-02-04T18:33:04.650+0000] {logging_mixin.py:188} INFO - Downloaded AAPL/1770141379.json -> /tmp/minio_downloads/1770141379.json
[2026-02-04T18:33:04.664+0000] {logging_mixin.py:188} INFO - Downloaded AAPL/1770141388.json -> /tmp/minio_downloads/1770141388.json
[2026-02-04T18:33:04.675+0000] {logging_mixin.py:188} INFO - Downloaded AAPL/1770141398.json -> /tmp/minio_downloads/1770141398.json
[2026-02-04T18:33:04.690+0000] {logging_mixin.py:188} INFO - Downloaded AAPL/1770141406.json -> /tmp/minio_downloads/1770141406.json
[2026-02-04T18:33:04.706+0000] {logging_mixin.py:188} INFO - Downloaded AAPL/1770141416.json -> /tmp/minio_downloads/1770141416.json
[2026-02-04T18:33:04.722+0000] {logging_mixin.py:188} INFO - Downloaded AAPL/1770141428.json -> /tmp/minio_downloads/1770141428.json
[2026-02-04T18:33:04.737+0000] {logging_mixin.py:188} INFO - Downloaded AAPL/1770141439.json -> /tmp/minio_downloads/1770141439.json
[2026-02-04T18:33:04.754+0000] {logging_mixin.py:188} INFO - Downloaded AAPL/1770141450.json -> /tmp/minio_downloads/1770141450.json
[2026-02-04T18:33:04.772+0000] {logging_mixin.py:188} INFO - Downloaded AAPL/1770141461.json -> /tmp/minio_downloads/1770141461.json
[2026-02-04T18:33:04.789+0000] {logging_mixin.py:188} INFO - Downloaded AAPL/1770141473.json -> /tmp/minio_downloads/1770141473.json
[2026-02-04T18:33:04.801+0000] {logging_mixin.py:188} INFO - Downloaded AAPL/1770141484.json -> /tmp/minio_downloads/1770141484.json
[2026-02-04T18:33:04.809+0000] {logging_mixin.py:188} INFO - Downloaded AAPL/1770141495.json -> /tmp/minio_downloads/1770141495.json
[2026-02-04T18:33:04.816+0000] {logging_mixin.py:188} INFO - Downloaded AAPL/1770141507.json -> /tmp/minio_downloads/1770141507.json
[2026-02-04T18:33:04.823+0000] {logging_mixin.py:188} INFO - Downloaded AAPL/1770141518.json -> /tmp/minio_downloads/1770141518.json
[2026-02-04T18:33:04.829+0000] {logging_mixin.py:188} INFO - Downloaded AAPL/1770141529.json -> /tmp/minio_downloads/1770141529.json
[2026-02-04T18:33:04.836+0000] {logging_mixin.py:188} INFO - Downloaded AAPL/1770141540.json -> /tmp/minio_downloads/1770141540.json
[2026-02-04T18:33:04.850+0000] {logging_mixin.py:188} INFO - Downloaded AAPL/1770141552.json -> /tmp/minio_downloads/1770141552.json
[2026-02-04T18:33:04.859+0000] {logging_mixin.py:188} INFO - Downloaded AAPL/1770141563.json -> /tmp/minio_downloads/1770141563.json
[2026-02-04T18:33:04.868+0000] {logging_mixin.py:188} INFO - Downloaded AAPL/1770141574.json -> /tmp/minio_downloads/1770141574.json
[2026-02-04T18:33:04.876+0000] {logging_mixin.py:188} INFO - Downloaded AAPL/1770141585.json -> /tmp/minio_downloads/1770141585.json
[2026-02-04T18:33:04.883+0000] {logging_mixin.py:188} INFO - Downloaded AAPL/1770141596.json -> /tmp/minio_downloads/1770141596.json
[2026-02-04T18:33:04.891+0000] {logging_mixin.py:188} INFO - Downloaded AAPL/1770141607.json -> /tmp/minio_downloads/1770141607.json
[2026-02-04T18:33:04.899+0000] {logging_mixin.py:188} INFO - Downloaded AAPL/1770141619.json -> /tmp/minio_downloads/1770141619.json
[2026-02-04T18:33:04.914+0000] {logging_mixin.py:188} INFO - Downloaded AAPL/1770141631.json -> /tmp/minio_downloads/1770141631.json
[2026-02-04T18:33:04.925+0000] {logging_mixin.py:188} INFO - Downloaded AAPL/1770141642.json -> /tmp/minio_downloads/1770141642.json
[2026-02-04T18:33:04.934+0000] {logging_mixin.py:188} INFO - Downloaded AAPL/1770141654.json -> /tmp/minio_downloads/1770141654.json
[2026-02-04T18:33:04.952+0000] {logging_mixin.py:188} INFO - Downloaded AAPL/1770141665.json -> /tmp/minio_downloads/1770141665.json
[2026-02-04T18:33:04.974+0000] {logging_mixin.py:188} INFO - Downloaded AAPL/1770141677.json -> /tmp/minio_downloads/1770141677.json
[2026-02-04T18:33:04.985+0000] {logging_mixin.py:188} INFO - Downloaded AAPL/1770141688.json -> /tmp/minio_downloads/1770141688.json
[2026-02-04T18:33:04.996+0000] {logging_mixin.py:188} INFO - Downloaded AAPL/1770141699.json -> /tmp/minio_downloads/1770141699.json
[2026-02-04T18:33:05.005+0000] {logging_mixin.py:188} INFO - Downloaded AAPL/1770141711.json -> /tmp/minio_downloads/1770141711.json
[2026-02-04T18:33:05.015+0000] {logging_mixin.py:188} INFO - Downloaded AAPL/1770141719.json -> /tmp/minio_downloads/1770141719.json
[2026-02-04T18:33:05.023+0000] {logging_mixin.py:188} INFO - Downloaded AAPL/1770141728.json -> /tmp/minio_downloads/1770141728.json
[2026-02-04T18:33:05.031+0000] {logging_mixin.py:188} INFO - Downloaded AAPL/1770141737.json -> /tmp/minio_downloads/1770141737.json
[2026-02-04T18:33:05.038+0000] {logging_mixin.py:188} INFO - Downloaded AMZN/1770141224.json -> /tmp/minio_downloads/1770141224.json
[2026-02-04T18:33:05.045+0000] {logging_mixin.py:188} INFO - Downloaded AMZN/1770141233.json -> /tmp/minio_downloads/1770141233.json
[2026-02-04T18:33:05.052+0000] {logging_mixin.py:188} INFO - Downloaded AMZN/1770141242.json -> /tmp/minio_downloads/1770141242.json
[2026-02-04T18:33:05.060+0000] {logging_mixin.py:188} INFO - Downloaded AMZN/1770141251.json -> /tmp/minio_downloads/1770141251.json
[2026-02-04T18:33:05.066+0000] {logging_mixin.py:188} INFO - Downloaded AMZN/1770141260.json -> /tmp/minio_downloads/1770141260.json
[2026-02-04T18:33:05.075+0000] {logging_mixin.py:188} INFO - Downloaded AMZN/1770141273.json -> /tmp/minio_downloads/1770141273.json
[2026-02-04T18:33:05.084+0000] {logging_mixin.py:188} INFO - Downloaded AMZN/1770141282.json -> /tmp/minio_downloads/1770141282.json
[2026-02-04T18:33:05.094+0000] {logging_mixin.py:188} INFO - Downloaded AMZN/1770141294.json -> /tmp/minio_downloads/1770141294.json
[2026-02-04T18:33:05.103+0000] {logging_mixin.py:188} INFO - Downloaded AMZN/1770141305.json -> /tmp/minio_downloads/1770141305.json
[2026-02-04T18:33:05.114+0000] {logging_mixin.py:188} INFO - Downloaded AMZN/1770141315.json -> /tmp/minio_downloads/1770141315.json
[2026-02-04T18:33:05.126+0000] {logging_mixin.py:188} INFO - Downloaded AMZN/1770141324.json -> /tmp/minio_downloads/1770141324.json
[2026-02-04T18:33:05.137+0000] {logging_mixin.py:188} INFO - Downloaded AMZN/1770141335.json -> /tmp/minio_downloads/1770141335.json
[2026-02-04T18:33:05.150+0000] {logging_mixin.py:188} INFO - Downloaded AMZN/1770141344.json -> /tmp/minio_downloads/1770141344.json
[2026-02-04T18:33:05.163+0000] {logging_mixin.py:188} INFO - Downloaded AMZN/1770141353.json -> /tmp/minio_downloads/1770141353.json
[2026-02-04T18:33:05.178+0000] {logging_mixin.py:188} INFO - Downloaded AMZN/1770141362.json -> /tmp/minio_downloads/1770141362.json
[2026-02-04T18:33:05.194+0000] {logging_mixin.py:188} INFO - Downloaded AMZN/1770141372.json -> /tmp/minio_downloads/1770141372.json
[2026-02-04T18:33:05.210+0000] {logging_mixin.py:188} INFO - Downloaded AMZN/1770141380.json -> /tmp/minio_downloads/1770141380.json
[2026-02-04T18:33:05.225+0000] {logging_mixin.py:188} INFO - Downloaded AMZN/1770141391.json -> /tmp/minio_downloads/1770141391.json
[2026-02-04T18:33:05.241+0000] {logging_mixin.py:188} INFO - Downloaded AMZN/1770141399.json -> /tmp/minio_downloads/1770141399.json
[2026-02-04T18:33:05.257+0000] {logging_mixin.py:188} INFO - Downloaded AMZN/1770141409.json -> /tmp/minio_downloads/1770141409.json
[2026-02-04T18:33:05.266+0000] {logging_mixin.py:188} INFO - Downloaded AMZN/1770141420.json -> /tmp/minio_downloads/1770141420.json
[2026-02-04T18:33:05.277+0000] {logging_mixin.py:188} INFO - Downloaded AMZN/1770141431.json -> /tmp/minio_downloads/1770141431.json
[2026-02-04T18:33:05.287+0000] {logging_mixin.py:188} INFO - Downloaded AMZN/1770141442.json -> /tmp/minio_downloads/1770141442.json
[2026-02-04T18:33:05.299+0000] {logging_mixin.py:188} INFO - Downloaded AMZN/1770141453.json -> /tmp/minio_downloads/1770141453.json
[2026-02-04T18:33:05.310+0000] {logging_mixin.py:188} INFO - Downloaded AMZN/1770141465.json -> /tmp/minio_downloads/1770141465.json
[2026-02-04T18:33:05.319+0000] {logging_mixin.py:188} INFO - Downloaded AMZN/1770141476.json -> /tmp/minio_downloads/1770141476.json
[2026-02-04T18:33:05.328+0000] {logging_mixin.py:188} INFO - Downloaded AMZN/1770141487.json -> /tmp/minio_downloads/1770141487.json
[2026-02-04T18:33:05.340+0000] {logging_mixin.py:188} INFO - Downloaded AMZN/1770141498.json -> /tmp/minio_downloads/1770141498.json
[2026-02-04T18:33:05.347+0000] {logging_mixin.py:188} INFO - Downloaded AMZN/1770141510.json -> /tmp/minio_downloads/1770141510.json
[2026-02-04T18:33:05.356+0000] {logging_mixin.py:188} INFO - Downloaded AMZN/1770141521.json -> /tmp/minio_downloads/1770141521.json
[2026-02-04T18:33:05.365+0000] {logging_mixin.py:188} INFO - Downloaded AMZN/1770141532.json -> /tmp/minio_downloads/1770141532.json
[2026-02-04T18:33:05.381+0000] {logging_mixin.py:188} INFO - Downloaded AMZN/1770141543.json -> /tmp/minio_downloads/1770141543.json
[2026-02-04T18:33:05.398+0000] {logging_mixin.py:188} INFO - Downloaded AMZN/1770141555.json -> /tmp/minio_downloads/1770141555.json
[2026-02-04T18:33:05.412+0000] {logging_mixin.py:188} INFO - Downloaded AMZN/1770141566.json -> /tmp/minio_downloads/1770141566.json
[2026-02-04T18:33:05.421+0000] {logging_mixin.py:188} INFO - Downloaded AMZN/1770141577.json -> /tmp/minio_downloads/1770141577.json
[2026-02-04T18:33:05.429+0000] {logging_mixin.py:188} INFO - Downloaded AMZN/1770141588.json -> /tmp/minio_downloads/1770141588.json
[2026-02-04T18:33:05.437+0000] {logging_mixin.py:188} INFO - Downloaded AMZN/1770141599.json -> /tmp/minio_downloads/1770141599.json
[2026-02-04T18:33:05.448+0000] {logging_mixin.py:188} INFO - Downloaded AMZN/1770141611.json -> /tmp/minio_downloads/1770141611.json
[2026-02-04T18:33:05.458+0000] {logging_mixin.py:188} INFO - Downloaded AMZN/1770141623.json -> /tmp/minio_downloads/1770141623.json
[2026-02-04T18:33:05.469+0000] {logging_mixin.py:188} INFO - Downloaded AMZN/1770141634.json -> /tmp/minio_downloads/1770141634.json
[2026-02-04T18:33:05.477+0000] {logging_mixin.py:188} INFO - Downloaded AMZN/1770141646.json -> /tmp/minio_downloads/1770141646.json
[2026-02-04T18:33:05.485+0000] {logging_mixin.py:188} INFO - Downloaded AMZN/1770141657.json -> /tmp/minio_downloads/1770141657.json
[2026-02-04T18:33:05.492+0000] {logging_mixin.py:188} INFO - Downloaded AMZN/1770141669.json -> /tmp/minio_downloads/1770141669.json
[2026-02-04T18:33:05.500+0000] {logging_mixin.py:188} INFO - Downloaded AMZN/1770141680.json -> /tmp/minio_downloads/1770141680.json
[2026-02-04T18:33:05.508+0000] {logging_mixin.py:188} INFO - Downloaded AMZN/1770141691.json -> /tmp/minio_downloads/1770141691.json
[2026-02-04T18:33:05.518+0000] {logging_mixin.py:188} INFO - Downloaded AMZN/1770141703.json -> /tmp/minio_downloads/1770141703.json
[2026-02-04T18:33:05.525+0000] {logging_mixin.py:188} INFO - Downloaded AMZN/1770141712.json -> /tmp/minio_downloads/1770141712.json
[2026-02-04T18:33:05.533+0000] {logging_mixin.py:188} INFO - Downloaded AMZN/1770141721.json -> /tmp/minio_downloads/1770141721.json
[2026-02-04T18:33:05.541+0000] {logging_mixin.py:188} INFO - Downloaded AMZN/1770141730.json -> /tmp/minio_downloads/1770141730.json
[2026-02-04T18:33:05.548+0000] {logging_mixin.py:188} INFO - Downloaded GOOGL/1770141224.json -> /tmp/minio_downloads/1770141224.json
[2026-02-04T18:33:05.555+0000] {logging_mixin.py:188} INFO - Downloaded GOOGL/1770141233.json -> /tmp/minio_downloads/1770141233.json
[2026-02-04T18:33:05.562+0000] {logging_mixin.py:188} INFO - Downloaded GOOGL/1770141242.json -> /tmp/minio_downloads/1770141242.json
[2026-02-04T18:33:05.569+0000] {logging_mixin.py:188} INFO - Downloaded GOOGL/1770141250.json -> /tmp/minio_downloads/1770141250.json
[2026-02-04T18:33:05.576+0000] {logging_mixin.py:188} INFO - Downloaded GOOGL/1770141260.json -> /tmp/minio_downloads/1770141260.json
[2026-02-04T18:33:05.583+0000] {logging_mixin.py:188} INFO - Downloaded GOOGL/1770141272.json -> /tmp/minio_downloads/1770141272.json
[2026-02-04T18:33:05.589+0000] {logging_mixin.py:188} INFO - Downloaded GOOGL/1770141282.json -> /tmp/minio_downloads/1770141282.json
[2026-02-04T18:33:05.596+0000] {logging_mixin.py:188} INFO - Downloaded GOOGL/1770141292.json -> /tmp/minio_downloads/1770141292.json
[2026-02-04T18:33:05.604+0000] {logging_mixin.py:188} INFO - Downloaded GOOGL/1770141305.json -> /tmp/minio_downloads/1770141305.json
[2026-02-04T18:33:05.610+0000] {logging_mixin.py:188} INFO - Downloaded GOOGL/1770141314.json -> /tmp/minio_downloads/1770141314.json
[2026-02-04T18:33:05.617+0000] {logging_mixin.py:188} INFO - Downloaded GOOGL/1770141323.json -> /tmp/minio_downloads/1770141323.json
[2026-02-04T18:33:05.623+0000] {logging_mixin.py:188} INFO - Downloaded GOOGL/1770141334.json -> /tmp/minio_downloads/1770141334.json
[2026-02-04T18:33:05.630+0000] {logging_mixin.py:188} INFO - Downloaded GOOGL/1770141343.json -> /tmp/minio_downloads/1770141343.json
[2026-02-04T18:33:05.636+0000] {logging_mixin.py:188} INFO - Downloaded GOOGL/1770141353.json -> /tmp/minio_downloads/1770141353.json
[2026-02-04T18:33:05.642+0000] {logging_mixin.py:188} INFO - Downloaded GOOGL/1770141361.json -> /tmp/minio_downloads/1770141361.json
[2026-02-04T18:33:05.649+0000] {logging_mixin.py:188} INFO - Downloaded GOOGL/1770141372.json -> /tmp/minio_downloads/1770141372.json
[2026-02-04T18:33:05.659+0000] {logging_mixin.py:188} INFO - Downloaded GOOGL/1770141380.json -> /tmp/minio_downloads/1770141380.json
[2026-02-04T18:33:05.670+0000] {logging_mixin.py:188} INFO - Downloaded GOOGL/1770141390.json -> /tmp/minio_downloads/1770141390.json
[2026-02-04T18:33:05.679+0000] {logging_mixin.py:188} INFO - Downloaded GOOGL/1770141399.json -> /tmp/minio_downloads/1770141399.json
[2026-02-04T18:33:05.685+0000] {logging_mixin.py:188} INFO - Downloaded GOOGL/1770141408.json -> /tmp/minio_downloads/1770141408.json
[2026-02-04T18:33:05.692+0000] {logging_mixin.py:188} INFO - Downloaded GOOGL/1770141419.json -> /tmp/minio_downloads/1770141419.json
[2026-02-04T18:33:05.703+0000] {logging_mixin.py:188} INFO - Downloaded GOOGL/1770141430.json -> /tmp/minio_downloads/1770141430.json
[2026-02-04T18:33:05.714+0000] {logging_mixin.py:188} INFO - Downloaded GOOGL/1770141441.json -> /tmp/minio_downloads/1770141441.json
[2026-02-04T18:33:05.728+0000] {logging_mixin.py:188} INFO - Downloaded GOOGL/1770141452.json -> /tmp/minio_downloads/1770141452.json
[2026-02-04T18:33:05.737+0000] {logging_mixin.py:188} INFO - Downloaded GOOGL/1770141464.json -> /tmp/minio_downloads/1770141464.json
[2026-02-04T18:33:05.746+0000] {logging_mixin.py:188} INFO - Downloaded GOOGL/1770141475.json -> /tmp/minio_downloads/1770141475.json
[2026-02-04T18:33:05.753+0000] {logging_mixin.py:188} INFO - Downloaded GOOGL/1770141486.json -> /tmp/minio_downloads/1770141486.json
[2026-02-04T18:33:05.762+0000] {logging_mixin.py:188} INFO - Downloaded GOOGL/1770141497.json -> /tmp/minio_downloads/1770141497.json
[2026-02-04T18:33:05.769+0000] {logging_mixin.py:188} INFO - Downloaded GOOGL/1770141509.json -> /tmp/minio_downloads/1770141509.json
[2026-02-04T18:33:05.777+0000] {logging_mixin.py:188} INFO - Downloaded GOOGL/1770141520.json -> /tmp/minio_downloads/1770141520.json
[2026-02-04T18:33:05.783+0000] {logging_mixin.py:188} INFO - Downloaded GOOGL/1770141531.json -> /tmp/minio_downloads/1770141531.json
[2026-02-04T18:33:05.790+0000] {logging_mixin.py:188} INFO - Downloaded GOOGL/1770141542.json -> /tmp/minio_downloads/1770141542.json
[2026-02-04T18:33:05.804+0000] {logging_mixin.py:188} INFO - Downloaded GOOGL/1770141554.json -> /tmp/minio_downloads/1770141554.json
[2026-02-04T18:33:05.813+0000] {logging_mixin.py:188} INFO - Downloaded GOOGL/1770141565.json -> /tmp/minio_downloads/1770141565.json
[2026-02-04T18:33:05.824+0000] {logging_mixin.py:188} INFO - Downloaded GOOGL/1770141576.json -> /tmp/minio_downloads/1770141576.json
[2026-02-04T18:33:05.835+0000] {logging_mixin.py:188} INFO - Downloaded GOOGL/1770141587.json -> /tmp/minio_downloads/1770141587.json
[2026-02-04T18:33:05.843+0000] {logging_mixin.py:188} INFO - Downloaded GOOGL/1770141598.json -> /tmp/minio_downloads/1770141598.json
[2026-02-04T18:33:05.851+0000] {logging_mixin.py:188} INFO - Downloaded GOOGL/1770141610.json -> /tmp/minio_downloads/1770141610.json
[2026-02-04T18:33:05.861+0000] {logging_mixin.py:188} INFO - Downloaded GOOGL/1770141622.json -> /tmp/minio_downloads/1770141622.json
[2026-02-04T18:33:05.872+0000] {logging_mixin.py:188} INFO - Downloaded GOOGL/1770141633.json -> /tmp/minio_downloads/1770141633.json
[2026-02-04T18:33:05.883+0000] {logging_mixin.py:188} INFO - Downloaded GOOGL/1770141645.json -> /tmp/minio_downloads/1770141645.json
[2026-02-04T18:33:05.893+0000] {logging_mixin.py:188} INFO - Downloaded GOOGL/1770141656.json -> /tmp/minio_downloads/1770141656.json
[2026-02-04T18:33:05.903+0000] {logging_mixin.py:188} INFO - Downloaded GOOGL/1770141668.json -> /tmp/minio_downloads/1770141668.json
[2026-02-04T18:33:05.913+0000] {logging_mixin.py:188} INFO - Downloaded GOOGL/1770141679.json -> /tmp/minio_downloads/1770141679.json
[2026-02-04T18:33:05.924+0000] {logging_mixin.py:188} INFO - Downloaded GOOGL/1770141690.json -> /tmp/minio_downloads/1770141690.json
[2026-02-04T18:33:05.939+0000] {logging_mixin.py:188} INFO - Downloaded GOOGL/1770141702.json -> /tmp/minio_downloads/1770141702.json
[2026-02-04T18:33:05.948+0000] {logging_mixin.py:188} INFO - Downloaded GOOGL/1770141712.json -> /tmp/minio_downloads/1770141712.json
[2026-02-04T18:33:05.958+0000] {logging_mixin.py:188} INFO - Downloaded GOOGL/1770141720.json -> /tmp/minio_downloads/1770141720.json
[2026-02-04T18:33:05.965+0000] {logging_mixin.py:188} INFO - Downloaded GOOGL/1770141730.json -> /tmp/minio_downloads/1770141730.json
[2026-02-04T18:33:05.974+0000] {logging_mixin.py:188} INFO - Downloaded GOOGL/1770141738.json -> /tmp/minio_downloads/1770141738.json
[2026-02-04T18:33:05.981+0000] {logging_mixin.py:188} INFO - Downloaded MSFT/1770141223.json -> /tmp/minio_downloads/1770141223.json
[2026-02-04T18:33:05.989+0000] {logging_mixin.py:188} INFO - Downloaded MSFT/1770141232.json -> /tmp/minio_downloads/1770141232.json
[2026-02-04T18:33:05.999+0000] {logging_mixin.py:188} INFO - Downloaded MSFT/1770141241.json -> /tmp/minio_downloads/1770141241.json
[2026-02-04T18:33:06.009+0000] {logging_mixin.py:188} INFO - Downloaded MSFT/1770141250.json -> /tmp/minio_downloads/1770141250.json
[2026-02-04T18:33:06.019+0000] {logging_mixin.py:188} INFO - Downloaded MSFT/1770141259.json -> /tmp/minio_downloads/1770141259.json
[2026-02-04T18:33:06.029+0000] {logging_mixin.py:188} INFO - Downloaded MSFT/1770141270.json -> /tmp/minio_downloads/1770141270.json
[2026-02-04T18:33:06.036+0000] {logging_mixin.py:188} INFO - Downloaded MSFT/1770141281.json -> /tmp/minio_downloads/1770141281.json
[2026-02-04T18:33:06.044+0000] {logging_mixin.py:188} INFO - Downloaded MSFT/1770141291.json -> /tmp/minio_downloads/1770141291.json
[2026-02-04T18:33:06.053+0000] {logging_mixin.py:188} INFO - Downloaded MSFT/1770141304.json -> /tmp/minio_downloads/1770141304.json
[2026-02-04T18:33:06.067+0000] {logging_mixin.py:188} INFO - Downloaded MSFT/1770141313.json -> /tmp/minio_downloads/1770141313.json
[2026-02-04T18:33:06.075+0000] {logging_mixin.py:188} INFO - Downloaded MSFT/1770141323.json -> /tmp/minio_downloads/1770141323.json
[2026-02-04T18:33:06.086+0000] {logging_mixin.py:188} INFO - Downloaded MSFT/1770141333.json -> /tmp/minio_downloads/1770141333.json
[2026-02-04T18:33:06.096+0000] {logging_mixin.py:188} INFO - Downloaded MSFT/1770141343.json -> /tmp/minio_downloads/1770141343.json
[2026-02-04T18:33:06.107+0000] {logging_mixin.py:188} INFO - Downloaded MSFT/1770141352.json -> /tmp/minio_downloads/1770141352.json
[2026-02-04T18:33:06.124+0000] {logging_mixin.py:188} INFO - Downloaded MSFT/1770141361.json -> /tmp/minio_downloads/1770141361.json
[2026-02-04T18:33:06.143+0000] {logging_mixin.py:188} INFO - Downloaded MSFT/1770141371.json -> /tmp/minio_downloads/1770141371.json
[2026-02-04T18:33:06.158+0000] {logging_mixin.py:188} INFO - Downloaded MSFT/1770141379.json -> /tmp/minio_downloads/1770141379.json
[2026-02-04T18:33:06.177+0000] {logging_mixin.py:188} INFO - Downloaded MSFT/1770141389.json -> /tmp/minio_downloads/1770141389.json
[2026-02-04T18:33:06.191+0000] {logging_mixin.py:188} INFO - Downloaded MSFT/1770141398.json -> /tmp/minio_downloads/1770141398.json
[2026-02-04T18:33:06.200+0000] {logging_mixin.py:188} INFO - Downloaded MSFT/1770141408.json -> /tmp/minio_downloads/1770141408.json
[2026-02-04T18:33:06.216+0000] {logging_mixin.py:188} INFO - Downloaded MSFT/1770141417.json -> /tmp/minio_downloads/1770141417.json
[2026-02-04T18:33:06.233+0000] {logging_mixin.py:188} INFO - Downloaded MSFT/1770141429.json -> /tmp/minio_downloads/1770141429.json
[2026-02-04T18:33:06.244+0000] {logging_mixin.py:188} INFO - Downloaded MSFT/1770141440.json -> /tmp/minio_downloads/1770141440.json
[2026-02-04T18:33:06.262+0000] {logging_mixin.py:188} INFO - Downloaded MSFT/1770141451.json -> /tmp/minio_downloads/1770141451.json
[2026-02-04T18:33:06.279+0000] {logging_mixin.py:188} INFO - Downloaded MSFT/1770141463.json -> /tmp/minio_downloads/1770141463.json
[2026-02-04T18:33:06.290+0000] {logging_mixin.py:188} INFO - Downloaded MSFT/1770141474.json -> /tmp/minio_downloads/1770141474.json
[2026-02-04T18:33:06.296+0000] {logging_mixin.py:188} INFO - Downloaded MSFT/1770141485.json -> /tmp/minio_downloads/1770141485.json
[2026-02-04T18:33:06.304+0000] {logging_mixin.py:188} INFO - Downloaded MSFT/1770141496.json -> /tmp/minio_downloads/1770141496.json
[2026-02-04T18:33:06.316+0000] {logging_mixin.py:188} INFO - Downloaded MSFT/1770141508.json -> /tmp/minio_downloads/1770141508.json
[2026-02-04T18:33:06.328+0000] {logging_mixin.py:188} INFO - Downloaded MSFT/1770141519.json -> /tmp/minio_downloads/1770141519.json
[2026-02-04T18:33:06.339+0000] {logging_mixin.py:188} INFO - Downloaded MSFT/1770141530.json -> /tmp/minio_downloads/1770141530.json
[2026-02-04T18:33:06.349+0000] {logging_mixin.py:188} INFO - Downloaded MSFT/1770141541.json -> /tmp/minio_downloads/1770141541.json
[2026-02-04T18:33:06.363+0000] {logging_mixin.py:188} INFO - Downloaded MSFT/1770141553.json -> /tmp/minio_downloads/1770141553.json
[2026-02-04T18:33:06.376+0000] {logging_mixin.py:188} INFO - Downloaded MSFT/1770141564.json -> /tmp/minio_downloads/1770141564.json
[2026-02-04T18:33:06.391+0000] {logging_mixin.py:188} INFO - Downloaded MSFT/1770141575.json -> /tmp/minio_downloads/1770141575.json
[2026-02-04T18:33:06.404+0000] {logging_mixin.py:188} INFO - Downloaded MSFT/1770141586.json -> /tmp/minio_downloads/1770141586.json
[2026-02-04T18:33:06.419+0000] {logging_mixin.py:188} INFO - Downloaded MSFT/1770141597.json -> /tmp/minio_downloads/1770141597.json
[2026-02-04T18:33:06.429+0000] {logging_mixin.py:188} INFO - Downloaded MSFT/1770141608.json -> /tmp/minio_downloads/1770141608.json
[2026-02-04T18:33:06.442+0000] {logging_mixin.py:188} INFO - Downloaded MSFT/1770141621.json -> /tmp/minio_downloads/1770141621.json
[2026-02-04T18:33:06.452+0000] {logging_mixin.py:188} INFO - Downloaded MSFT/1770141632.json -> /tmp/minio_downloads/1770141632.json
[2026-02-04T18:33:06.467+0000] {logging_mixin.py:188} INFO - Downloaded MSFT/1770141644.json -> /tmp/minio_downloads/1770141644.json
[2026-02-04T18:33:06.481+0000] {logging_mixin.py:188} INFO - Downloaded MSFT/1770141655.json -> /tmp/minio_downloads/1770141655.json
[2026-02-04T18:33:06.495+0000] {logging_mixin.py:188} INFO - Downloaded MSFT/1770141666.json -> /tmp/minio_downloads/1770141666.json
[2026-02-04T18:33:06.503+0000] {logging_mixin.py:188} INFO - Downloaded MSFT/1770141678.json -> /tmp/minio_downloads/1770141678.json
[2026-02-04T18:33:06.510+0000] {logging_mixin.py:188} INFO - Downloaded MSFT/1770141689.json -> /tmp/minio_downloads/1770141689.json
[2026-02-04T18:33:06.517+0000] {logging_mixin.py:188} INFO - Downloaded MSFT/1770141701.json -> /tmp/minio_downloads/1770141701.json
[2026-02-04T18:33:06.524+0000] {logging_mixin.py:188} INFO - Downloaded MSFT/1770141711.json -> /tmp/minio_downloads/1770141711.json
[2026-02-04T18:33:06.531+0000] {logging_mixin.py:188} INFO - Downloaded MSFT/1770141720.json -> /tmp/minio_downloads/1770141720.json
[2026-02-04T18:33:06.538+0000] {logging_mixin.py:188} INFO - Downloaded MSFT/1770141729.json -> /tmp/minio_downloads/1770141729.json
[2026-02-04T18:33:06.544+0000] {logging_mixin.py:188} INFO - Downloaded MSFT/1770141738.json -> /tmp/minio_downloads/1770141738.json
[2026-02-04T18:33:06.550+0000] {logging_mixin.py:188} INFO - Downloaded TSLA/1770141225.json -> /tmp/minio_downloads/1770141225.json
[2026-02-04T18:33:06.557+0000] {logging_mixin.py:188} INFO - Downloaded TSLA/1770141234.json -> /tmp/minio_downloads/1770141234.json
[2026-02-04T18:33:06.564+0000] {logging_mixin.py:188} INFO - Downloaded TSLA/1770141243.json -> /tmp/minio_downloads/1770141243.json
[2026-02-04T18:33:06.571+0000] {logging_mixin.py:188} INFO - Downloaded TSLA/1770141252.json -> /tmp/minio_downloads/1770141252.json
[2026-02-04T18:33:06.577+0000] {logging_mixin.py:188} INFO - Downloaded TSLA/1770141261.json -> /tmp/minio_downloads/1770141261.json
[2026-02-04T18:33:06.584+0000] {logging_mixin.py:188} INFO - Downloaded TSLA/1770141273.json -> /tmp/minio_downloads/1770141273.json
[2026-02-04T18:33:06.591+0000] {logging_mixin.py:188} INFO - Downloaded TSLA/1770141283.json -> /tmp/minio_downloads/1770141283.json
[2026-02-04T18:33:06.597+0000] {logging_mixin.py:188} INFO - Downloaded TSLA/1770141295.json -> /tmp/minio_downloads/1770141295.json
[2026-02-04T18:33:06.604+0000] {logging_mixin.py:188} INFO - Downloaded TSLA/1770141306.json -> /tmp/minio_downloads/1770141306.json
[2026-02-04T18:33:06.612+0000] {logging_mixin.py:188} INFO - Downloaded TSLA/1770141316.json -> /tmp/minio_downloads/1770141316.json
[2026-02-04T18:33:06.618+0000] {logging_mixin.py:188} INFO - Downloaded TSLA/1770141325.json -> /tmp/minio_downloads/1770141325.json
[2026-02-04T18:33:06.625+0000] {logging_mixin.py:188} INFO - Downloaded TSLA/1770141335.json -> /tmp/minio_downloads/1770141335.json
[2026-02-04T18:33:06.632+0000] {logging_mixin.py:188} INFO - Downloaded TSLA/1770141345.json -> /tmp/minio_downloads/1770141345.json
[2026-02-04T18:33:06.640+0000] {logging_mixin.py:188} INFO - Downloaded TSLA/1770141354.json -> /tmp/minio_downloads/1770141354.json
[2026-02-04T18:33:06.650+0000] {logging_mixin.py:188} INFO - Downloaded TSLA/1770141363.json -> /tmp/minio_downloads/1770141363.json
[2026-02-04T18:33:06.658+0000] {logging_mixin.py:188} INFO - Downloaded TSLA/1770141372.json -> /tmp/minio_downloads/1770141372.json
[2026-02-04T18:33:06.668+0000] {logging_mixin.py:188} INFO - Downloaded TSLA/1770141381.json -> /tmp/minio_downloads/1770141381.json
[2026-02-04T18:33:06.680+0000] {logging_mixin.py:188} INFO - Downloaded TSLA/1770141391.json -> /tmp/minio_downloads/1770141391.json
[2026-02-04T18:33:06.689+0000] {logging_mixin.py:188} INFO - Downloaded TSLA/1770141400.json -> /tmp/minio_downloads/1770141400.json
[2026-02-04T18:33:06.698+0000] {logging_mixin.py:188} INFO - Downloaded TSLA/1770141409.json -> /tmp/minio_downloads/1770141409.json
[2026-02-04T18:33:06.714+0000] {logging_mixin.py:188} INFO - Downloaded TSLA/1770141421.json -> /tmp/minio_downloads/1770141421.json
[2026-02-04T18:33:06.728+0000] {logging_mixin.py:188} INFO - Downloaded TSLA/1770141432.json -> /tmp/minio_downloads/1770141432.json
[2026-02-04T18:33:06.736+0000] {logging_mixin.py:188} INFO - Downloaded TSLA/1770141443.json -> /tmp/minio_downloads/1770141443.json
[2026-02-04T18:33:06.743+0000] {logging_mixin.py:188} INFO - Downloaded TSLA/1770141454.json -> /tmp/minio_downloads/1770141454.json
[2026-02-04T18:33:06.749+0000] {logging_mixin.py:188} INFO - Downloaded TSLA/1770141466.json -> /tmp/minio_downloads/1770141466.json
[2026-02-04T18:33:06.758+0000] {logging_mixin.py:188} INFO - Downloaded TSLA/1770141477.json -> /tmp/minio_downloads/1770141477.json
[2026-02-04T18:33:06.768+0000] {logging_mixin.py:188} INFO - Downloaded TSLA/1770141488.json -> /tmp/minio_downloads/1770141488.json
[2026-02-04T18:33:06.781+0000] {logging_mixin.py:188} INFO - Downloaded TSLA/1770141499.json -> /tmp/minio_downloads/1770141499.json
[2026-02-04T18:33:06.794+0000] {logging_mixin.py:188} INFO - Downloaded TSLA/1770141511.json -> /tmp/minio_downloads/1770141511.json
[2026-02-04T18:33:06.802+0000] {logging_mixin.py:188} INFO - Downloaded TSLA/1770141522.json -> /tmp/minio_downloads/1770141522.json
[2026-02-04T18:33:06.812+0000] {logging_mixin.py:188} INFO - Downloaded TSLA/1770141533.json -> /tmp/minio_downloads/1770141533.json
[2026-02-04T18:33:06.827+0000] {logging_mixin.py:188} INFO - Downloaded TSLA/1770141545.json -> /tmp/minio_downloads/1770141545.json
[2026-02-04T18:33:06.843+0000] {logging_mixin.py:188} INFO - Downloaded TSLA/1770141556.json -> /tmp/minio_downloads/1770141556.json
[2026-02-04T18:33:06.858+0000] {logging_mixin.py:188} INFO - Downloaded TSLA/1770141567.json -> /tmp/minio_downloads/1770141567.json
[2026-02-04T18:33:06.874+0000] {logging_mixin.py:188} INFO - Downloaded TSLA/1770141578.json -> /tmp/minio_downloads/1770141578.json
[2026-02-04T18:33:06.889+0000] {logging_mixin.py:188} INFO - Downloaded TSLA/1770141589.json -> /tmp/minio_downloads/1770141589.json
[2026-02-04T18:33:06.904+0000] {logging_mixin.py:188} INFO - Downloaded TSLA/1770141600.json -> /tmp/minio_downloads/1770141600.json
[2026-02-04T18:33:06.919+0000] {logging_mixin.py:188} INFO - Downloaded TSLA/1770141612.json -> /tmp/minio_downloads/1770141612.json
[2026-02-04T18:33:06.936+0000] {logging_mixin.py:188} INFO - Downloaded TSLA/1770141624.json -> /tmp/minio_downloads/1770141624.json
[2026-02-04T18:33:06.951+0000] {logging_mixin.py:188} INFO - Downloaded TSLA/1770141635.json -> /tmp/minio_downloads/1770141635.json
[2026-02-04T18:33:06.960+0000] {logging_mixin.py:188} INFO - Downloaded TSLA/1770141647.json -> /tmp/minio_downloads/1770141647.json
[2026-02-04T18:33:06.967+0000] {logging_mixin.py:188} INFO - Downloaded TSLA/1770141658.json -> /tmp/minio_downloads/1770141658.json
[2026-02-04T18:33:06.975+0000] {logging_mixin.py:188} INFO - Downloaded TSLA/1770141670.json -> /tmp/minio_downloads/1770141670.json
[2026-02-04T18:33:06.982+0000] {logging_mixin.py:188} INFO - Downloaded TSLA/1770141681.json -> /tmp/minio_downloads/1770141681.json
[2026-02-04T18:33:06.989+0000] {logging_mixin.py:188} INFO - Downloaded TSLA/1770141692.json -> /tmp/minio_downloads/1770141692.json
[2026-02-04T18:33:06.996+0000] {logging_mixin.py:188} INFO - Downloaded TSLA/1770141703.json -> /tmp/minio_downloads/1770141703.json
[2026-02-04T18:33:07.004+0000] {logging_mixin.py:188} INFO - Downloaded TSLA/1770141713.json -> /tmp/minio_downloads/1770141713.json
[2026-02-04T18:33:07.014+0000] {logging_mixin.py:188} INFO - Downloaded TSLA/1770141722.json -> /tmp/minio_downloads/1770141722.json
[2026-02-04T18:33:07.027+0000] {logging_mixin.py:188} INFO - Downloaded TSLA/1770141731.json -> /tmp/minio_downloads/1770141731.json
[2026-02-04T18:33:07.030+0000] {python.py:237} INFO - Done. Returned value was: ['/tmp/minio_downloads/1770141223.json', '/tmp/minio_downloads/1770141232.json', '/tmp/minio_downloads/1770141241.json', '/tmp/minio_downloads/1770141249.json', '/tmp/minio_downloads/1770141259.json', '/tmp/minio_downloads/1770141269.json', '/tmp/minio_downloads/1770141280.json', '/tmp/minio_downloads/1770141290.json', '/tmp/minio_downloads/1770141302.json', '/tmp/minio_downloads/1770141312.json', '/tmp/minio_downloads/1770141322.json', '/tmp/minio_downloads/1770141332.json', '/tmp/minio_downloads/1770141342.json', '/tmp/minio_downloads/1770141351.json', '/tmp/minio_downloads/1770141360.json', '/tmp/minio_downloads/1770141370.json', '/tmp/minio_downloads/1770141379.json', '/tmp/minio_downloads/1770141388.json', '/tmp/minio_downloads/1770141398.json', '/tmp/minio_downloads/1770141406.json', '/tmp/minio_downloads/1770141416.json', '/tmp/minio_downloads/1770141428.json', '/tmp/minio_downloads/1770141439.json', '/tmp/minio_downloads/1770141450.json', '/tmp/minio_downloads/1770141461.json', '/tmp/minio_downloads/1770141473.json', '/tmp/minio_downloads/1770141484.json', '/tmp/minio_downloads/1770141495.json', '/tmp/minio_downloads/1770141507.json', '/tmp/minio_downloads/1770141518.json', '/tmp/minio_downloads/1770141529.json', '/tmp/minio_downloads/1770141540.json', '/tmp/minio_downloads/1770141552.json', '/tmp/minio_downloads/1770141563.json', '/tmp/minio_downloads/1770141574.json', '/tmp/minio_downloads/1770141585.json', '/tmp/minio_downloads/1770141596.json', '/tmp/minio_downloads/1770141607.json', '/tmp/minio_downloads/1770141619.json', '/tmp/minio_downloads/1770141631.json', '/tmp/minio_downloads/1770141642.json', '/tmp/minio_downloads/1770141654.json', '/tmp/minio_downloads/1770141665.json', '/tmp/minio_downloads/1770141677.json', '/tmp/minio_downloads/1770141688.json', '/tmp/minio_downloads/1770141699.json', '/tmp/minio_downloads/1770141711.json', '/tmp/minio_downloads/1770141719.json', '/tmp/minio_downloads/1770141728.json', '/tmp/minio_downloads/1770141737.json', '/tmp/minio_downloads/1770141224.json', '/tmp/minio_downloads/1770141233.json', '/tmp/minio_downloads/1770141242.json', '/tmp/minio_downloads/1770141251.json', '/tmp/minio_downloads/1770141260.json', '/tmp/minio_downloads/1770141273.json', '/tmp/minio_downloads/1770141282.json', '/tmp/minio_downloads/1770141294.json', '/tmp/minio_downloads/1770141305.json', '/tmp/minio_downloads/1770141315.json', '/tmp/minio_downloads/1770141324.json', '/tmp/minio_downloads/1770141335.json', '/tmp/minio_downloads/1770141344.json', '/tmp/minio_downloads/1770141353.json', '/tmp/minio_downloads/1770141362.json', '/tmp/minio_downloads/1770141372.json', '/tmp/minio_downloads/1770141380.json', '/tmp/minio_downloads/1770141391.json', '/tmp/minio_downloads/1770141399.json', '/tmp/minio_downloads/1770141409.json', '/tmp/minio_downloads/1770141420.json', '/tmp/minio_downloads/1770141431.json', '/tmp/minio_downloads/1770141442.json', '/tmp/minio_downloads/1770141453.json', '/tmp/minio_downloads/1770141465.json', '/tmp/minio_downloads/1770141476.json', '/tmp/minio_downloads/1770141487.json', '/tmp/minio_downloads/1770141498.json', '/tmp/minio_downloads/1770141510.json', '/tmp/minio_downloads/1770141521.json', '/tmp/minio_downloads/1770141532.json', '/tmp/minio_downloads/1770141543.json', '/tmp/minio_downloads/1770141555.json', '/tmp/minio_downloads/1770141566.json', '/tmp/minio_downloads/1770141577.json', '/tmp/minio_downloads/1770141588.json', '/tmp/minio_downloads/1770141599.json', '/tmp/minio_downloads/1770141611.json', '/tmp/minio_downloads/1770141623.json', '/tmp/minio_downloads/1770141634.json', '/tmp/minio_downloads/1770141646.json', '/tmp/minio_downloads/1770141657.json', '/tmp/minio_downloads/1770141669.json', '/tmp/minio_downloads/1770141680.json', '/tmp/minio_downloads/1770141691.json', '/tmp/minio_downloads/1770141703.json', '/tmp/minio_downloads/1770141712.json', '/tmp/minio_downloads/1770141721.json', '/tmp/minio_downloads/1770141730.json', '/tmp/minio_downloads/1770141224.json', '/tmp/minio_downloads/1770141233.json', '/tmp/minio_downloads/1770141242.json', '/tmp/minio_downloads/1770141250.json', '/tmp/minio_downloads/1770141260.json', '/tmp/minio_downloads/1770141272.json', '/tmp/minio_downloads/1770141282.json', '/tmp/minio_downloads/1770141292.json', '/tmp/minio_downloads/1770141305.json', '/tmp/minio_downloads/1770141314.json', '/tmp/minio_downloads/1770141323.json', '/tmp/minio_downloads/1770141334.json', '/tmp/minio_downloads/1770141343.json', '/tmp/minio_downloads/1770141353.json', '/tmp/minio_downloads/1770141361.json', '/tmp/minio_downloads/1770141372.json', '/tmp/minio_downloads/1770141380.json', '/tmp/minio_downloads/1770141390.json', '/tmp/minio_downloads/1770141399.json', '/tmp/minio_downloads/1770141408.json', '/tmp/minio_downloads/1770141419.json', '/tmp/minio_downloads/1770141430.json', '/tmp/minio_downloads/1770141441.json', '/tmp/minio_downloads/1770141452.json', '/tmp/minio_downloads/1770141464.json', '/tmp/minio_downloads/1770141475.json', '/tmp/minio_downloads/1770141486.json', '/tmp/minio_downloads/1770141497.json', '/tmp/minio_downloads/1770141509.json', '/tmp/minio_downloads/1770141520.json', '/tmp/minio_downloads/1770141531.json', '/tmp/minio_downloads/1770141542.json', '/tmp/minio_downloads/1770141554.json', '/tmp/minio_downloads/1770141565.json', '/tmp/minio_downloads/1770141576.json', '/tmp/minio_downloads/1770141587.json', '/tmp/minio_downloads/1770141598.json', '/tmp/minio_downloads/1770141610.json', '/tmp/minio_downloads/1770141622.json', '/tmp/minio_downloads/1770141633.json', '/tmp/minio_downloads/1770141645.json', '/tmp/minio_downloads/1770141656.json', '/tmp/minio_downloads/1770141668.json', '/tmp/minio_downloads/1770141679.json', '/tmp/minio_downloads/1770141690.json', '/tmp/minio_downloads/1770141702.json', '/tmp/minio_downloads/1770141712.json', '/tmp/minio_downloads/1770141720.json', '/tmp/minio_downloads/1770141730.json', '/tmp/minio_downloads/1770141738.json', '/tmp/minio_downloads/1770141223.json', '/tmp/minio_downloads/1770141232.json', '/tmp/minio_downloads/1770141241.json', '/tmp/minio_downloads/1770141250.json', '/tmp/minio_downloads/1770141259.json', '/tmp/minio_downloads/1770141270.json', '/tmp/minio_downloads/1770141281.json', '/tmp/minio_downloads/1770141291.json', '/tmp/minio_downloads/1770141304.json', '/tmp/minio_downloads/1770141313.json', '/tmp/minio_downloads/1770141323.json', '/tmp/minio_downloads/1770141333.json', '/tmp/minio_downloads/1770141343.json', '/tmp/minio_downloads/1770141352.json', '/tmp/minio_downloads/1770141361.json', '/tmp/minio_downloads/1770141371.json', '/tmp/minio_downloads/1770141379.json', '/tmp/minio_downloads/1770141389.json', '/tmp/minio_downloads/1770141398.json', '/tmp/minio_downloads/1770141408.json', '/tmp/minio_downloads/1770141417.json', '/tmp/minio_downloads/1770141429.json', '/tmp/minio_downloads/1770141440.json', '/tmp/minio_downloads/1770141451.json', '/tmp/minio_downloads/1770141463.json', '/tmp/minio_downloads/1770141474.json', '/tmp/minio_downloads/1770141485.json', '/tmp/minio_downloads/1770141496.json', '/tmp/minio_downloads/1770141508.json', '/tmp/minio_downloads/1770141519.json', '/tmp/minio_downloads/1770141530.json', '/tmp/minio_downloads/1770141541.json', '/tmp/minio_downloads/1770141553.json', '/tmp/minio_downloads/1770141564.json', '/tmp/minio_downloads/1770141575.json', '/tmp/minio_downloads/1770141586.json', '/tmp/minio_downloads/1770141597.json', '/tmp/minio_downloads/1770141608.json', '/tmp/minio_downloads/1770141621.json', '/tmp/minio_downloads/1770141632.json', '/tmp/minio_downloads/1770141644.json', '/tmp/minio_downloads/1770141655.json', '/tmp/minio_downloads/1770141666.json', '/tmp/minio_downloads/1770141678.json', '/tmp/minio_downloads/1770141689.json', '/tmp/minio_downloads/1770141701.json', '/tmp/minio_downloads/1770141711.json', '/tmp/minio_downloads/1770141720.json', '/tmp/minio_downloads/1770141729.json', '/tmp/minio_downloads/1770141738.json', '/tmp/minio_downloads/1770141225.json', '/tmp/minio_downloads/1770141234.json', '/tmp/minio_downloads/1770141243.json', '/tmp/minio_downloads/1770141252.json', '/tmp/minio_downloads/1770141261.json', '/tmp/minio_downloads/1770141273.json', '/tmp/minio_downloads/1770141283.json', '/tmp/minio_downloads/1770141295.json', '/tmp/minio_downloads/1770141306.json', '/tmp/minio_downloads/1770141316.json', '/tmp/minio_downloads/1770141325.json', '/tmp/minio_downloads/1770141335.json', '/tmp/minio_downloads/1770141345.json', '/tmp/minio_downloads/1770141354.json', '/tmp/minio_downloads/1770141363.json', '/tmp/minio_downloads/1770141372.json', '/tmp/minio_downloads/1770141381.json', '/tmp/minio_downloads/1770141391.json', '/tmp/minio_downloads/1770141400.json', '/tmp/minio_downloads/1770141409.json', '/tmp/minio_downloads/1770141421.json', '/tmp/minio_downloads/1770141432.json', '/tmp/minio_downloads/1770141443.json', '/tmp/minio_downloads/1770141454.json', '/tmp/minio_downloads/1770141466.json', '/tmp/minio_downloads/1770141477.json', '/tmp/minio_downloads/1770141488.json', '/tmp/minio_downloads/1770141499.json', '/tmp/minio_downloads/1770141511.json', '/tmp/minio_downloads/1770141522.json', '/tmp/minio_downloads/1770141533.json', '/tmp/minio_downloads/1770141545.json', '/tmp/minio_downloads/1770141556.json', '/tmp/minio_downloads/1770141567.json', '/tmp/minio_downloads/1770141578.json', '/tmp/minio_downloads/1770141589.json', '/tmp/minio_downloads/1770141600.json', '/tmp/minio_downloads/1770141612.json', '/tmp/minio_downloads/1770141624.json', '/tmp/minio_downloads/1770141635.json', '/tmp/minio_downloads/1770141647.json', '/tmp/minio_downloads/1770141658.json', '/tmp/minio_downloads/1770141670.json', '/tmp/minio_downloads/1770141681.json', '/tmp/minio_downloads/1770141692.json', '/tmp/minio_downloads/1770141703.json', '/tmp/minio_downloads/1770141713.json', '/tmp/minio_downloads/1770141722.json', '/tmp/minio_downloads/1770141731.json']
[2026-02-04T18:33:07.033+0000] {taskinstance.py:441} INFO - ::group::Post task execution logs
[2026-02-04T18:33:07.069+0000] {taskinstance.py:1206} INFO - Marking task as SUCCESS. dag_id=minio_to_snowflake, task_id=download_minio, run_id=scheduled__2026-02-04T18:32:00+00:00, execution_date=20260204T183200, start_date=20260204T183303, end_date=20260204T183307
[2026-02-04T18:33:07.117+0000] {local_task_job_runner.py:243} INFO - Task exited with return code 0
[2026-02-04T18:33:07.135+0000] {taskinstance.py:3503} INFO - 1 downstream tasks scheduled from follow-on schedule check
[2026-02-04T18:33:07.138+0000] {local_task_job_runner.py:222} INFO - ::endgroup::
