[2026-02-03T22:09:15.638+0000] {local_task_job_runner.py:120} INFO - ::group::Pre task execution logs
[2026-02-03T22:09:15.684+0000] {taskinstance.py:2076} INFO - Dependencies all met for dep_context=non-requeueable deps ti=<TaskInstance: minio_to_snowflake.load_snowflake scheduled__2026-02-03T22:08:00+00:00 [queued]>
[2026-02-03T22:09:15.699+0000] {taskinstance.py:2076} INFO - Dependencies all met for dep_context=requeueable deps ti=<TaskInstance: minio_to_snowflake.load_snowflake scheduled__2026-02-03T22:08:00+00:00 [queued]>
[2026-02-03T22:09:15.702+0000] {taskinstance.py:2306} INFO - Starting attempt 1 of 2
[2026-02-03T22:09:15.721+0000] {taskinstance.py:2330} INFO - Executing <Task(PythonOperator): load_snowflake> on 2026-02-03 22:08:00+00:00
[2026-02-03T22:09:15.742+0000] {logging_mixin.py:188} WARNING - /home/***/.local/lib/python3.12/site-packages/***/task/task_runner/standard_task_runner.py:62 DeprecationWarning: This process (pid=70965) is multi-threaded, use of fork() may lead to deadlocks in the child.
[2026-02-03T22:09:15.737+0000] {standard_task_runner.py:90} INFO - Running: ['***', 'tasks', 'run', 'minio_to_snowflake', 'load_snowflake', 'scheduled__2026-02-03T22:08:00+00:00', '--job-id', '445', '--raw', '--subdir', 'DAGS_FOLDER/minio-snowflake.py', '--cfg-path', '/tmp/tmphmsjwf3m']
[2026-02-03T22:09:15.744+0000] {standard_task_runner.py:64} INFO - Started process 70987 to run task
[2026-02-03T22:09:15.745+0000] {standard_task_runner.py:91} INFO - Job 445: Subtask load_snowflake
[2026-02-03T22:09:15.837+0000] {task_command.py:426} INFO - Running <TaskInstance: minio_to_snowflake.load_snowflake scheduled__2026-02-03T22:08:00+00:00 [running]> on host 41904ffa35ec
[2026-02-03T22:09:15.971+0000] {taskinstance.py:2648} INFO - Exporting env vars: AIRFLOW_CTX_DAG_OWNER='***' AIRFLOW_CTX_DAG_ID='minio_to_snowflake' AIRFLOW_CTX_TASK_ID='load_snowflake' AIRFLOW_CTX_EXECUTION_DATE='2026-02-03T22:08:00+00:00' AIRFLOW_CTX_TRY_NUMBER='1' AIRFLOW_CTX_DAG_RUN_ID='scheduled__2026-02-03T22:08:00+00:00'
[2026-02-03T22:09:15.973+0000] {taskinstance.py:430} INFO - ::endgroup::
[2026-02-03T22:09:16.008+0000] {connection.py:408} INFO - Snowflake Connector for Python Version: 3.11.0, Python Version: 3.12.4, Platform: Linux-5.15.167.4-microsoft-standard-WSL2-x86_64-with-glibc2.36
[2026-02-03T22:09:16.010+0000] {connection.py:1258} INFO - This connection is in OCSP Fail Open Mode. TLS Certificates would be checked for validity and revocation status. Any other Certificate Revocation related exceptions or OCSP Responder failures would be disregarded in favor of connectivity.
[2026-02-03T22:09:17.346+0000] {logging_mixin.py:188} INFO - Uploaded /tmp/minio_downloads/1770141223.json to Snowflake stage
[2026-02-03T22:09:17.492+0000] {logging_mixin.py:188} INFO - Uploaded /tmp/minio_downloads/1770141232.json to Snowflake stage
[2026-02-03T22:09:17.648+0000] {logging_mixin.py:188} INFO - Uploaded /tmp/minio_downloads/1770141241.json to Snowflake stage
[2026-02-03T22:09:17.821+0000] {logging_mixin.py:188} INFO - Uploaded /tmp/minio_downloads/1770141249.json to Snowflake stage
[2026-02-03T22:09:17.976+0000] {logging_mixin.py:188} INFO - Uploaded /tmp/minio_downloads/1770141259.json to Snowflake stage
[2026-02-03T22:09:18.116+0000] {logging_mixin.py:188} INFO - Uploaded /tmp/minio_downloads/1770141269.json to Snowflake stage
[2026-02-03T22:09:18.271+0000] {logging_mixin.py:188} INFO - Uploaded /tmp/minio_downloads/1770141280.json to Snowflake stage
[2026-02-03T22:09:18.422+0000] {logging_mixin.py:188} INFO - Uploaded /tmp/minio_downloads/1770141290.json to Snowflake stage
[2026-02-03T22:09:18.556+0000] {logging_mixin.py:188} INFO - Uploaded /tmp/minio_downloads/1770141302.json to Snowflake stage
[2026-02-03T22:09:18.685+0000] {logging_mixin.py:188} INFO - Uploaded /tmp/minio_downloads/1770141312.json to Snowflake stage
[2026-02-03T22:09:18.791+0000] {logging_mixin.py:188} INFO - Uploaded /tmp/minio_downloads/1770141322.json to Snowflake stage
[2026-02-03T22:09:18.911+0000] {logging_mixin.py:188} INFO - Uploaded /tmp/minio_downloads/1770141332.json to Snowflake stage
[2026-02-03T22:09:19.195+0000] {logging_mixin.py:188} INFO - Uploaded /tmp/minio_downloads/1770141342.json to Snowflake stage
[2026-02-03T22:09:19.332+0000] {logging_mixin.py:188} INFO - Uploaded /tmp/minio_downloads/1770141351.json to Snowflake stage
[2026-02-03T22:09:19.477+0000] {logging_mixin.py:188} INFO - Uploaded /tmp/minio_downloads/1770141360.json to Snowflake stage
[2026-02-03T22:09:19.618+0000] {logging_mixin.py:188} INFO - Uploaded /tmp/minio_downloads/1770141370.json to Snowflake stage
[2026-02-03T22:09:19.709+0000] {logging_mixin.py:188} INFO - Uploaded /tmp/minio_downloads/1770141379.json to Snowflake stage
[2026-02-03T22:09:19.820+0000] {logging_mixin.py:188} INFO - Uploaded /tmp/minio_downloads/1770141388.json to Snowflake stage
[2026-02-03T22:09:19.916+0000] {logging_mixin.py:188} INFO - Uploaded /tmp/minio_downloads/1770141398.json to Snowflake stage
[2026-02-03T22:09:20.036+0000] {logging_mixin.py:188} INFO - Uploaded /tmp/minio_downloads/1770141406.json to Snowflake stage
[2026-02-03T22:09:20.145+0000] {logging_mixin.py:188} INFO - Uploaded /tmp/minio_downloads/1770141416.json to Snowflake stage
[2026-02-03T22:09:20.251+0000] {logging_mixin.py:188} INFO - Uploaded /tmp/minio_downloads/1770141428.json to Snowflake stage
[2026-02-03T22:09:20.354+0000] {logging_mixin.py:188} INFO - Uploaded /tmp/minio_downloads/1770141439.json to Snowflake stage
[2026-02-03T22:09:20.487+0000] {logging_mixin.py:188} INFO - Uploaded /tmp/minio_downloads/1770141450.json to Snowflake stage
[2026-02-03T22:09:20.587+0000] {logging_mixin.py:188} INFO - Uploaded /tmp/minio_downloads/1770141461.json to Snowflake stage
[2026-02-03T22:09:20.687+0000] {logging_mixin.py:188} INFO - Uploaded /tmp/minio_downloads/1770141473.json to Snowflake stage
[2026-02-03T22:09:20.794+0000] {logging_mixin.py:188} INFO - Uploaded /tmp/minio_downloads/1770141484.json to Snowflake stage
[2026-02-03T22:09:20.921+0000] {logging_mixin.py:188} INFO - Uploaded /tmp/minio_downloads/1770141495.json to Snowflake stage
[2026-02-03T22:09:21.032+0000] {logging_mixin.py:188} INFO - Uploaded /tmp/minio_downloads/1770141507.json to Snowflake stage
[2026-02-03T22:09:21.155+0000] {logging_mixin.py:188} INFO - Uploaded /tmp/minio_downloads/1770141518.json to Snowflake stage
[2026-02-03T22:09:21.267+0000] {logging_mixin.py:188} INFO - Uploaded /tmp/minio_downloads/1770141529.json to Snowflake stage
[2026-02-03T22:09:21.370+0000] {logging_mixin.py:188} INFO - Uploaded /tmp/minio_downloads/1770141540.json to Snowflake stage
[2026-02-03T22:09:21.471+0000] {logging_mixin.py:188} INFO - Uploaded /tmp/minio_downloads/1770141552.json to Snowflake stage
[2026-02-03T22:09:21.625+0000] {logging_mixin.py:188} INFO - Uploaded /tmp/minio_downloads/1770141563.json to Snowflake stage
[2026-02-03T22:09:21.755+0000] {logging_mixin.py:188} INFO - Uploaded /tmp/minio_downloads/1770141574.json to Snowflake stage
[2026-02-03T22:09:21.871+0000] {logging_mixin.py:188} INFO - Uploaded /tmp/minio_downloads/1770141585.json to Snowflake stage
[2026-02-03T22:09:21.968+0000] {logging_mixin.py:188} INFO - Uploaded /tmp/minio_downloads/1770141596.json to Snowflake stage
[2026-02-03T22:09:22.081+0000] {logging_mixin.py:188} INFO - Uploaded /tmp/minio_downloads/1770141607.json to Snowflake stage
[2026-02-03T22:09:22.201+0000] {logging_mixin.py:188} INFO - Uploaded /tmp/minio_downloads/1770141619.json to Snowflake stage
[2026-02-03T22:09:22.328+0000] {logging_mixin.py:188} INFO - Uploaded /tmp/minio_downloads/1770141631.json to Snowflake stage
[2026-02-03T22:09:22.423+0000] {logging_mixin.py:188} INFO - Uploaded /tmp/minio_downloads/1770141642.json to Snowflake stage
[2026-02-03T22:09:22.553+0000] {logging_mixin.py:188} INFO - Uploaded /tmp/minio_downloads/1770141654.json to Snowflake stage
[2026-02-03T22:09:22.659+0000] {logging_mixin.py:188} INFO - Uploaded /tmp/minio_downloads/1770141665.json to Snowflake stage
[2026-02-03T22:09:22.799+0000] {logging_mixin.py:188} INFO - Uploaded /tmp/minio_downloads/1770141677.json to Snowflake stage
[2026-02-03T22:09:22.899+0000] {logging_mixin.py:188} INFO - Uploaded /tmp/minio_downloads/1770141688.json to Snowflake stage
[2026-02-03T22:09:23.047+0000] {logging_mixin.py:188} INFO - Uploaded /tmp/minio_downloads/1770141699.json to Snowflake stage
[2026-02-03T22:09:23.144+0000] {logging_mixin.py:188} INFO - Uploaded /tmp/minio_downloads/1770141711.json to Snowflake stage
[2026-02-03T22:09:23.262+0000] {logging_mixin.py:188} INFO - Uploaded /tmp/minio_downloads/1770141719.json to Snowflake stage
[2026-02-03T22:09:23.383+0000] {logging_mixin.py:188} INFO - Uploaded /tmp/minio_downloads/1770141728.json to Snowflake stage
[2026-02-03T22:09:23.544+0000] {logging_mixin.py:188} INFO - Uploaded /tmp/minio_downloads/1770141737.json to Snowflake stage
[2026-02-03T22:09:23.695+0000] {logging_mixin.py:188} INFO - Uploaded /tmp/minio_downloads/1770141224.json to Snowflake stage
[2026-02-03T22:09:23.812+0000] {logging_mixin.py:188} INFO - Uploaded /tmp/minio_downloads/1770141233.json to Snowflake stage
[2026-02-03T22:09:23.941+0000] {logging_mixin.py:188} INFO - Uploaded /tmp/minio_downloads/1770141242.json to Snowflake stage
[2026-02-03T22:09:24.073+0000] {logging_mixin.py:188} INFO - Uploaded /tmp/minio_downloads/1770141251.json to Snowflake stage
[2026-02-03T22:09:24.206+0000] {logging_mixin.py:188} INFO - Uploaded /tmp/minio_downloads/1770141260.json to Snowflake stage
[2026-02-03T22:09:24.343+0000] {logging_mixin.py:188} INFO - Uploaded /tmp/minio_downloads/1770141273.json to Snowflake stage
[2026-02-03T22:09:24.474+0000] {logging_mixin.py:188} INFO - Uploaded /tmp/minio_downloads/1770141282.json to Snowflake stage
[2026-02-03T22:09:24.619+0000] {logging_mixin.py:188} INFO - Uploaded /tmp/minio_downloads/1770141294.json to Snowflake stage
[2026-02-03T22:09:24.755+0000] {logging_mixin.py:188} INFO - Uploaded /tmp/minio_downloads/1770141305.json to Snowflake stage
[2026-02-03T22:09:24.886+0000] {logging_mixin.py:188} INFO - Uploaded /tmp/minio_downloads/1770141315.json to Snowflake stage
[2026-02-03T22:09:25.017+0000] {logging_mixin.py:188} INFO - Uploaded /tmp/minio_downloads/1770141324.json to Snowflake stage
[2026-02-03T22:09:25.120+0000] {logging_mixin.py:188} INFO - Uploaded /tmp/minio_downloads/1770141335.json to Snowflake stage
[2026-02-03T22:09:25.243+0000] {logging_mixin.py:188} INFO - Uploaded /tmp/minio_downloads/1770141344.json to Snowflake stage
[2026-02-03T22:09:25.345+0000] {logging_mixin.py:188} INFO - Uploaded /tmp/minio_downloads/1770141353.json to Snowflake stage
[2026-02-03T22:09:25.480+0000] {logging_mixin.py:188} INFO - Uploaded /tmp/minio_downloads/1770141362.json to Snowflake stage
[2026-02-03T22:09:25.609+0000] {logging_mixin.py:188} INFO - Uploaded /tmp/minio_downloads/1770141372.json to Snowflake stage
[2026-02-03T22:09:25.716+0000] {logging_mixin.py:188} INFO - Uploaded /tmp/minio_downloads/1770141380.json to Snowflake stage
[2026-02-03T22:09:25.833+0000] {logging_mixin.py:188} INFO - Uploaded /tmp/minio_downloads/1770141391.json to Snowflake stage
[2026-02-03T22:09:25.952+0000] {logging_mixin.py:188} INFO - Uploaded /tmp/minio_downloads/1770141399.json to Snowflake stage
[2026-02-03T22:09:26.067+0000] {logging_mixin.py:188} INFO - Uploaded /tmp/minio_downloads/1770141409.json to Snowflake stage
[2026-02-03T22:09:26.167+0000] {logging_mixin.py:188} INFO - Uploaded /tmp/minio_downloads/1770141420.json to Snowflake stage
[2026-02-03T22:09:26.271+0000] {logging_mixin.py:188} INFO - Uploaded /tmp/minio_downloads/1770141431.json to Snowflake stage
[2026-02-03T22:09:26.385+0000] {logging_mixin.py:188} INFO - Uploaded /tmp/minio_downloads/1770141442.json to Snowflake stage
[2026-02-03T22:09:26.490+0000] {logging_mixin.py:188} INFO - Uploaded /tmp/minio_downloads/1770141453.json to Snowflake stage
[2026-02-03T22:09:26.609+0000] {logging_mixin.py:188} INFO - Uploaded /tmp/minio_downloads/1770141465.json to Snowflake stage
[2026-02-03T22:09:26.750+0000] {logging_mixin.py:188} INFO - Uploaded /tmp/minio_downloads/1770141476.json to Snowflake stage
[2026-02-03T22:09:26.875+0000] {logging_mixin.py:188} INFO - Uploaded /tmp/minio_downloads/1770141487.json to Snowflake stage
[2026-02-03T22:09:26.992+0000] {logging_mixin.py:188} INFO - Uploaded /tmp/minio_downloads/1770141498.json to Snowflake stage
[2026-02-03T22:09:27.144+0000] {logging_mixin.py:188} INFO - Uploaded /tmp/minio_downloads/1770141510.json to Snowflake stage
[2026-02-03T22:09:27.276+0000] {logging_mixin.py:188} INFO - Uploaded /tmp/minio_downloads/1770141521.json to Snowflake stage
[2026-02-03T22:09:27.395+0000] {logging_mixin.py:188} INFO - Uploaded /tmp/minio_downloads/1770141532.json to Snowflake stage
[2026-02-03T22:09:27.498+0000] {logging_mixin.py:188} INFO - Uploaded /tmp/minio_downloads/1770141543.json to Snowflake stage
[2026-02-03T22:09:27.878+0000] {logging_mixin.py:188} INFO - Uploaded /tmp/minio_downloads/1770141555.json to Snowflake stage
[2026-02-03T22:09:27.981+0000] {logging_mixin.py:188} INFO - Uploaded /tmp/minio_downloads/1770141566.json to Snowflake stage
[2026-02-03T22:09:28.110+0000] {logging_mixin.py:188} INFO - Uploaded /tmp/minio_downloads/1770141577.json to Snowflake stage
[2026-02-03T22:09:28.267+0000] {logging_mixin.py:188} INFO - Uploaded /tmp/minio_downloads/1770141588.json to Snowflake stage
[2026-02-03T22:09:28.392+0000] {logging_mixin.py:188} INFO - Uploaded /tmp/minio_downloads/1770141599.json to Snowflake stage
[2026-02-03T22:09:28.514+0000] {logging_mixin.py:188} INFO - Uploaded /tmp/minio_downloads/1770141611.json to Snowflake stage
[2026-02-03T22:09:28.627+0000] {logging_mixin.py:188} INFO - Uploaded /tmp/minio_downloads/1770141623.json to Snowflake stage
[2026-02-03T22:09:28.741+0000] {logging_mixin.py:188} INFO - Uploaded /tmp/minio_downloads/1770141634.json to Snowflake stage
[2026-02-03T22:09:28.844+0000] {logging_mixin.py:188} INFO - Uploaded /tmp/minio_downloads/1770141646.json to Snowflake stage
[2026-02-03T22:09:28.965+0000] {logging_mixin.py:188} INFO - Uploaded /tmp/minio_downloads/1770141657.json to Snowflake stage
[2026-02-03T22:09:29.105+0000] {logging_mixin.py:188} INFO - Uploaded /tmp/minio_downloads/1770141669.json to Snowflake stage
[2026-02-03T22:09:29.247+0000] {logging_mixin.py:188} INFO - Uploaded /tmp/minio_downloads/1770141680.json to Snowflake stage
[2026-02-03T22:09:29.350+0000] {logging_mixin.py:188} INFO - Uploaded /tmp/minio_downloads/1770141691.json to Snowflake stage
[2026-02-03T22:09:29.459+0000] {logging_mixin.py:188} INFO - Uploaded /tmp/minio_downloads/1770141703.json to Snowflake stage
[2026-02-03T22:09:29.568+0000] {logging_mixin.py:188} INFO - Uploaded /tmp/minio_downloads/1770141712.json to Snowflake stage
[2026-02-03T22:09:29.691+0000] {logging_mixin.py:188} INFO - Uploaded /tmp/minio_downloads/1770141721.json to Snowflake stage
[2026-02-03T22:09:29.795+0000] {logging_mixin.py:188} INFO - Uploaded /tmp/minio_downloads/1770141730.json to Snowflake stage
[2026-02-03T22:09:29.915+0000] {logging_mixin.py:188} INFO - Uploaded /tmp/minio_downloads/1770141224.json to Snowflake stage
[2026-02-03T22:09:30.240+0000] {logging_mixin.py:188} INFO - Uploaded /tmp/minio_downloads/1770141233.json to Snowflake stage
[2026-02-03T22:09:30.384+0000] {logging_mixin.py:188} INFO - Uploaded /tmp/minio_downloads/1770141242.json to Snowflake stage
[2026-02-03T22:09:30.495+0000] {logging_mixin.py:188} INFO - Uploaded /tmp/minio_downloads/1770141250.json to Snowflake stage
[2026-02-03T22:09:30.615+0000] {logging_mixin.py:188} INFO - Uploaded /tmp/minio_downloads/1770141260.json to Snowflake stage
[2026-02-03T22:09:30.780+0000] {logging_mixin.py:188} INFO - Uploaded /tmp/minio_downloads/1770141272.json to Snowflake stage
[2026-02-03T22:09:30.905+0000] {logging_mixin.py:188} INFO - Uploaded /tmp/minio_downloads/1770141282.json to Snowflake stage
[2026-02-03T22:09:31.031+0000] {logging_mixin.py:188} INFO - Uploaded /tmp/minio_downloads/1770141292.json to Snowflake stage
[2026-02-03T22:09:31.146+0000] {logging_mixin.py:188} INFO - Uploaded /tmp/minio_downloads/1770141305.json to Snowflake stage
[2026-02-03T22:09:31.260+0000] {logging_mixin.py:188} INFO - Uploaded /tmp/minio_downloads/1770141314.json to Snowflake stage
[2026-02-03T22:09:31.402+0000] {logging_mixin.py:188} INFO - Uploaded /tmp/minio_downloads/1770141323.json to Snowflake stage
[2026-02-03T22:09:31.422+0000] {logging_mixin.py:188} INFO - Uploaded /tmp/minio_downloads/1770141334.json to Snowflake stage
[2026-02-03T22:09:31.546+0000] {logging_mixin.py:188} INFO - Uploaded /tmp/minio_downloads/1770141343.json to Snowflake stage
[2026-02-03T22:09:31.684+0000] {logging_mixin.py:188} INFO - Uploaded /tmp/minio_downloads/1770141353.json to Snowflake stage
[2026-02-03T22:09:31.801+0000] {logging_mixin.py:188} INFO - Uploaded /tmp/minio_downloads/1770141361.json to Snowflake stage
[2026-02-03T22:09:31.915+0000] {logging_mixin.py:188} INFO - Uploaded /tmp/minio_downloads/1770141372.json to Snowflake stage
[2026-02-03T22:09:32.008+0000] {logging_mixin.py:188} INFO - Uploaded /tmp/minio_downloads/1770141380.json to Snowflake stage
[2026-02-03T22:09:32.123+0000] {logging_mixin.py:188} INFO - Uploaded /tmp/minio_downloads/1770141390.json to Snowflake stage
[2026-02-03T22:09:32.275+0000] {logging_mixin.py:188} INFO - Uploaded /tmp/minio_downloads/1770141399.json to Snowflake stage
[2026-02-03T22:09:32.380+0000] {logging_mixin.py:188} INFO - Uploaded /tmp/minio_downloads/1770141408.json to Snowflake stage
[2026-02-03T22:09:32.497+0000] {logging_mixin.py:188} INFO - Uploaded /tmp/minio_downloads/1770141419.json to Snowflake stage
[2026-02-03T22:09:32.619+0000] {logging_mixin.py:188} INFO - Uploaded /tmp/minio_downloads/1770141430.json to Snowflake stage
[2026-02-03T22:09:32.731+0000] {logging_mixin.py:188} INFO - Uploaded /tmp/minio_downloads/1770141441.json to Snowflake stage
[2026-02-03T22:09:32.850+0000] {logging_mixin.py:188} INFO - Uploaded /tmp/minio_downloads/1770141452.json to Snowflake stage
[2026-02-03T22:09:32.981+0000] {logging_mixin.py:188} INFO - Uploaded /tmp/minio_downloads/1770141464.json to Snowflake stage
[2026-02-03T22:09:33.211+0000] {logging_mixin.py:188} INFO - Uploaded /tmp/minio_downloads/1770141475.json to Snowflake stage
[2026-02-03T22:09:33.336+0000] {logging_mixin.py:188} INFO - Uploaded /tmp/minio_downloads/1770141486.json to Snowflake stage
[2026-02-03T22:09:33.452+0000] {logging_mixin.py:188} INFO - Uploaded /tmp/minio_downloads/1770141497.json to Snowflake stage
[2026-02-03T22:09:33.546+0000] {logging_mixin.py:188} INFO - Uploaded /tmp/minio_downloads/1770141509.json to Snowflake stage
[2026-02-03T22:09:33.699+0000] {logging_mixin.py:188} INFO - Uploaded /tmp/minio_downloads/1770141520.json to Snowflake stage
[2026-02-03T22:09:33.817+0000] {logging_mixin.py:188} INFO - Uploaded /tmp/minio_downloads/1770141531.json to Snowflake stage
[2026-02-03T22:09:33.937+0000] {logging_mixin.py:188} INFO - Uploaded /tmp/minio_downloads/1770141542.json to Snowflake stage
[2026-02-03T22:09:34.035+0000] {logging_mixin.py:188} INFO - Uploaded /tmp/minio_downloads/1770141554.json to Snowflake stage
[2026-02-03T22:09:34.159+0000] {logging_mixin.py:188} INFO - Uploaded /tmp/minio_downloads/1770141565.json to Snowflake stage
[2026-02-03T22:09:34.293+0000] {logging_mixin.py:188} INFO - Uploaded /tmp/minio_downloads/1770141576.json to Snowflake stage
[2026-02-03T22:09:34.413+0000] {logging_mixin.py:188} INFO - Uploaded /tmp/minio_downloads/1770141587.json to Snowflake stage
[2026-02-03T22:09:34.531+0000] {logging_mixin.py:188} INFO - Uploaded /tmp/minio_downloads/1770141598.json to Snowflake stage
[2026-02-03T22:09:34.632+0000] {logging_mixin.py:188} INFO - Uploaded /tmp/minio_downloads/1770141610.json to Snowflake stage
[2026-02-03T22:09:34.745+0000] {logging_mixin.py:188} INFO - Uploaded /tmp/minio_downloads/1770141622.json to Snowflake stage
[2026-02-03T22:09:34.865+0000] {logging_mixin.py:188} INFO - Uploaded /tmp/minio_downloads/1770141633.json to Snowflake stage
[2026-02-03T22:09:35.047+0000] {logging_mixin.py:188} INFO - Uploaded /tmp/minio_downloads/1770141645.json to Snowflake stage
[2026-02-03T22:09:35.179+0000] {logging_mixin.py:188} INFO - Uploaded /tmp/minio_downloads/1770141656.json to Snowflake stage
[2026-02-03T22:09:35.291+0000] {logging_mixin.py:188} INFO - Uploaded /tmp/minio_downloads/1770141668.json to Snowflake stage
[2026-02-03T22:09:35.401+0000] {logging_mixin.py:188} INFO - Uploaded /tmp/minio_downloads/1770141679.json to Snowflake stage
[2026-02-03T22:09:35.502+0000] {logging_mixin.py:188} INFO - Uploaded /tmp/minio_downloads/1770141690.json to Snowflake stage
[2026-02-03T22:09:35.627+0000] {logging_mixin.py:188} INFO - Uploaded /tmp/minio_downloads/1770141702.json to Snowflake stage
[2026-02-03T22:09:35.776+0000] {logging_mixin.py:188} INFO - Uploaded /tmp/minio_downloads/1770141712.json to Snowflake stage
[2026-02-03T22:09:35.890+0000] {logging_mixin.py:188} INFO - Uploaded /tmp/minio_downloads/1770141720.json to Snowflake stage
[2026-02-03T22:09:36.002+0000] {logging_mixin.py:188} INFO - Uploaded /tmp/minio_downloads/1770141730.json to Snowflake stage
[2026-02-03T22:09:36.122+0000] {logging_mixin.py:188} INFO - Uploaded /tmp/minio_downloads/1770141738.json to Snowflake stage
[2026-02-03T22:09:36.253+0000] {logging_mixin.py:188} INFO - Uploaded /tmp/minio_downloads/1770141223.json to Snowflake stage
[2026-02-03T22:09:36.363+0000] {logging_mixin.py:188} INFO - Uploaded /tmp/minio_downloads/1770141232.json to Snowflake stage
[2026-02-03T22:09:36.473+0000] {logging_mixin.py:188} INFO - Uploaded /tmp/minio_downloads/1770141241.json to Snowflake stage
[2026-02-03T22:09:36.602+0000] {logging_mixin.py:188} INFO - Uploaded /tmp/minio_downloads/1770141250.json to Snowflake stage
[2026-02-03T22:09:36.718+0000] {logging_mixin.py:188} INFO - Uploaded /tmp/minio_downloads/1770141259.json to Snowflake stage
[2026-02-03T22:09:36.861+0000] {logging_mixin.py:188} INFO - Uploaded /tmp/minio_downloads/1770141270.json to Snowflake stage
[2026-02-03T22:09:36.995+0000] {logging_mixin.py:188} INFO - Uploaded /tmp/minio_downloads/1770141281.json to Snowflake stage
[2026-02-03T22:09:37.115+0000] {logging_mixin.py:188} INFO - Uploaded /tmp/minio_downloads/1770141291.json to Snowflake stage
[2026-02-03T22:09:37.233+0000] {logging_mixin.py:188} INFO - Uploaded /tmp/minio_downloads/1770141304.json to Snowflake stage
[2026-02-03T22:09:37.385+0000] {logging_mixin.py:188} INFO - Uploaded /tmp/minio_downloads/1770141313.json to Snowflake stage
[2026-02-03T22:09:37.514+0000] {logging_mixin.py:188} INFO - Uploaded /tmp/minio_downloads/1770141323.json to Snowflake stage
[2026-02-03T22:09:37.633+0000] {logging_mixin.py:188} INFO - Uploaded /tmp/minio_downloads/1770141333.json to Snowflake stage
[2026-02-03T22:09:37.747+0000] {logging_mixin.py:188} INFO - Uploaded /tmp/minio_downloads/1770141343.json to Snowflake stage
[2026-02-03T22:09:37.870+0000] {logging_mixin.py:188} INFO - Uploaded /tmp/minio_downloads/1770141352.json to Snowflake stage
[2026-02-03T22:09:37.981+0000] {logging_mixin.py:188} INFO - Uploaded /tmp/minio_downloads/1770141361.json to Snowflake stage
[2026-02-03T22:09:38.105+0000] {logging_mixin.py:188} INFO - Uploaded /tmp/minio_downloads/1770141371.json to Snowflake stage
[2026-02-03T22:09:38.250+0000] {logging_mixin.py:188} INFO - Uploaded /tmp/minio_downloads/1770141379.json to Snowflake stage
[2026-02-03T22:09:38.353+0000] {logging_mixin.py:188} INFO - Uploaded /tmp/minio_downloads/1770141389.json to Snowflake stage
[2026-02-03T22:09:38.465+0000] {logging_mixin.py:188} INFO - Uploaded /tmp/minio_downloads/1770141398.json to Snowflake stage
[2026-02-03T22:09:38.565+0000] {logging_mixin.py:188} INFO - Uploaded /tmp/minio_downloads/1770141408.json to Snowflake stage
[2026-02-03T22:09:38.675+0000] {logging_mixin.py:188} INFO - Uploaded /tmp/minio_downloads/1770141417.json to Snowflake stage
[2026-02-03T22:09:38.785+0000] {logging_mixin.py:188} INFO - Uploaded /tmp/minio_downloads/1770141429.json to Snowflake stage
[2026-02-03T22:09:38.906+0000] {logging_mixin.py:188} INFO - Uploaded /tmp/minio_downloads/1770141440.json to Snowflake stage
[2026-02-03T22:09:39.012+0000] {logging_mixin.py:188} INFO - Uploaded /tmp/minio_downloads/1770141451.json to Snowflake stage
[2026-02-03T22:09:39.152+0000] {logging_mixin.py:188} INFO - Uploaded /tmp/minio_downloads/1770141463.json to Snowflake stage
[2026-02-03T22:09:39.285+0000] {logging_mixin.py:188} INFO - Uploaded /tmp/minio_downloads/1770141474.json to Snowflake stage
[2026-02-03T22:09:39.419+0000] {logging_mixin.py:188} INFO - Uploaded /tmp/minio_downloads/1770141485.json to Snowflake stage
[2026-02-03T22:09:39.531+0000] {logging_mixin.py:188} INFO - Uploaded /tmp/minio_downloads/1770141496.json to Snowflake stage
[2026-02-03T22:09:39.658+0000] {logging_mixin.py:188} INFO - Uploaded /tmp/minio_downloads/1770141508.json to Snowflake stage
[2026-02-03T22:09:39.769+0000] {logging_mixin.py:188} INFO - Uploaded /tmp/minio_downloads/1770141519.json to Snowflake stage
[2026-02-03T22:09:39.903+0000] {logging_mixin.py:188} INFO - Uploaded /tmp/minio_downloads/1770141530.json to Snowflake stage
[2026-02-03T22:09:40.016+0000] {logging_mixin.py:188} INFO - Uploaded /tmp/minio_downloads/1770141541.json to Snowflake stage
[2026-02-03T22:09:40.130+0000] {logging_mixin.py:188} INFO - Uploaded /tmp/minio_downloads/1770141553.json to Snowflake stage
[2026-02-03T22:09:40.243+0000] {logging_mixin.py:188} INFO - Uploaded /tmp/minio_downloads/1770141564.json to Snowflake stage
[2026-02-03T22:09:40.361+0000] {logging_mixin.py:188} INFO - Uploaded /tmp/minio_downloads/1770141575.json to Snowflake stage
[2026-02-03T22:09:40.505+0000] {logging_mixin.py:188} INFO - Uploaded /tmp/minio_downloads/1770141586.json to Snowflake stage
[2026-02-03T22:09:40.634+0000] {logging_mixin.py:188} INFO - Uploaded /tmp/minio_downloads/1770141597.json to Snowflake stage
[2026-02-03T22:09:40.772+0000] {logging_mixin.py:188} INFO - Uploaded /tmp/minio_downloads/1770141608.json to Snowflake stage
[2026-02-03T22:09:40.916+0000] {logging_mixin.py:188} INFO - Uploaded /tmp/minio_downloads/1770141621.json to Snowflake stage
[2026-02-03T22:09:41.056+0000] {logging_mixin.py:188} INFO - Uploaded /tmp/minio_downloads/1770141632.json to Snowflake stage
[2026-02-03T22:09:41.185+0000] {logging_mixin.py:188} INFO - Uploaded /tmp/minio_downloads/1770141644.json to Snowflake stage
[2026-02-03T22:09:41.344+0000] {logging_mixin.py:188} INFO - Uploaded /tmp/minio_downloads/1770141655.json to Snowflake stage
[2026-02-03T22:09:41.483+0000] {logging_mixin.py:188} INFO - Uploaded /tmp/minio_downloads/1770141666.json to Snowflake stage
[2026-02-03T22:09:41.598+0000] {logging_mixin.py:188} INFO - Uploaded /tmp/minio_downloads/1770141678.json to Snowflake stage
[2026-02-03T22:09:41.741+0000] {logging_mixin.py:188} INFO - Uploaded /tmp/minio_downloads/1770141689.json to Snowflake stage
[2026-02-03T22:09:41.852+0000] {logging_mixin.py:188} INFO - Uploaded /tmp/minio_downloads/1770141701.json to Snowflake stage
[2026-02-03T22:09:41.981+0000] {logging_mixin.py:188} INFO - Uploaded /tmp/minio_downloads/1770141711.json to Snowflake stage
[2026-02-03T22:09:42.096+0000] {logging_mixin.py:188} INFO - Uploaded /tmp/minio_downloads/1770141720.json to Snowflake stage
[2026-02-03T22:09:42.238+0000] {logging_mixin.py:188} INFO - Uploaded /tmp/minio_downloads/1770141729.json to Snowflake stage
[2026-02-03T22:09:42.353+0000] {logging_mixin.py:188} INFO - Uploaded /tmp/minio_downloads/1770141738.json to Snowflake stage
[2026-02-03T22:09:42.468+0000] {logging_mixin.py:188} INFO - Uploaded /tmp/minio_downloads/1770141225.json to Snowflake stage
[2026-02-03T22:09:42.734+0000] {logging_mixin.py:188} INFO - Uploaded /tmp/minio_downloads/1770141234.json to Snowflake stage
[2026-02-03T22:09:42.858+0000] {logging_mixin.py:188} INFO - Uploaded /tmp/minio_downloads/1770141243.json to Snowflake stage
[2026-02-03T22:09:42.981+0000] {logging_mixin.py:188} INFO - Uploaded /tmp/minio_downloads/1770141252.json to Snowflake stage
[2026-02-03T22:09:43.136+0000] {logging_mixin.py:188} INFO - Uploaded /tmp/minio_downloads/1770141261.json to Snowflake stage
[2026-02-03T22:09:43.253+0000] {logging_mixin.py:188} INFO - Uploaded /tmp/minio_downloads/1770141273.json to Snowflake stage
[2026-02-03T22:09:43.347+0000] {logging_mixin.py:188} INFO - Uploaded /tmp/minio_downloads/1770141283.json to Snowflake stage
[2026-02-03T22:09:43.479+0000] {logging_mixin.py:188} INFO - Uploaded /tmp/minio_downloads/1770141295.json to Snowflake stage
[2026-02-03T22:09:43.595+0000] {logging_mixin.py:188} INFO - Uploaded /tmp/minio_downloads/1770141306.json to Snowflake stage
[2026-02-03T22:09:43.715+0000] {logging_mixin.py:188} INFO - Uploaded /tmp/minio_downloads/1770141316.json to Snowflake stage
[2026-02-03T22:09:43.836+0000] {logging_mixin.py:188} INFO - Uploaded /tmp/minio_downloads/1770141325.json to Snowflake stage
[2026-02-03T22:09:43.949+0000] {logging_mixin.py:188} INFO - Uploaded /tmp/minio_downloads/1770141335.json to Snowflake stage
[2026-02-03T22:09:44.074+0000] {logging_mixin.py:188} INFO - Uploaded /tmp/minio_downloads/1770141345.json to Snowflake stage
[2026-02-03T22:09:44.196+0000] {logging_mixin.py:188} INFO - Uploaded /tmp/minio_downloads/1770141354.json to Snowflake stage
[2026-02-03T22:09:44.317+0000] {logging_mixin.py:188} INFO - Uploaded /tmp/minio_downloads/1770141363.json to Snowflake stage
[2026-02-03T22:09:44.459+0000] {logging_mixin.py:188} INFO - Uploaded /tmp/minio_downloads/1770141372.json to Snowflake stage
[2026-02-03T22:09:44.560+0000] {logging_mixin.py:188} INFO - Uploaded /tmp/minio_downloads/1770141381.json to Snowflake stage
[2026-02-03T22:09:44.668+0000] {logging_mixin.py:188} INFO - Uploaded /tmp/minio_downloads/1770141391.json to Snowflake stage
[2026-02-03T22:09:44.784+0000] {logging_mixin.py:188} INFO - Uploaded /tmp/minio_downloads/1770141400.json to Snowflake stage
[2026-02-03T22:09:44.911+0000] {logging_mixin.py:188} INFO - Uploaded /tmp/minio_downloads/1770141409.json to Snowflake stage
[2026-02-03T22:09:45.020+0000] {logging_mixin.py:188} INFO - Uploaded /tmp/minio_downloads/1770141421.json to Snowflake stage
[2026-02-03T22:09:45.151+0000] {logging_mixin.py:188} INFO - Uploaded /tmp/minio_downloads/1770141432.json to Snowflake stage
[2026-02-03T22:09:45.244+0000] {logging_mixin.py:188} INFO - Uploaded /tmp/minio_downloads/1770141443.json to Snowflake stage
[2026-02-03T22:09:45.351+0000] {logging_mixin.py:188} INFO - Uploaded /tmp/minio_downloads/1770141454.json to Snowflake stage
[2026-02-03T22:09:45.482+0000] {logging_mixin.py:188} INFO - Uploaded /tmp/minio_downloads/1770141466.json to Snowflake stage
[2026-02-03T22:09:45.604+0000] {logging_mixin.py:188} INFO - Uploaded /tmp/minio_downloads/1770141477.json to Snowflake stage
[2026-02-03T22:09:45.700+0000] {logging_mixin.py:188} INFO - Uploaded /tmp/minio_downloads/1770141488.json to Snowflake stage
[2026-02-03T22:09:45.880+0000] {logging_mixin.py:188} INFO - Uploaded /tmp/minio_downloads/1770141499.json to Snowflake stage
[2026-02-03T22:09:46.022+0000] {logging_mixin.py:188} INFO - Uploaded /tmp/minio_downloads/1770141511.json to Snowflake stage
[2026-02-03T22:09:46.148+0000] {logging_mixin.py:188} INFO - Uploaded /tmp/minio_downloads/1770141522.json to Snowflake stage
[2026-02-03T22:09:46.251+0000] {logging_mixin.py:188} INFO - Uploaded /tmp/minio_downloads/1770141533.json to Snowflake stage
[2026-02-03T22:09:46.374+0000] {logging_mixin.py:188} INFO - Uploaded /tmp/minio_downloads/1770141545.json to Snowflake stage
[2026-02-03T22:09:46.504+0000] {logging_mixin.py:188} INFO - Uploaded /tmp/minio_downloads/1770141556.json to Snowflake stage
[2026-02-03T22:09:46.627+0000] {logging_mixin.py:188} INFO - Uploaded /tmp/minio_downloads/1770141567.json to Snowflake stage
[2026-02-03T22:09:46.754+0000] {logging_mixin.py:188} INFO - Uploaded /tmp/minio_downloads/1770141578.json to Snowflake stage
[2026-02-03T22:09:46.893+0000] {logging_mixin.py:188} INFO - Uploaded /tmp/minio_downloads/1770141589.json to Snowflake stage
[2026-02-03T22:09:47.029+0000] {logging_mixin.py:188} INFO - Uploaded /tmp/minio_downloads/1770141600.json to Snowflake stage
[2026-02-03T22:09:47.162+0000] {logging_mixin.py:188} INFO - Uploaded /tmp/minio_downloads/1770141612.json to Snowflake stage
[2026-02-03T22:09:47.309+0000] {logging_mixin.py:188} INFO - Uploaded /tmp/minio_downloads/1770141624.json to Snowflake stage
[2026-02-03T22:09:47.437+0000] {logging_mixin.py:188} INFO - Uploaded /tmp/minio_downloads/1770141635.json to Snowflake stage
[2026-02-03T22:09:47.548+0000] {logging_mixin.py:188} INFO - Uploaded /tmp/minio_downloads/1770141647.json to Snowflake stage
[2026-02-03T22:09:47.699+0000] {logging_mixin.py:188} INFO - Uploaded /tmp/minio_downloads/1770141658.json to Snowflake stage
[2026-02-03T22:09:47.834+0000] {logging_mixin.py:188} INFO - Uploaded /tmp/minio_downloads/1770141670.json to Snowflake stage
[2026-02-03T22:09:47.948+0000] {logging_mixin.py:188} INFO - Uploaded /tmp/minio_downloads/1770141681.json to Snowflake stage
[2026-02-03T22:09:48.062+0000] {logging_mixin.py:188} INFO - Uploaded /tmp/minio_downloads/1770141692.json to Snowflake stage
[2026-02-03T22:09:48.182+0000] {logging_mixin.py:188} INFO - Uploaded /tmp/minio_downloads/1770141703.json to Snowflake stage
[2026-02-03T22:09:48.347+0000] {logging_mixin.py:188} INFO - Uploaded /tmp/minio_downloads/1770141713.json to Snowflake stage
[2026-02-03T22:09:48.467+0000] {logging_mixin.py:188} INFO - Uploaded /tmp/minio_downloads/1770141722.json to Snowflake stage
[2026-02-03T22:09:48.672+0000] {logging_mixin.py:188} INFO - Uploaded /tmp/minio_downloads/1770141731.json to Snowflake stage
[2026-02-03T22:09:49.767+0000] {cursor.py:1149} INFO - Number of results in first chunk: 1
[2026-02-03T22:09:49.768+0000] {logging_mixin.py:188} INFO - COPY INTO executed
[2026-02-03T22:09:49.769+0000] {connection.py:773} INFO - closed
[2026-02-03T22:09:49.802+0000] {connection.py:779} INFO - No async queries seem to be running, deleting session
[2026-02-03T22:09:49.928+0000] {python.py:237} INFO - Done. Returned value was: None
[2026-02-03T22:09:49.930+0000] {taskinstance.py:441} INFO - ::group::Post task execution logs
[2026-02-03T22:09:49.951+0000] {taskinstance.py:1206} INFO - Marking task as SUCCESS. dag_id=minio_to_snowflake, task_id=load_snowflake, run_id=scheduled__2026-02-03T22:08:00+00:00, execution_date=20260203T220800, start_date=20260203T220915, end_date=20260203T220949
[2026-02-03T22:09:49.990+0000] {local_task_job_runner.py:243} INFO - Task exited with return code 0
[2026-02-03T22:09:50.016+0000] {taskinstance.py:3503} INFO - 0 downstream tasks scheduled from follow-on schedule check
[2026-02-03T22:09:50.020+0000] {local_task_job_runner.py:222} INFO - ::endgroup::
