[2026-02-04T17:58:05.736+0000] {local_task_job_runner.py:120} INFO - ::group::Pre task execution logs
[2026-02-04T17:58:05.770+0000] {taskinstance.py:2076} INFO - Dependencies all met for dep_context=non-requeueable deps ti=<TaskInstance: minio_to_snowflake.download_minio scheduled__2026-02-04T17:57:00+00:00 [queued]>
[2026-02-04T17:58:05.780+0000] {taskinstance.py:2076} INFO - Dependencies all met for dep_context=requeueable deps ti=<TaskInstance: minio_to_snowflake.download_minio scheduled__2026-02-04T17:57:00+00:00 [queued]>
[2026-02-04T17:58:05.782+0000] {taskinstance.py:2306} INFO - Starting attempt 1 of 2
[2026-02-04T17:58:05.793+0000] {taskinstance.py:2330} INFO - Executing <Task(PythonOperator): download_minio> on 2026-02-04 17:57:00+00:00
[2026-02-04T17:58:05.800+0000] {standard_task_runner.py:90} INFO - Running: ['***', 'tasks', 'run', 'minio_to_snowflake', 'download_minio', 'scheduled__2026-02-04T17:57:00+00:00', '--job-id', '571', '--raw', '--subdir', 'DAGS_FOLDER/minio-snowflake.py', '--cfg-path', '/tmp/tmp3s66jncz']
[2026-02-04T17:58:05.804+0000] {standard_task_runner.py:91} INFO - Job 571: Subtask download_minio
[2026-02-04T17:58:05.804+0000] {logging_mixin.py:188} WARNING - /home/***/.local/lib/python3.12/site-packages/***/task/task_runner/standard_task_runner.py:62 DeprecationWarning: This process (pid=20901) is multi-threaded, use of fork() may lead to deadlocks in the child.
[2026-02-04T17:58:05.806+0000] {standard_task_runner.py:64} INFO - Started process 20923 to run task
[2026-02-04T17:58:05.862+0000] {task_command.py:426} INFO - Running <TaskInstance: minio_to_snowflake.download_minio scheduled__2026-02-04T17:57:00+00:00 [running]> on host 41904ffa35ec
[2026-02-04T17:58:05.969+0000] {taskinstance.py:2648} INFO - Exporting env vars: AIRFLOW_CTX_DAG_OWNER='***' AIRFLOW_CTX_DAG_ID='minio_to_snowflake' AIRFLOW_CTX_TASK_ID='download_minio' AIRFLOW_CTX_EXECUTION_DATE='2026-02-04T17:57:00+00:00' AIRFLOW_CTX_TRY_NUMBER='1' AIRFLOW_CTX_DAG_RUN_ID='scheduled__2026-02-04T17:57:00+00:00'
[2026-02-04T17:58:05.971+0000] {taskinstance.py:430} INFO - ::endgroup::
[2026-02-04T17:58:06.252+0000] {logging_mixin.py:188} INFO - Downloaded AAPL/1770141223.json -> /tmp/minio_downloads/1770141223.json
[2026-02-04T17:58:06.258+0000] {logging_mixin.py:188} INFO - Downloaded AAPL/1770141232.json -> /tmp/minio_downloads/1770141232.json
[2026-02-04T17:58:06.265+0000] {logging_mixin.py:188} INFO - Downloaded AAPL/1770141241.json -> /tmp/minio_downloads/1770141241.json
[2026-02-04T17:58:06.272+0000] {logging_mixin.py:188} INFO - Downloaded AAPL/1770141249.json -> /tmp/minio_downloads/1770141249.json
[2026-02-04T17:58:06.279+0000] {logging_mixin.py:188} INFO - Downloaded AAPL/1770141259.json -> /tmp/minio_downloads/1770141259.json
[2026-02-04T17:58:06.287+0000] {logging_mixin.py:188} INFO - Downloaded AAPL/1770141269.json -> /tmp/minio_downloads/1770141269.json
[2026-02-04T17:58:06.296+0000] {logging_mixin.py:188} INFO - Downloaded AAPL/1770141280.json -> /tmp/minio_downloads/1770141280.json
[2026-02-04T17:58:06.304+0000] {logging_mixin.py:188} INFO - Downloaded AAPL/1770141290.json -> /tmp/minio_downloads/1770141290.json
[2026-02-04T17:58:06.313+0000] {logging_mixin.py:188} INFO - Downloaded AAPL/1770141302.json -> /tmp/minio_downloads/1770141302.json
[2026-02-04T17:58:06.322+0000] {logging_mixin.py:188} INFO - Downloaded AAPL/1770141312.json -> /tmp/minio_downloads/1770141312.json
[2026-02-04T17:58:06.333+0000] {logging_mixin.py:188} INFO - Downloaded AAPL/1770141322.json -> /tmp/minio_downloads/1770141322.json
[2026-02-04T17:58:06.345+0000] {logging_mixin.py:188} INFO - Downloaded AAPL/1770141332.json -> /tmp/minio_downloads/1770141332.json
[2026-02-04T17:58:06.359+0000] {logging_mixin.py:188} INFO - Downloaded AAPL/1770141342.json -> /tmp/minio_downloads/1770141342.json
[2026-02-04T17:58:06.372+0000] {logging_mixin.py:188} INFO - Downloaded AAPL/1770141351.json -> /tmp/minio_downloads/1770141351.json
[2026-02-04T17:58:06.385+0000] {logging_mixin.py:188} INFO - Downloaded AAPL/1770141360.json -> /tmp/minio_downloads/1770141360.json
[2026-02-04T17:58:06.400+0000] {logging_mixin.py:188} INFO - Downloaded AAPL/1770141370.json -> /tmp/minio_downloads/1770141370.json
[2026-02-04T17:58:06.414+0000] {logging_mixin.py:188} INFO - Downloaded AAPL/1770141379.json -> /tmp/minio_downloads/1770141379.json
[2026-02-04T17:58:06.427+0000] {logging_mixin.py:188} INFO - Downloaded AAPL/1770141388.json -> /tmp/minio_downloads/1770141388.json
[2026-02-04T17:58:06.440+0000] {logging_mixin.py:188} INFO - Downloaded AAPL/1770141398.json -> /tmp/minio_downloads/1770141398.json
[2026-02-04T17:58:06.454+0000] {logging_mixin.py:188} INFO - Downloaded AAPL/1770141406.json -> /tmp/minio_downloads/1770141406.json
[2026-02-04T17:58:06.467+0000] {logging_mixin.py:188} INFO - Downloaded AAPL/1770141416.json -> /tmp/minio_downloads/1770141416.json
[2026-02-04T17:58:06.482+0000] {logging_mixin.py:188} INFO - Downloaded AAPL/1770141428.json -> /tmp/minio_downloads/1770141428.json
[2026-02-04T17:58:06.496+0000] {logging_mixin.py:188} INFO - Downloaded AAPL/1770141439.json -> /tmp/minio_downloads/1770141439.json
[2026-02-04T17:58:06.509+0000] {logging_mixin.py:188} INFO - Downloaded AAPL/1770141450.json -> /tmp/minio_downloads/1770141450.json
[2026-02-04T17:58:06.522+0000] {logging_mixin.py:188} INFO - Downloaded AAPL/1770141461.json -> /tmp/minio_downloads/1770141461.json
[2026-02-04T17:58:06.536+0000] {logging_mixin.py:188} INFO - Downloaded AAPL/1770141473.json -> /tmp/minio_downloads/1770141473.json
[2026-02-04T17:58:06.550+0000] {logging_mixin.py:188} INFO - Downloaded AAPL/1770141484.json -> /tmp/minio_downloads/1770141484.json
[2026-02-04T17:58:06.566+0000] {logging_mixin.py:188} INFO - Downloaded AAPL/1770141495.json -> /tmp/minio_downloads/1770141495.json
[2026-02-04T17:58:06.580+0000] {logging_mixin.py:188} INFO - Downloaded AAPL/1770141507.json -> /tmp/minio_downloads/1770141507.json
[2026-02-04T17:58:06.593+0000] {logging_mixin.py:188} INFO - Downloaded AAPL/1770141518.json -> /tmp/minio_downloads/1770141518.json
[2026-02-04T17:58:06.607+0000] {logging_mixin.py:188} INFO - Downloaded AAPL/1770141529.json -> /tmp/minio_downloads/1770141529.json
[2026-02-04T17:58:06.622+0000] {logging_mixin.py:188} INFO - Downloaded AAPL/1770141540.json -> /tmp/minio_downloads/1770141540.json
[2026-02-04T17:58:06.636+0000] {logging_mixin.py:188} INFO - Downloaded AAPL/1770141552.json -> /tmp/minio_downloads/1770141552.json
[2026-02-04T17:58:06.649+0000] {logging_mixin.py:188} INFO - Downloaded AAPL/1770141563.json -> /tmp/minio_downloads/1770141563.json
[2026-02-04T17:58:06.662+0000] {logging_mixin.py:188} INFO - Downloaded AAPL/1770141574.json -> /tmp/minio_downloads/1770141574.json
[2026-02-04T17:58:06.677+0000] {logging_mixin.py:188} INFO - Downloaded AAPL/1770141585.json -> /tmp/minio_downloads/1770141585.json
[2026-02-04T17:58:06.690+0000] {logging_mixin.py:188} INFO - Downloaded AAPL/1770141596.json -> /tmp/minio_downloads/1770141596.json
[2026-02-04T17:58:06.703+0000] {logging_mixin.py:188} INFO - Downloaded AAPL/1770141607.json -> /tmp/minio_downloads/1770141607.json
[2026-02-04T17:58:06.715+0000] {logging_mixin.py:188} INFO - Downloaded AAPL/1770141619.json -> /tmp/minio_downloads/1770141619.json
[2026-02-04T17:58:06.728+0000] {logging_mixin.py:188} INFO - Downloaded AAPL/1770141631.json -> /tmp/minio_downloads/1770141631.json
[2026-02-04T17:58:06.741+0000] {logging_mixin.py:188} INFO - Downloaded AAPL/1770141642.json -> /tmp/minio_downloads/1770141642.json
[2026-02-04T17:58:06.754+0000] {logging_mixin.py:188} INFO - Downloaded AAPL/1770141654.json -> /tmp/minio_downloads/1770141654.json
[2026-02-04T17:58:06.770+0000] {logging_mixin.py:188} INFO - Downloaded AAPL/1770141665.json -> /tmp/minio_downloads/1770141665.json
[2026-02-04T17:58:06.786+0000] {logging_mixin.py:188} INFO - Downloaded AAPL/1770141677.json -> /tmp/minio_downloads/1770141677.json
[2026-02-04T17:58:06.802+0000] {logging_mixin.py:188} INFO - Downloaded AAPL/1770141688.json -> /tmp/minio_downloads/1770141688.json
[2026-02-04T17:58:06.817+0000] {logging_mixin.py:188} INFO - Downloaded AAPL/1770141699.json -> /tmp/minio_downloads/1770141699.json
[2026-02-04T17:58:06.833+0000] {logging_mixin.py:188} INFO - Downloaded AAPL/1770141711.json -> /tmp/minio_downloads/1770141711.json
[2026-02-04T17:58:06.849+0000] {logging_mixin.py:188} INFO - Downloaded AAPL/1770141719.json -> /tmp/minio_downloads/1770141719.json
[2026-02-04T17:58:06.864+0000] {logging_mixin.py:188} INFO - Downloaded AAPL/1770141728.json -> /tmp/minio_downloads/1770141728.json
[2026-02-04T17:58:06.880+0000] {logging_mixin.py:188} INFO - Downloaded AAPL/1770141737.json -> /tmp/minio_downloads/1770141737.json
[2026-02-04T17:58:06.895+0000] {logging_mixin.py:188} INFO - Downloaded AMZN/1770141224.json -> /tmp/minio_downloads/1770141224.json
[2026-02-04T17:58:06.910+0000] {logging_mixin.py:188} INFO - Downloaded AMZN/1770141233.json -> /tmp/minio_downloads/1770141233.json
[2026-02-04T17:58:06.925+0000] {logging_mixin.py:188} INFO - Downloaded AMZN/1770141242.json -> /tmp/minio_downloads/1770141242.json
[2026-02-04T17:58:06.939+0000] {logging_mixin.py:188} INFO - Downloaded AMZN/1770141251.json -> /tmp/minio_downloads/1770141251.json
[2026-02-04T17:58:06.952+0000] {logging_mixin.py:188} INFO - Downloaded AMZN/1770141260.json -> /tmp/minio_downloads/1770141260.json
[2026-02-04T17:58:06.967+0000] {logging_mixin.py:188} INFO - Downloaded AMZN/1770141273.json -> /tmp/minio_downloads/1770141273.json
[2026-02-04T17:58:06.981+0000] {logging_mixin.py:188} INFO - Downloaded AMZN/1770141282.json -> /tmp/minio_downloads/1770141282.json
[2026-02-04T17:58:06.995+0000] {logging_mixin.py:188} INFO - Downloaded AMZN/1770141294.json -> /tmp/minio_downloads/1770141294.json
[2026-02-04T17:58:07.007+0000] {logging_mixin.py:188} INFO - Downloaded AMZN/1770141305.json -> /tmp/minio_downloads/1770141305.json
[2026-02-04T17:58:07.017+0000] {logging_mixin.py:188} INFO - Downloaded AMZN/1770141315.json -> /tmp/minio_downloads/1770141315.json
[2026-02-04T17:58:07.027+0000] {logging_mixin.py:188} INFO - Downloaded AMZN/1770141324.json -> /tmp/minio_downloads/1770141324.json
[2026-02-04T17:58:07.037+0000] {logging_mixin.py:188} INFO - Downloaded AMZN/1770141335.json -> /tmp/minio_downloads/1770141335.json
[2026-02-04T17:58:07.048+0000] {logging_mixin.py:188} INFO - Downloaded AMZN/1770141344.json -> /tmp/minio_downloads/1770141344.json
[2026-02-04T17:58:07.061+0000] {logging_mixin.py:188} INFO - Downloaded AMZN/1770141353.json -> /tmp/minio_downloads/1770141353.json
[2026-02-04T17:58:07.074+0000] {logging_mixin.py:188} INFO - Downloaded AMZN/1770141362.json -> /tmp/minio_downloads/1770141362.json
[2026-02-04T17:58:07.089+0000] {logging_mixin.py:188} INFO - Downloaded AMZN/1770141372.json -> /tmp/minio_downloads/1770141372.json
[2026-02-04T17:58:07.103+0000] {logging_mixin.py:188} INFO - Downloaded AMZN/1770141380.json -> /tmp/minio_downloads/1770141380.json
[2026-02-04T17:58:07.117+0000] {logging_mixin.py:188} INFO - Downloaded AMZN/1770141391.json -> /tmp/minio_downloads/1770141391.json
[2026-02-04T17:58:07.130+0000] {logging_mixin.py:188} INFO - Downloaded AMZN/1770141399.json -> /tmp/minio_downloads/1770141399.json
[2026-02-04T17:58:07.144+0000] {logging_mixin.py:188} INFO - Downloaded AMZN/1770141409.json -> /tmp/minio_downloads/1770141409.json
[2026-02-04T17:58:07.158+0000] {logging_mixin.py:188} INFO - Downloaded AMZN/1770141420.json -> /tmp/minio_downloads/1770141420.json
[2026-02-04T17:58:07.173+0000] {logging_mixin.py:188} INFO - Downloaded AMZN/1770141431.json -> /tmp/minio_downloads/1770141431.json
[2026-02-04T17:58:07.186+0000] {logging_mixin.py:188} INFO - Downloaded AMZN/1770141442.json -> /tmp/minio_downloads/1770141442.json
[2026-02-04T17:58:07.200+0000] {logging_mixin.py:188} INFO - Downloaded AMZN/1770141453.json -> /tmp/minio_downloads/1770141453.json
[2026-02-04T17:58:07.214+0000] {logging_mixin.py:188} INFO - Downloaded AMZN/1770141465.json -> /tmp/minio_downloads/1770141465.json
[2026-02-04T17:58:07.227+0000] {logging_mixin.py:188} INFO - Downloaded AMZN/1770141476.json -> /tmp/minio_downloads/1770141476.json
[2026-02-04T17:58:07.240+0000] {logging_mixin.py:188} INFO - Downloaded AMZN/1770141487.json -> /tmp/minio_downloads/1770141487.json
[2026-02-04T17:58:07.249+0000] {logging_mixin.py:188} INFO - Downloaded AMZN/1770141498.json -> /tmp/minio_downloads/1770141498.json
[2026-02-04T17:58:07.257+0000] {logging_mixin.py:188} INFO - Downloaded AMZN/1770141510.json -> /tmp/minio_downloads/1770141510.json
[2026-02-04T17:58:07.267+0000] {logging_mixin.py:188} INFO - Downloaded AMZN/1770141521.json -> /tmp/minio_downloads/1770141521.json
[2026-02-04T17:58:07.277+0000] {logging_mixin.py:188} INFO - Downloaded AMZN/1770141532.json -> /tmp/minio_downloads/1770141532.json
[2026-02-04T17:58:07.286+0000] {logging_mixin.py:188} INFO - Downloaded AMZN/1770141543.json -> /tmp/minio_downloads/1770141543.json
[2026-02-04T17:58:07.299+0000] {logging_mixin.py:188} INFO - Downloaded AMZN/1770141555.json -> /tmp/minio_downloads/1770141555.json
[2026-02-04T17:58:07.310+0000] {logging_mixin.py:188} INFO - Downloaded AMZN/1770141566.json -> /tmp/minio_downloads/1770141566.json
[2026-02-04T17:58:07.324+0000] {logging_mixin.py:188} INFO - Downloaded AMZN/1770141577.json -> /tmp/minio_downloads/1770141577.json
[2026-02-04T17:58:07.338+0000] {logging_mixin.py:188} INFO - Downloaded AMZN/1770141588.json -> /tmp/minio_downloads/1770141588.json
[2026-02-04T17:58:07.352+0000] {logging_mixin.py:188} INFO - Downloaded AMZN/1770141599.json -> /tmp/minio_downloads/1770141599.json
[2026-02-04T17:58:07.364+0000] {logging_mixin.py:188} INFO - Downloaded AMZN/1770141611.json -> /tmp/minio_downloads/1770141611.json
[2026-02-04T17:58:07.377+0000] {logging_mixin.py:188} INFO - Downloaded AMZN/1770141623.json -> /tmp/minio_downloads/1770141623.json
[2026-02-04T17:58:07.389+0000] {logging_mixin.py:188} INFO - Downloaded AMZN/1770141634.json -> /tmp/minio_downloads/1770141634.json
[2026-02-04T17:58:07.403+0000] {logging_mixin.py:188} INFO - Downloaded AMZN/1770141646.json -> /tmp/minio_downloads/1770141646.json
[2026-02-04T17:58:07.416+0000] {logging_mixin.py:188} INFO - Downloaded AMZN/1770141657.json -> /tmp/minio_downloads/1770141657.json
[2026-02-04T17:58:07.428+0000] {logging_mixin.py:188} INFO - Downloaded AMZN/1770141669.json -> /tmp/minio_downloads/1770141669.json
[2026-02-04T17:58:07.440+0000] {logging_mixin.py:188} INFO - Downloaded AMZN/1770141680.json -> /tmp/minio_downloads/1770141680.json
[2026-02-04T17:58:07.452+0000] {logging_mixin.py:188} INFO - Downloaded AMZN/1770141691.json -> /tmp/minio_downloads/1770141691.json
[2026-02-04T17:58:07.466+0000] {logging_mixin.py:188} INFO - Downloaded AMZN/1770141703.json -> /tmp/minio_downloads/1770141703.json
[2026-02-04T17:58:07.480+0000] {logging_mixin.py:188} INFO - Downloaded AMZN/1770141712.json -> /tmp/minio_downloads/1770141712.json
[2026-02-04T17:58:07.493+0000] {logging_mixin.py:188} INFO - Downloaded AMZN/1770141721.json -> /tmp/minio_downloads/1770141721.json
[2026-02-04T17:58:07.506+0000] {logging_mixin.py:188} INFO - Downloaded AMZN/1770141730.json -> /tmp/minio_downloads/1770141730.json
[2026-02-04T17:58:07.518+0000] {logging_mixin.py:188} INFO - Downloaded GOOGL/1770141224.json -> /tmp/minio_downloads/1770141224.json
[2026-02-04T17:58:07.531+0000] {logging_mixin.py:188} INFO - Downloaded GOOGL/1770141233.json -> /tmp/minio_downloads/1770141233.json
[2026-02-04T17:58:07.543+0000] {logging_mixin.py:188} INFO - Downloaded GOOGL/1770141242.json -> /tmp/minio_downloads/1770141242.json
[2026-02-04T17:58:07.556+0000] {logging_mixin.py:188} INFO - Downloaded GOOGL/1770141250.json -> /tmp/minio_downloads/1770141250.json
[2026-02-04T17:58:07.570+0000] {logging_mixin.py:188} INFO - Downloaded GOOGL/1770141260.json -> /tmp/minio_downloads/1770141260.json
[2026-02-04T17:58:07.584+0000] {logging_mixin.py:188} INFO - Downloaded GOOGL/1770141272.json -> /tmp/minio_downloads/1770141272.json
[2026-02-04T17:58:07.596+0000] {logging_mixin.py:188} INFO - Downloaded GOOGL/1770141282.json -> /tmp/minio_downloads/1770141282.json
[2026-02-04T17:58:07.609+0000] {logging_mixin.py:188} INFO - Downloaded GOOGL/1770141292.json -> /tmp/minio_downloads/1770141292.json
[2026-02-04T17:58:07.623+0000] {logging_mixin.py:188} INFO - Downloaded GOOGL/1770141305.json -> /tmp/minio_downloads/1770141305.json
[2026-02-04T17:58:07.638+0000] {logging_mixin.py:188} INFO - Downloaded GOOGL/1770141314.json -> /tmp/minio_downloads/1770141314.json
[2026-02-04T17:58:07.652+0000] {logging_mixin.py:188} INFO - Downloaded GOOGL/1770141323.json -> /tmp/minio_downloads/1770141323.json
[2026-02-04T17:58:07.666+0000] {logging_mixin.py:188} INFO - Downloaded GOOGL/1770141334.json -> /tmp/minio_downloads/1770141334.json
[2026-02-04T17:58:07.680+0000] {logging_mixin.py:188} INFO - Downloaded GOOGL/1770141343.json -> /tmp/minio_downloads/1770141343.json
[2026-02-04T17:58:07.693+0000] {logging_mixin.py:188} INFO - Downloaded GOOGL/1770141353.json -> /tmp/minio_downloads/1770141353.json
[2026-02-04T17:58:07.706+0000] {logging_mixin.py:188} INFO - Downloaded GOOGL/1770141361.json -> /tmp/minio_downloads/1770141361.json
[2026-02-04T17:58:07.720+0000] {logging_mixin.py:188} INFO - Downloaded GOOGL/1770141372.json -> /tmp/minio_downloads/1770141372.json
[2026-02-04T17:58:07.734+0000] {logging_mixin.py:188} INFO - Downloaded GOOGL/1770141380.json -> /tmp/minio_downloads/1770141380.json
[2026-02-04T17:58:07.747+0000] {logging_mixin.py:188} INFO - Downloaded GOOGL/1770141390.json -> /tmp/minio_downloads/1770141390.json
[2026-02-04T17:58:07.757+0000] {logging_mixin.py:188} INFO - Downloaded GOOGL/1770141399.json -> /tmp/minio_downloads/1770141399.json
[2026-02-04T17:58:07.768+0000] {logging_mixin.py:188} INFO - Downloaded GOOGL/1770141408.json -> /tmp/minio_downloads/1770141408.json
[2026-02-04T17:58:07.783+0000] {logging_mixin.py:188} INFO - Downloaded GOOGL/1770141419.json -> /tmp/minio_downloads/1770141419.json
[2026-02-04T17:58:07.800+0000] {logging_mixin.py:188} INFO - Downloaded GOOGL/1770141430.json -> /tmp/minio_downloads/1770141430.json
[2026-02-04T17:58:07.815+0000] {logging_mixin.py:188} INFO - Downloaded GOOGL/1770141441.json -> /tmp/minio_downloads/1770141441.json
[2026-02-04T17:58:07.831+0000] {logging_mixin.py:188} INFO - Downloaded GOOGL/1770141452.json -> /tmp/minio_downloads/1770141452.json
[2026-02-04T17:58:07.844+0000] {logging_mixin.py:188} INFO - Downloaded GOOGL/1770141464.json -> /tmp/minio_downloads/1770141464.json
[2026-02-04T17:58:07.858+0000] {logging_mixin.py:188} INFO - Downloaded GOOGL/1770141475.json -> /tmp/minio_downloads/1770141475.json
[2026-02-04T17:58:07.870+0000] {logging_mixin.py:188} INFO - Downloaded GOOGL/1770141486.json -> /tmp/minio_downloads/1770141486.json
[2026-02-04T17:58:07.885+0000] {logging_mixin.py:188} INFO - Downloaded GOOGL/1770141497.json -> /tmp/minio_downloads/1770141497.json
[2026-02-04T17:58:07.898+0000] {logging_mixin.py:188} INFO - Downloaded GOOGL/1770141509.json -> /tmp/minio_downloads/1770141509.json
[2026-02-04T17:58:07.912+0000] {logging_mixin.py:188} INFO - Downloaded GOOGL/1770141520.json -> /tmp/minio_downloads/1770141520.json
[2026-02-04T17:58:07.925+0000] {logging_mixin.py:188} INFO - Downloaded GOOGL/1770141531.json -> /tmp/minio_downloads/1770141531.json
[2026-02-04T17:58:07.940+0000] {logging_mixin.py:188} INFO - Downloaded GOOGL/1770141542.json -> /tmp/minio_downloads/1770141542.json
[2026-02-04T17:58:07.953+0000] {logging_mixin.py:188} INFO - Downloaded GOOGL/1770141554.json -> /tmp/minio_downloads/1770141554.json
[2026-02-04T17:58:07.966+0000] {logging_mixin.py:188} INFO - Downloaded GOOGL/1770141565.json -> /tmp/minio_downloads/1770141565.json
[2026-02-04T17:58:07.978+0000] {logging_mixin.py:188} INFO - Downloaded GOOGL/1770141576.json -> /tmp/minio_downloads/1770141576.json
[2026-02-04T17:58:07.986+0000] {logging_mixin.py:188} INFO - Downloaded GOOGL/1770141587.json -> /tmp/minio_downloads/1770141587.json
[2026-02-04T17:58:07.993+0000] {logging_mixin.py:188} INFO - Downloaded GOOGL/1770141598.json -> /tmp/minio_downloads/1770141598.json
[2026-02-04T17:58:08.000+0000] {logging_mixin.py:188} INFO - Downloaded GOOGL/1770141610.json -> /tmp/minio_downloads/1770141610.json
[2026-02-04T17:58:08.006+0000] {logging_mixin.py:188} INFO - Downloaded GOOGL/1770141622.json -> /tmp/minio_downloads/1770141622.json
[2026-02-04T17:58:08.014+0000] {logging_mixin.py:188} INFO - Downloaded GOOGL/1770141633.json -> /tmp/minio_downloads/1770141633.json
[2026-02-04T17:58:08.022+0000] {logging_mixin.py:188} INFO - Downloaded GOOGL/1770141645.json -> /tmp/minio_downloads/1770141645.json
[2026-02-04T17:58:08.031+0000] {logging_mixin.py:188} INFO - Downloaded GOOGL/1770141656.json -> /tmp/minio_downloads/1770141656.json
[2026-02-04T17:58:08.049+0000] {logging_mixin.py:188} INFO - Downloaded GOOGL/1770141668.json -> /tmp/minio_downloads/1770141668.json
[2026-02-04T17:58:08.071+0000] {logging_mixin.py:188} INFO - Downloaded GOOGL/1770141679.json -> /tmp/minio_downloads/1770141679.json
[2026-02-04T17:58:08.088+0000] {logging_mixin.py:188} INFO - Downloaded GOOGL/1770141690.json -> /tmp/minio_downloads/1770141690.json
[2026-02-04T17:58:08.101+0000] {logging_mixin.py:188} INFO - Downloaded GOOGL/1770141702.json -> /tmp/minio_downloads/1770141702.json
[2026-02-04T17:58:08.112+0000] {logging_mixin.py:188} INFO - Downloaded GOOGL/1770141712.json -> /tmp/minio_downloads/1770141712.json
[2026-02-04T17:58:08.124+0000] {logging_mixin.py:188} INFO - Downloaded GOOGL/1770141720.json -> /tmp/minio_downloads/1770141720.json
[2026-02-04T17:58:08.138+0000] {logging_mixin.py:188} INFO - Downloaded GOOGL/1770141730.json -> /tmp/minio_downloads/1770141730.json
[2026-02-04T17:58:08.151+0000] {logging_mixin.py:188} INFO - Downloaded GOOGL/1770141738.json -> /tmp/minio_downloads/1770141738.json
[2026-02-04T17:58:08.164+0000] {logging_mixin.py:188} INFO - Downloaded MSFT/1770141223.json -> /tmp/minio_downloads/1770141223.json
[2026-02-04T17:58:08.177+0000] {logging_mixin.py:188} INFO - Downloaded MSFT/1770141232.json -> /tmp/minio_downloads/1770141232.json
[2026-02-04T17:58:08.190+0000] {logging_mixin.py:188} INFO - Downloaded MSFT/1770141241.json -> /tmp/minio_downloads/1770141241.json
[2026-02-04T17:58:08.204+0000] {logging_mixin.py:188} INFO - Downloaded MSFT/1770141250.json -> /tmp/minio_downloads/1770141250.json
[2026-02-04T17:58:08.214+0000] {logging_mixin.py:188} INFO - Downloaded MSFT/1770141259.json -> /tmp/minio_downloads/1770141259.json
[2026-02-04T17:58:08.222+0000] {logging_mixin.py:188} INFO - Downloaded MSFT/1770141270.json -> /tmp/minio_downloads/1770141270.json
[2026-02-04T17:58:08.232+0000] {logging_mixin.py:188} INFO - Downloaded MSFT/1770141281.json -> /tmp/minio_downloads/1770141281.json
[2026-02-04T17:58:08.242+0000] {logging_mixin.py:188} INFO - Downloaded MSFT/1770141291.json -> /tmp/minio_downloads/1770141291.json
[2026-02-04T17:58:08.252+0000] {logging_mixin.py:188} INFO - Downloaded MSFT/1770141304.json -> /tmp/minio_downloads/1770141304.json
[2026-02-04T17:58:08.264+0000] {logging_mixin.py:188} INFO - Downloaded MSFT/1770141313.json -> /tmp/minio_downloads/1770141313.json
[2026-02-04T17:58:08.274+0000] {logging_mixin.py:188} INFO - Downloaded MSFT/1770141323.json -> /tmp/minio_downloads/1770141323.json
[2026-02-04T17:58:08.285+0000] {logging_mixin.py:188} INFO - Downloaded MSFT/1770141333.json -> /tmp/minio_downloads/1770141333.json
[2026-02-04T17:58:08.300+0000] {logging_mixin.py:188} INFO - Downloaded MSFT/1770141343.json -> /tmp/minio_downloads/1770141343.json
[2026-02-04T17:58:08.313+0000] {logging_mixin.py:188} INFO - Downloaded MSFT/1770141352.json -> /tmp/minio_downloads/1770141352.json
[2026-02-04T17:58:08.327+0000] {logging_mixin.py:188} INFO - Downloaded MSFT/1770141361.json -> /tmp/minio_downloads/1770141361.json
[2026-02-04T17:58:08.341+0000] {logging_mixin.py:188} INFO - Downloaded MSFT/1770141371.json -> /tmp/minio_downloads/1770141371.json
[2026-02-04T17:58:08.355+0000] {logging_mixin.py:188} INFO - Downloaded MSFT/1770141379.json -> /tmp/minio_downloads/1770141379.json
[2026-02-04T17:58:08.369+0000] {logging_mixin.py:188} INFO - Downloaded MSFT/1770141389.json -> /tmp/minio_downloads/1770141389.json
[2026-02-04T17:58:08.383+0000] {logging_mixin.py:188} INFO - Downloaded MSFT/1770141398.json -> /tmp/minio_downloads/1770141398.json
[2026-02-04T17:58:08.397+0000] {logging_mixin.py:188} INFO - Downloaded MSFT/1770141408.json -> /tmp/minio_downloads/1770141408.json
[2026-02-04T17:58:08.410+0000] {logging_mixin.py:188} INFO - Downloaded MSFT/1770141417.json -> /tmp/minio_downloads/1770141417.json
[2026-02-04T17:58:08.424+0000] {logging_mixin.py:188} INFO - Downloaded MSFT/1770141429.json -> /tmp/minio_downloads/1770141429.json
[2026-02-04T17:58:08.439+0000] {logging_mixin.py:188} INFO - Downloaded MSFT/1770141440.json -> /tmp/minio_downloads/1770141440.json
[2026-02-04T17:58:08.452+0000] {logging_mixin.py:188} INFO - Downloaded MSFT/1770141451.json -> /tmp/minio_downloads/1770141451.json
[2026-02-04T17:58:08.466+0000] {logging_mixin.py:188} INFO - Downloaded MSFT/1770141463.json -> /tmp/minio_downloads/1770141463.json
[2026-02-04T17:58:08.480+0000] {logging_mixin.py:188} INFO - Downloaded MSFT/1770141474.json -> /tmp/minio_downloads/1770141474.json
[2026-02-04T17:58:08.495+0000] {logging_mixin.py:188} INFO - Downloaded MSFT/1770141485.json -> /tmp/minio_downloads/1770141485.json
[2026-02-04T17:58:08.513+0000] {logging_mixin.py:188} INFO - Downloaded MSFT/1770141496.json -> /tmp/minio_downloads/1770141496.json
[2026-02-04T17:58:08.529+0000] {logging_mixin.py:188} INFO - Downloaded MSFT/1770141508.json -> /tmp/minio_downloads/1770141508.json
[2026-02-04T17:58:08.546+0000] {logging_mixin.py:188} INFO - Downloaded MSFT/1770141519.json -> /tmp/minio_downloads/1770141519.json
[2026-02-04T17:58:08.561+0000] {logging_mixin.py:188} INFO - Downloaded MSFT/1770141530.json -> /tmp/minio_downloads/1770141530.json
[2026-02-04T17:58:08.576+0000] {logging_mixin.py:188} INFO - Downloaded MSFT/1770141541.json -> /tmp/minio_downloads/1770141541.json
[2026-02-04T17:58:08.589+0000] {logging_mixin.py:188} INFO - Downloaded MSFT/1770141553.json -> /tmp/minio_downloads/1770141553.json
[2026-02-04T17:58:08.602+0000] {logging_mixin.py:188} INFO - Downloaded MSFT/1770141564.json -> /tmp/minio_downloads/1770141564.json
[2026-02-04T17:58:08.616+0000] {logging_mixin.py:188} INFO - Downloaded MSFT/1770141575.json -> /tmp/minio_downloads/1770141575.json
[2026-02-04T17:58:08.631+0000] {logging_mixin.py:188} INFO - Downloaded MSFT/1770141586.json -> /tmp/minio_downloads/1770141586.json
[2026-02-04T17:58:08.645+0000] {logging_mixin.py:188} INFO - Downloaded MSFT/1770141597.json -> /tmp/minio_downloads/1770141597.json
[2026-02-04T17:58:08.658+0000] {logging_mixin.py:188} INFO - Downloaded MSFT/1770141608.json -> /tmp/minio_downloads/1770141608.json
[2026-02-04T17:58:08.672+0000] {logging_mixin.py:188} INFO - Downloaded MSFT/1770141621.json -> /tmp/minio_downloads/1770141621.json
[2026-02-04T17:58:08.685+0000] {logging_mixin.py:188} INFO - Downloaded MSFT/1770141632.json -> /tmp/minio_downloads/1770141632.json
[2026-02-04T17:58:08.700+0000] {logging_mixin.py:188} INFO - Downloaded MSFT/1770141644.json -> /tmp/minio_downloads/1770141644.json
[2026-02-04T17:58:08.714+0000] {logging_mixin.py:188} INFO - Downloaded MSFT/1770141655.json -> /tmp/minio_downloads/1770141655.json
[2026-02-04T17:58:08.728+0000] {logging_mixin.py:188} INFO - Downloaded MSFT/1770141666.json -> /tmp/minio_downloads/1770141666.json
[2026-02-04T17:58:08.742+0000] {logging_mixin.py:188} INFO - Downloaded MSFT/1770141678.json -> /tmp/minio_downloads/1770141678.json
[2026-02-04T17:58:08.757+0000] {logging_mixin.py:188} INFO - Downloaded MSFT/1770141689.json -> /tmp/minio_downloads/1770141689.json
[2026-02-04T17:58:08.772+0000] {logging_mixin.py:188} INFO - Downloaded MSFT/1770141701.json -> /tmp/minio_downloads/1770141701.json
[2026-02-04T17:58:08.785+0000] {logging_mixin.py:188} INFO - Downloaded MSFT/1770141711.json -> /tmp/minio_downloads/1770141711.json
[2026-02-04T17:58:08.799+0000] {logging_mixin.py:188} INFO - Downloaded MSFT/1770141720.json -> /tmp/minio_downloads/1770141720.json
[2026-02-04T17:58:08.814+0000] {logging_mixin.py:188} INFO - Downloaded MSFT/1770141729.json -> /tmp/minio_downloads/1770141729.json
[2026-02-04T17:58:08.829+0000] {logging_mixin.py:188} INFO - Downloaded MSFT/1770141738.json -> /tmp/minio_downloads/1770141738.json
[2026-02-04T17:58:08.842+0000] {logging_mixin.py:188} INFO - Downloaded TSLA/1770141225.json -> /tmp/minio_downloads/1770141225.json
[2026-02-04T17:58:08.856+0000] {logging_mixin.py:188} INFO - Downloaded TSLA/1770141234.json -> /tmp/minio_downloads/1770141234.json
[2026-02-04T17:58:08.872+0000] {logging_mixin.py:188} INFO - Downloaded TSLA/1770141243.json -> /tmp/minio_downloads/1770141243.json
[2026-02-04T17:58:08.885+0000] {logging_mixin.py:188} INFO - Downloaded TSLA/1770141252.json -> /tmp/minio_downloads/1770141252.json
[2026-02-04T17:58:08.899+0000] {logging_mixin.py:188} INFO - Downloaded TSLA/1770141261.json -> /tmp/minio_downloads/1770141261.json
[2026-02-04T17:58:08.911+0000] {logging_mixin.py:188} INFO - Downloaded TSLA/1770141273.json -> /tmp/minio_downloads/1770141273.json
[2026-02-04T17:58:08.924+0000] {logging_mixin.py:188} INFO - Downloaded TSLA/1770141283.json -> /tmp/minio_downloads/1770141283.json
[2026-02-04T17:58:08.935+0000] {logging_mixin.py:188} INFO - Downloaded TSLA/1770141295.json -> /tmp/minio_downloads/1770141295.json
[2026-02-04T17:58:08.942+0000] {logging_mixin.py:188} INFO - Downloaded TSLA/1770141306.json -> /tmp/minio_downloads/1770141306.json
[2026-02-04T17:58:08.950+0000] {logging_mixin.py:188} INFO - Downloaded TSLA/1770141316.json -> /tmp/minio_downloads/1770141316.json
[2026-02-04T17:58:08.957+0000] {logging_mixin.py:188} INFO - Downloaded TSLA/1770141325.json -> /tmp/minio_downloads/1770141325.json
[2026-02-04T17:58:08.966+0000] {logging_mixin.py:188} INFO - Downloaded TSLA/1770141335.json -> /tmp/minio_downloads/1770141335.json
[2026-02-04T17:58:08.976+0000] {logging_mixin.py:188} INFO - Downloaded TSLA/1770141345.json -> /tmp/minio_downloads/1770141345.json
[2026-02-04T17:58:08.985+0000] {logging_mixin.py:188} INFO - Downloaded TSLA/1770141354.json -> /tmp/minio_downloads/1770141354.json
[2026-02-04T17:58:08.994+0000] {logging_mixin.py:188} INFO - Downloaded TSLA/1770141363.json -> /tmp/minio_downloads/1770141363.json
[2026-02-04T17:58:09.002+0000] {logging_mixin.py:188} INFO - Downloaded TSLA/1770141372.json -> /tmp/minio_downloads/1770141372.json
[2026-02-04T17:58:09.011+0000] {logging_mixin.py:188} INFO - Downloaded TSLA/1770141381.json -> /tmp/minio_downloads/1770141381.json
[2026-02-04T17:58:09.022+0000] {logging_mixin.py:188} INFO - Downloaded TSLA/1770141391.json -> /tmp/minio_downloads/1770141391.json
[2026-02-04T17:58:09.034+0000] {logging_mixin.py:188} INFO - Downloaded TSLA/1770141400.json -> /tmp/minio_downloads/1770141400.json
[2026-02-04T17:58:09.049+0000] {logging_mixin.py:188} INFO - Downloaded TSLA/1770141409.json -> /tmp/minio_downloads/1770141409.json
[2026-02-04T17:58:09.064+0000] {logging_mixin.py:188} INFO - Downloaded TSLA/1770141421.json -> /tmp/minio_downloads/1770141421.json
[2026-02-04T17:58:09.076+0000] {logging_mixin.py:188} INFO - Downloaded TSLA/1770141432.json -> /tmp/minio_downloads/1770141432.json
[2026-02-04T17:58:09.090+0000] {logging_mixin.py:188} INFO - Downloaded TSLA/1770141443.json -> /tmp/minio_downloads/1770141443.json
[2026-02-04T17:58:09.105+0000] {logging_mixin.py:188} INFO - Downloaded TSLA/1770141454.json -> /tmp/minio_downloads/1770141454.json
[2026-02-04T17:58:09.120+0000] {logging_mixin.py:188} INFO - Downloaded TSLA/1770141466.json -> /tmp/minio_downloads/1770141466.json
[2026-02-04T17:58:09.133+0000] {logging_mixin.py:188} INFO - Downloaded TSLA/1770141477.json -> /tmp/minio_downloads/1770141477.json
[2026-02-04T17:58:09.146+0000] {logging_mixin.py:188} INFO - Downloaded TSLA/1770141488.json -> /tmp/minio_downloads/1770141488.json
[2026-02-04T17:58:09.158+0000] {logging_mixin.py:188} INFO - Downloaded TSLA/1770141499.json -> /tmp/minio_downloads/1770141499.json
[2026-02-04T17:58:09.168+0000] {logging_mixin.py:188} INFO - Downloaded TSLA/1770141511.json -> /tmp/minio_downloads/1770141511.json
[2026-02-04T17:58:09.179+0000] {logging_mixin.py:188} INFO - Downloaded TSLA/1770141522.json -> /tmp/minio_downloads/1770141522.json
[2026-02-04T17:58:09.189+0000] {logging_mixin.py:188} INFO - Downloaded TSLA/1770141533.json -> /tmp/minio_downloads/1770141533.json
[2026-02-04T17:58:09.199+0000] {logging_mixin.py:188} INFO - Downloaded TSLA/1770141545.json -> /tmp/minio_downloads/1770141545.json
[2026-02-04T17:58:09.209+0000] {logging_mixin.py:188} INFO - Downloaded TSLA/1770141556.json -> /tmp/minio_downloads/1770141556.json
[2026-02-04T17:58:09.221+0000] {logging_mixin.py:188} INFO - Downloaded TSLA/1770141567.json -> /tmp/minio_downloads/1770141567.json
[2026-02-04T17:58:09.235+0000] {logging_mixin.py:188} INFO - Downloaded TSLA/1770141578.json -> /tmp/minio_downloads/1770141578.json
[2026-02-04T17:58:09.246+0000] {logging_mixin.py:188} INFO - Downloaded TSLA/1770141589.json -> /tmp/minio_downloads/1770141589.json
[2026-02-04T17:58:09.259+0000] {logging_mixin.py:188} INFO - Downloaded TSLA/1770141600.json -> /tmp/minio_downloads/1770141600.json
[2026-02-04T17:58:09.273+0000] {logging_mixin.py:188} INFO - Downloaded TSLA/1770141612.json -> /tmp/minio_downloads/1770141612.json
[2026-02-04T17:58:09.287+0000] {logging_mixin.py:188} INFO - Downloaded TSLA/1770141624.json -> /tmp/minio_downloads/1770141624.json
[2026-02-04T17:58:09.300+0000] {logging_mixin.py:188} INFO - Downloaded TSLA/1770141635.json -> /tmp/minio_downloads/1770141635.json
[2026-02-04T17:58:09.315+0000] {logging_mixin.py:188} INFO - Downloaded TSLA/1770141647.json -> /tmp/minio_downloads/1770141647.json
[2026-02-04T17:58:09.330+0000] {logging_mixin.py:188} INFO - Downloaded TSLA/1770141658.json -> /tmp/minio_downloads/1770141658.json
[2026-02-04T17:58:09.347+0000] {logging_mixin.py:188} INFO - Downloaded TSLA/1770141670.json -> /tmp/minio_downloads/1770141670.json
[2026-02-04T17:58:09.362+0000] {logging_mixin.py:188} INFO - Downloaded TSLA/1770141681.json -> /tmp/minio_downloads/1770141681.json
[2026-02-04T17:58:09.377+0000] {logging_mixin.py:188} INFO - Downloaded TSLA/1770141692.json -> /tmp/minio_downloads/1770141692.json
[2026-02-04T17:58:09.392+0000] {logging_mixin.py:188} INFO - Downloaded TSLA/1770141703.json -> /tmp/minio_downloads/1770141703.json
[2026-02-04T17:58:09.407+0000] {logging_mixin.py:188} INFO - Downloaded TSLA/1770141713.json -> /tmp/minio_downloads/1770141713.json
[2026-02-04T17:58:09.421+0000] {logging_mixin.py:188} INFO - Downloaded TSLA/1770141722.json -> /tmp/minio_downloads/1770141722.json
[2026-02-04T17:58:09.436+0000] {logging_mixin.py:188} INFO - Downloaded TSLA/1770141731.json -> /tmp/minio_downloads/1770141731.json
[2026-02-04T17:58:09.438+0000] {python.py:237} INFO - Done. Returned value was: ['/tmp/minio_downloads/1770141223.json', '/tmp/minio_downloads/1770141232.json', '/tmp/minio_downloads/1770141241.json', '/tmp/minio_downloads/1770141249.json', '/tmp/minio_downloads/1770141259.json', '/tmp/minio_downloads/1770141269.json', '/tmp/minio_downloads/1770141280.json', '/tmp/minio_downloads/1770141290.json', '/tmp/minio_downloads/1770141302.json', '/tmp/minio_downloads/1770141312.json', '/tmp/minio_downloads/1770141322.json', '/tmp/minio_downloads/1770141332.json', '/tmp/minio_downloads/1770141342.json', '/tmp/minio_downloads/1770141351.json', '/tmp/minio_downloads/1770141360.json', '/tmp/minio_downloads/1770141370.json', '/tmp/minio_downloads/1770141379.json', '/tmp/minio_downloads/1770141388.json', '/tmp/minio_downloads/1770141398.json', '/tmp/minio_downloads/1770141406.json', '/tmp/minio_downloads/1770141416.json', '/tmp/minio_downloads/1770141428.json', '/tmp/minio_downloads/1770141439.json', '/tmp/minio_downloads/1770141450.json', '/tmp/minio_downloads/1770141461.json', '/tmp/minio_downloads/1770141473.json', '/tmp/minio_downloads/1770141484.json', '/tmp/minio_downloads/1770141495.json', '/tmp/minio_downloads/1770141507.json', '/tmp/minio_downloads/1770141518.json', '/tmp/minio_downloads/1770141529.json', '/tmp/minio_downloads/1770141540.json', '/tmp/minio_downloads/1770141552.json', '/tmp/minio_downloads/1770141563.json', '/tmp/minio_downloads/1770141574.json', '/tmp/minio_downloads/1770141585.json', '/tmp/minio_downloads/1770141596.json', '/tmp/minio_downloads/1770141607.json', '/tmp/minio_downloads/1770141619.json', '/tmp/minio_downloads/1770141631.json', '/tmp/minio_downloads/1770141642.json', '/tmp/minio_downloads/1770141654.json', '/tmp/minio_downloads/1770141665.json', '/tmp/minio_downloads/1770141677.json', '/tmp/minio_downloads/1770141688.json', '/tmp/minio_downloads/1770141699.json', '/tmp/minio_downloads/1770141711.json', '/tmp/minio_downloads/1770141719.json', '/tmp/minio_downloads/1770141728.json', '/tmp/minio_downloads/1770141737.json', '/tmp/minio_downloads/1770141224.json', '/tmp/minio_downloads/1770141233.json', '/tmp/minio_downloads/1770141242.json', '/tmp/minio_downloads/1770141251.json', '/tmp/minio_downloads/1770141260.json', '/tmp/minio_downloads/1770141273.json', '/tmp/minio_downloads/1770141282.json', '/tmp/minio_downloads/1770141294.json', '/tmp/minio_downloads/1770141305.json', '/tmp/minio_downloads/1770141315.json', '/tmp/minio_downloads/1770141324.json', '/tmp/minio_downloads/1770141335.json', '/tmp/minio_downloads/1770141344.json', '/tmp/minio_downloads/1770141353.json', '/tmp/minio_downloads/1770141362.json', '/tmp/minio_downloads/1770141372.json', '/tmp/minio_downloads/1770141380.json', '/tmp/minio_downloads/1770141391.json', '/tmp/minio_downloads/1770141399.json', '/tmp/minio_downloads/1770141409.json', '/tmp/minio_downloads/1770141420.json', '/tmp/minio_downloads/1770141431.json', '/tmp/minio_downloads/1770141442.json', '/tmp/minio_downloads/1770141453.json', '/tmp/minio_downloads/1770141465.json', '/tmp/minio_downloads/1770141476.json', '/tmp/minio_downloads/1770141487.json', '/tmp/minio_downloads/1770141498.json', '/tmp/minio_downloads/1770141510.json', '/tmp/minio_downloads/1770141521.json', '/tmp/minio_downloads/1770141532.json', '/tmp/minio_downloads/1770141543.json', '/tmp/minio_downloads/1770141555.json', '/tmp/minio_downloads/1770141566.json', '/tmp/minio_downloads/1770141577.json', '/tmp/minio_downloads/1770141588.json', '/tmp/minio_downloads/1770141599.json', '/tmp/minio_downloads/1770141611.json', '/tmp/minio_downloads/1770141623.json', '/tmp/minio_downloads/1770141634.json', '/tmp/minio_downloads/1770141646.json', '/tmp/minio_downloads/1770141657.json', '/tmp/minio_downloads/1770141669.json', '/tmp/minio_downloads/1770141680.json', '/tmp/minio_downloads/1770141691.json', '/tmp/minio_downloads/1770141703.json', '/tmp/minio_downloads/1770141712.json', '/tmp/minio_downloads/1770141721.json', '/tmp/minio_downloads/1770141730.json', '/tmp/minio_downloads/1770141224.json', '/tmp/minio_downloads/1770141233.json', '/tmp/minio_downloads/1770141242.json', '/tmp/minio_downloads/1770141250.json', '/tmp/minio_downloads/1770141260.json', '/tmp/minio_downloads/1770141272.json', '/tmp/minio_downloads/1770141282.json', '/tmp/minio_downloads/1770141292.json', '/tmp/minio_downloads/1770141305.json', '/tmp/minio_downloads/1770141314.json', '/tmp/minio_downloads/1770141323.json', '/tmp/minio_downloads/1770141334.json', '/tmp/minio_downloads/1770141343.json', '/tmp/minio_downloads/1770141353.json', '/tmp/minio_downloads/1770141361.json', '/tmp/minio_downloads/1770141372.json', '/tmp/minio_downloads/1770141380.json', '/tmp/minio_downloads/1770141390.json', '/tmp/minio_downloads/1770141399.json', '/tmp/minio_downloads/1770141408.json', '/tmp/minio_downloads/1770141419.json', '/tmp/minio_downloads/1770141430.json', '/tmp/minio_downloads/1770141441.json', '/tmp/minio_downloads/1770141452.json', '/tmp/minio_downloads/1770141464.json', '/tmp/minio_downloads/1770141475.json', '/tmp/minio_downloads/1770141486.json', '/tmp/minio_downloads/1770141497.json', '/tmp/minio_downloads/1770141509.json', '/tmp/minio_downloads/1770141520.json', '/tmp/minio_downloads/1770141531.json', '/tmp/minio_downloads/1770141542.json', '/tmp/minio_downloads/1770141554.json', '/tmp/minio_downloads/1770141565.json', '/tmp/minio_downloads/1770141576.json', '/tmp/minio_downloads/1770141587.json', '/tmp/minio_downloads/1770141598.json', '/tmp/minio_downloads/1770141610.json', '/tmp/minio_downloads/1770141622.json', '/tmp/minio_downloads/1770141633.json', '/tmp/minio_downloads/1770141645.json', '/tmp/minio_downloads/1770141656.json', '/tmp/minio_downloads/1770141668.json', '/tmp/minio_downloads/1770141679.json', '/tmp/minio_downloads/1770141690.json', '/tmp/minio_downloads/1770141702.json', '/tmp/minio_downloads/1770141712.json', '/tmp/minio_downloads/1770141720.json', '/tmp/minio_downloads/1770141730.json', '/tmp/minio_downloads/1770141738.json', '/tmp/minio_downloads/1770141223.json', '/tmp/minio_downloads/1770141232.json', '/tmp/minio_downloads/1770141241.json', '/tmp/minio_downloads/1770141250.json', '/tmp/minio_downloads/1770141259.json', '/tmp/minio_downloads/1770141270.json', '/tmp/minio_downloads/1770141281.json', '/tmp/minio_downloads/1770141291.json', '/tmp/minio_downloads/1770141304.json', '/tmp/minio_downloads/1770141313.json', '/tmp/minio_downloads/1770141323.json', '/tmp/minio_downloads/1770141333.json', '/tmp/minio_downloads/1770141343.json', '/tmp/minio_downloads/1770141352.json', '/tmp/minio_downloads/1770141361.json', '/tmp/minio_downloads/1770141371.json', '/tmp/minio_downloads/1770141379.json', '/tmp/minio_downloads/1770141389.json', '/tmp/minio_downloads/1770141398.json', '/tmp/minio_downloads/1770141408.json', '/tmp/minio_downloads/1770141417.json', '/tmp/minio_downloads/1770141429.json', '/tmp/minio_downloads/1770141440.json', '/tmp/minio_downloads/1770141451.json', '/tmp/minio_downloads/1770141463.json', '/tmp/minio_downloads/1770141474.json', '/tmp/minio_downloads/1770141485.json', '/tmp/minio_downloads/1770141496.json', '/tmp/minio_downloads/1770141508.json', '/tmp/minio_downloads/1770141519.json', '/tmp/minio_downloads/1770141530.json', '/tmp/minio_downloads/1770141541.json', '/tmp/minio_downloads/1770141553.json', '/tmp/minio_downloads/1770141564.json', '/tmp/minio_downloads/1770141575.json', '/tmp/minio_downloads/1770141586.json', '/tmp/minio_downloads/1770141597.json', '/tmp/minio_downloads/1770141608.json', '/tmp/minio_downloads/1770141621.json', '/tmp/minio_downloads/1770141632.json', '/tmp/minio_downloads/1770141644.json', '/tmp/minio_downloads/1770141655.json', '/tmp/minio_downloads/1770141666.json', '/tmp/minio_downloads/1770141678.json', '/tmp/minio_downloads/1770141689.json', '/tmp/minio_downloads/1770141701.json', '/tmp/minio_downloads/1770141711.json', '/tmp/minio_downloads/1770141720.json', '/tmp/minio_downloads/1770141729.json', '/tmp/minio_downloads/1770141738.json', '/tmp/minio_downloads/1770141225.json', '/tmp/minio_downloads/1770141234.json', '/tmp/minio_downloads/1770141243.json', '/tmp/minio_downloads/1770141252.json', '/tmp/minio_downloads/1770141261.json', '/tmp/minio_downloads/1770141273.json', '/tmp/minio_downloads/1770141283.json', '/tmp/minio_downloads/1770141295.json', '/tmp/minio_downloads/1770141306.json', '/tmp/minio_downloads/1770141316.json', '/tmp/minio_downloads/1770141325.json', '/tmp/minio_downloads/1770141335.json', '/tmp/minio_downloads/1770141345.json', '/tmp/minio_downloads/1770141354.json', '/tmp/minio_downloads/1770141363.json', '/tmp/minio_downloads/1770141372.json', '/tmp/minio_downloads/1770141381.json', '/tmp/minio_downloads/1770141391.json', '/tmp/minio_downloads/1770141400.json', '/tmp/minio_downloads/1770141409.json', '/tmp/minio_downloads/1770141421.json', '/tmp/minio_downloads/1770141432.json', '/tmp/minio_downloads/1770141443.json', '/tmp/minio_downloads/1770141454.json', '/tmp/minio_downloads/1770141466.json', '/tmp/minio_downloads/1770141477.json', '/tmp/minio_downloads/1770141488.json', '/tmp/minio_downloads/1770141499.json', '/tmp/minio_downloads/1770141511.json', '/tmp/minio_downloads/1770141522.json', '/tmp/minio_downloads/1770141533.json', '/tmp/minio_downloads/1770141545.json', '/tmp/minio_downloads/1770141556.json', '/tmp/minio_downloads/1770141567.json', '/tmp/minio_downloads/1770141578.json', '/tmp/minio_downloads/1770141589.json', '/tmp/minio_downloads/1770141600.json', '/tmp/minio_downloads/1770141612.json', '/tmp/minio_downloads/1770141624.json', '/tmp/minio_downloads/1770141635.json', '/tmp/minio_downloads/1770141647.json', '/tmp/minio_downloads/1770141658.json', '/tmp/minio_downloads/1770141670.json', '/tmp/minio_downloads/1770141681.json', '/tmp/minio_downloads/1770141692.json', '/tmp/minio_downloads/1770141703.json', '/tmp/minio_downloads/1770141713.json', '/tmp/minio_downloads/1770141722.json', '/tmp/minio_downloads/1770141731.json']
[2026-02-04T17:58:09.442+0000] {taskinstance.py:441} INFO - ::group::Post task execution logs
[2026-02-04T17:58:09.486+0000] {taskinstance.py:1206} INFO - Marking task as SUCCESS. dag_id=minio_to_snowflake, task_id=download_minio, run_id=scheduled__2026-02-04T17:57:00+00:00, execution_date=20260204T175700, start_date=20260204T175805, end_date=20260204T175809
[2026-02-04T17:58:09.514+0000] {local_task_job_runner.py:243} INFO - Task exited with return code 0
[2026-02-04T17:58:09.541+0000] {taskinstance.py:3503} INFO - 1 downstream tasks scheduled from follow-on schedule check
[2026-02-04T17:58:09.544+0000] {local_task_job_runner.py:222} INFO - ::endgroup::
